// This file has been autogenerated.

var profile = require('../../../lib/util/profile');

exports.getMockedProfile = function () {
  var newProfile = new profile.Profile();

  newProfile.addSubscription(new profile.Subscription({
    id: '2c224e7e-3ef5-431d-a57b-e71f4662e3a6',
    name: 'Node CLI Test',
    user: {
      name: 'user@domain.example',
      type: 'user'
    },
    tenantId: '72f988bf-86f1-41af-91ab-2d7cd011db47',
    state: 'Enabled',
    registeredProviders: ['mobileservice'],
    _eventsCount: '1',
    isDefault: true
  }, newProfile.environments['AzureCloud']));

  return newProfile;
};

exports.setEnvironment = function() {
  process.env['AZURE_VM_TEST_LOCATION'] = 'eastus';
  process.env['SSHCERT'] = 'test/myCert.pem';
};

exports.scopes = [[function (nock) { 
var result = 
nock('http://management.azure.com:443')
  .get('/subscriptions/2c224e7e-3ef5-431d-a57b-e71f4662e3a6/resourceGroups/xplatTestGVMStart/providers/Microsoft.Compute/virtualMachines/xplatvmStSp?$expand=instanceView&api-version=2016-03-30')
  .reply(200, "{\r\n  \"properties\": {\r\n    \"vmId\": \"c761615f-2744-4dac-b784-8d5b7461e5ed\",\r\n    \"hardwareProfile\": {\r\n      \"vmSize\": \"Standard_DS1\"\r\n    },\r\n    \"storageProfile\": {\r\n      \"imageReference\": {\r\n        \"publisher\": \"canonical\",\r\n        \"offer\": \"UbuntuServer\",\r\n        \"sku\": \"15.10\",\r\n        \"version\": \"15.10.201602040\"\r\n      },\r\n      \"osDisk\": {\r\n        \"osType\": \"Linux\",\r\n        \"name\": \"cli9a778f4b45905063-os-1470946739211\",\r\n        \"createOption\": \"FromImage\",\r\n        \"vhd\": {\r\n          \"uri\": \"https://xplattstoragestsp3170.blob.core.windows.net/xplatteststoragecntstsp/cli9a778f4b45905063-os-1470946739211.vhd\"\r\n        },\r\n        \"caching\": \"ReadWrite\"\r\n      },\r\n      \"dataDisks\": []\r\n    },\r\n    \"osProfile\": {\r\n      \"computerName\": \"xplatvmStSp\",\r\n      \"adminUsername\": \"azureuser\",\r\n      \"linuxConfiguration\": {\r\n        \"disablePasswordAuthentication\": false,\r\n        \"ssh\": {\r\n          \"publicKeys\": [\r\n            {\r\n              \"path\": \"/home/azureuser/.ssh/authorized_keys\",\r\n              \"keyData\": \"MIID/zCCAuegAwIBAgIJAMUAa+XVLvAeMA0GCSqGSIb3DQEBBQUAMIGVMQswCQYD\\r\\nVQQGEwJJbjESMBAGA1UECAwJS2FybmF0YWthMRIwEAYDVQQHDAlCYW5nYWxvcmUx\\r\\nEDAOBgNVBAoMB2JyaWxsaW8xEjAQBgNVBAsMCW1pY3Jvc29mdDEQMA4GA1UEAwwH\\r\\nYnJpbGxpbzEmMCQGCSqGSIb3DQEJARYXc3JlZWthbnRoYnNAeWFob28uY28uaW4w\\r\\nHhcNMTUwMzA1MTE1MzEyWhcNMTYwMzA0MTE1MzEyWjCBlTELMAkGA1UEBhMCSW4x\\r\\nEjAQBgNVBAgMCUthcm5hdGFrYTESMBAGA1UEBwwJQmFuZ2Fsb3JlMRAwDgYDVQQK\\r\\nDAdicmlsbGlvMRIwEAYDVQQLDAltaWNyb3NvZnQxEDAOBgNVBAMMB2JyaWxsaW8x\\r\\nJjAkBgkqhkiG9w0BCQEWF3NyZWVrYW50aGJzQHlhaG9vLmNvLmluMIIBIjANBgkq\\r\\nhkiG9w0BAQEFAAOCAQ8AMIIBCgKCAQEAyUNKaOuT0NK+S8Ck81zy9xJ6hXfZvAC6\\r\\nlhbmf/6s/WVimJ/TX5NMhQJwC9k6ZIF92KfYrojHNvHDufSZ3EtKUVwRFCDjmgMT\\r\\nDL09WkGaZt7gROYFK0iZ4KrYGovUwlwum9fHB24OJiOV4bi0ek62/rHx9fjYZpvp\\r\\naIH2PV/hN8SCZ0x7HJMberD4gVoU/Kv42nNvwjLUW6IZfVx/Gv5OeFDtWHfSvUEF\\r\\ndadHKTPn3Ab20Iu6gZIbLO9Vuf38/IpaYGfnFCouHdzmiTiLieYNe3CUPcOJNSv7\\r\\n1G8KYpx3uNJRkJPab5OsRyJw75Gvzkr9OgaPss9tVD6Gt68u3WQtVQIDAQABo1Aw\\r\\nTjAdBgNVHQ4EFgQUogvhXB+xZ2JJPfLO6cVs4ForzscwHwYDVR0jBBgwFoAUogvh\\r\\nXB+xZ2JJPfLO6cVs4ForzscwDAYDVR0TBAUwAwEB/zANBgkqhkiG9w0BAQUFAAOC\\r\\nAQEAdDj7qUNJ45xlF5cjd+4x5NHvAD1VTjOKu+Xh/uzSSjXqB2F0aOMWA9lx0qaQ\\r\\noJgHkGxj3zz/W7ik/cVGL2O+vRIOKv/y0OPogEmS3Hw+P+O6OGE7x1G6YN0zLVoL\\r\\nu4BN/BEYmjttxM9I7qqL7C5cJoE+K3s/w1/pt/68ohJcr7F9Ohi7cso62xuGY1Rm\\r\\nksAh2EUDsU9JV/P+C9AMpLSrb03JJYzVj4w1RHbrmw2AjFyGXdQYkggyXisg+Ifr\\r\\n5gbNN7HigpHf7b2i3CQBUqp9m23frh5AhnLI2qp3UXgc52U5ieLdi/t6j0TTZqqY\\r\\nHhHqofKrj938HHlBNpC5/LVh3w==\\r\\n\"\r\n            }\r\n          ]\r\n        }\r\n      },\r\n      \"secrets\": []\r\n    },\r\n    \"networkProfile\": {\"networkInterfaces\":[{\"id\":\"/subscriptions/2c224e7e-3ef5-431d-a57b-e71f4662e3a6/resourceGroups/xplatTestGVMStart/providers/Microsoft.Network/networkInterfaces/xplattestnicStSp\"}]},\r\n    \"diagnosticsProfile\": {\r\n      \"bootDiagnostics\": {\r\n        \"enabled\": true,\r\n        \"storageUri\": \"https://xplattstoragestsp3170.blob.core.windows.net/\"\r\n      }\r\n    },\r\n    \"provisioningState\": \"Succeeded\",\r\n    \"instanceView\": {\r\n      \"vmAgent\": {\r\n        \"vmAgentVersion\": \"2.1.2\",\r\n        \"statuses\": [\r\n          {\r\n            \"code\": \"ProvisioningState/succeeded\",\r\n            \"level\": \"Info\",\r\n            \"displayStatus\": \"Ready\",\r\n            \"message\": \"Guest Agent is running\",\r\n            \"time\": \"2016-08-11T20:23:01+00:00\"\r\n          }\r\n        ],\r\n        \"extensionHandlers\": []\r\n      },\r\n      \"disks\": [\r\n        {\r\n          \"name\": \"cli9a778f4b45905063-os-1470946739211\",\r\n          \"statuses\": [\r\n            {\r\n              \"code\": \"ProvisioningState/succeeded\",\r\n              \"level\": \"Info\",\r\n              \"displayStatus\": \"Provisioning succeeded\",\r\n              \"time\": \"2016-08-11T20:20:55.9415945+00:00\"\r\n            }\r\n          ]\r\n        }\r\n      ],\r\n      \"bootDiagnostics\": {\r\n        \"consoleScreenshotBlobUri\": \"https://xplattstoragestsp3170.blob.core.windows.net/bootdiagnostics-xplatvmst-c761615f-2744-4dac-b784-8d5b7461e5ed/xplatvmStSp.c761615f-2744-4dac-b784-8d5b7461e5ed.screenshot.bmp\",\r\n        \"serialConsoleLogBlobUri\": \"https://xplattstoragestsp3170.blob.core.windows.net/bootdiagnostics-xplatvmst-c761615f-2744-4dac-b784-8d5b7461e5ed/xplatvmStSp.c761615f-2744-4dac-b784-8d5b7461e5ed.serialconsole.log\"\r\n      },\r\n      \"statuses\": [\r\n        {\r\n          \"code\": \"ProvisioningState/succeeded\",\r\n          \"level\": \"Info\",\r\n          \"displayStatus\": \"Provisioning succeeded\",\r\n          \"time\": \"2016-08-11T20:22:32.8165898+00:00\"\r\n        },\r\n        {\r\n          \"code\": \"PowerState/running\",\r\n          \"level\": \"Info\",\r\n          \"displayStatus\": \"VM running\"\r\n        }\r\n      ]\r\n    }\r\n  },\r\n  \"id\": \"/subscriptions/2c224e7e-3ef5-431d-a57b-e71f4662e3a6/resourceGroups/xplatTestGVMStart/providers/Microsoft.Compute/virtualMachines/xplatvmStSp\",\r\n  \"name\": \"xplatvmStSp\",\r\n  \"type\": \"Microsoft.Compute/virtualMachines\",\r\n  \"location\": \"eastus\",\r\n  \"tags\": {}\r\n}", { 'cache-control': 'no-cache',
  pragma: 'no-cache',
  'content-length': '4916',
  'content-type': 'application/json; charset=utf-8',
  expires: '-1',
  'strict-transport-security': 'max-age=31536000; includeSubDomains',
  'x-ms-served-by': 'f1952173-7412-4020-8c98-fffca6509750_131118073625769552',
  'x-ms-request-id': '228e5166-4cb9-4731-9935-70c729dc6632',
  server: 'Microsoft-HTTPAPI/2.0, Microsoft-HTTPAPI/2.0',
  'x-ms-ratelimit-remaining-subscription-reads': '14981',
  'x-ms-correlation-request-id': 'b3856948-031d-4353-b35f-6af407760295',
  'x-ms-routing-request-id': 'CANADAEAST:20160811T202304Z:b3856948-031d-4353-b35f-6af407760295',
  date: 'Thu, 11 Aug 2016 20:23:03 GMT',
  connection: 'close' });
 return result; },
function (nock) { 
var result = 
nock('https://management.azure.com:443')
  .get('/subscriptions/2c224e7e-3ef5-431d-a57b-e71f4662e3a6/resourceGroups/xplatTestGVMStart/providers/Microsoft.Compute/virtualMachines/xplatvmStSp?$expand=instanceView&api-version=2016-03-30')
  .reply(200, "{\r\n  \"properties\": {\r\n    \"vmId\": \"c761615f-2744-4dac-b784-8d5b7461e5ed\",\r\n    \"hardwareProfile\": {\r\n      \"vmSize\": \"Standard_DS1\"\r\n    },\r\n    \"storageProfile\": {\r\n      \"imageReference\": {\r\n        \"publisher\": \"canonical\",\r\n        \"offer\": \"UbuntuServer\",\r\n        \"sku\": \"15.10\",\r\n        \"version\": \"15.10.201602040\"\r\n      },\r\n      \"osDisk\": {\r\n        \"osType\": \"Linux\",\r\n        \"name\": \"cli9a778f4b45905063-os-1470946739211\",\r\n        \"createOption\": \"FromImage\",\r\n        \"vhd\": {\r\n          \"uri\": \"https://xplattstoragestsp3170.blob.core.windows.net/xplatteststoragecntstsp/cli9a778f4b45905063-os-1470946739211.vhd\"\r\n        },\r\n        \"caching\": \"ReadWrite\"\r\n      },\r\n      \"dataDisks\": []\r\n    },\r\n    \"osProfile\": {\r\n      \"computerName\": \"xplatvmStSp\",\r\n      \"adminUsername\": \"azureuser\",\r\n      \"linuxConfiguration\": {\r\n        \"disablePasswordAuthentication\": false,\r\n        \"ssh\": {\r\n          \"publicKeys\": [\r\n            {\r\n              \"path\": \"/home/azureuser/.ssh/authorized_keys\",\r\n              \"keyData\": \"MIID/zCCAuegAwIBAgIJAMUAa+XVLvAeMA0GCSqGSIb3DQEBBQUAMIGVMQswCQYD\\r\\nVQQGEwJJbjESMBAGA1UECAwJS2FybmF0YWthMRIwEAYDVQQHDAlCYW5nYWxvcmUx\\r\\nEDAOBgNVBAoMB2JyaWxsaW8xEjAQBgNVBAsMCW1pY3Jvc29mdDEQMA4GA1UEAwwH\\r\\nYnJpbGxpbzEmMCQGCSqGSIb3DQEJARYXc3JlZWthbnRoYnNAeWFob28uY28uaW4w\\r\\nHhcNMTUwMzA1MTE1MzEyWhcNMTYwMzA0MTE1MzEyWjCBlTELMAkGA1UEBhMCSW4x\\r\\nEjAQBgNVBAgMCUthcm5hdGFrYTESMBAGA1UEBwwJQmFuZ2Fsb3JlMRAwDgYDVQQK\\r\\nDAdicmlsbGlvMRIwEAYDVQQLDAltaWNyb3NvZnQxEDAOBgNVBAMMB2JyaWxsaW8x\\r\\nJjAkBgkqhkiG9w0BCQEWF3NyZWVrYW50aGJzQHlhaG9vLmNvLmluMIIBIjANBgkq\\r\\nhkiG9w0BAQEFAAOCAQ8AMIIBCgKCAQEAyUNKaOuT0NK+S8Ck81zy9xJ6hXfZvAC6\\r\\nlhbmf/6s/WVimJ/TX5NMhQJwC9k6ZIF92KfYrojHNvHDufSZ3EtKUVwRFCDjmgMT\\r\\nDL09WkGaZt7gROYFK0iZ4KrYGovUwlwum9fHB24OJiOV4bi0ek62/rHx9fjYZpvp\\r\\naIH2PV/hN8SCZ0x7HJMberD4gVoU/Kv42nNvwjLUW6IZfVx/Gv5OeFDtWHfSvUEF\\r\\ndadHKTPn3Ab20Iu6gZIbLO9Vuf38/IpaYGfnFCouHdzmiTiLieYNe3CUPcOJNSv7\\r\\n1G8KYpx3uNJRkJPab5OsRyJw75Gvzkr9OgaPss9tVD6Gt68u3WQtVQIDAQABo1Aw\\r\\nTjAdBgNVHQ4EFgQUogvhXB+xZ2JJPfLO6cVs4ForzscwHwYDVR0jBBgwFoAUogvh\\r\\nXB+xZ2JJPfLO6cVs4ForzscwDAYDVR0TBAUwAwEB/zANBgkqhkiG9w0BAQUFAAOC\\r\\nAQEAdDj7qUNJ45xlF5cjd+4x5NHvAD1VTjOKu+Xh/uzSSjXqB2F0aOMWA9lx0qaQ\\r\\noJgHkGxj3zz/W7ik/cVGL2O+vRIOKv/y0OPogEmS3Hw+P+O6OGE7x1G6YN0zLVoL\\r\\nu4BN/BEYmjttxM9I7qqL7C5cJoE+K3s/w1/pt/68ohJcr7F9Ohi7cso62xuGY1Rm\\r\\nksAh2EUDsU9JV/P+C9AMpLSrb03JJYzVj4w1RHbrmw2AjFyGXdQYkggyXisg+Ifr\\r\\n5gbNN7HigpHf7b2i3CQBUqp9m23frh5AhnLI2qp3UXgc52U5ieLdi/t6j0TTZqqY\\r\\nHhHqofKrj938HHlBNpC5/LVh3w==\\r\\n\"\r\n            }\r\n          ]\r\n        }\r\n      },\r\n      \"secrets\": []\r\n    },\r\n    \"networkProfile\": {\"networkInterfaces\":[{\"id\":\"/subscriptions/2c224e7e-3ef5-431d-a57b-e71f4662e3a6/resourceGroups/xplatTestGVMStart/providers/Microsoft.Network/networkInterfaces/xplattestnicStSp\"}]},\r\n    \"diagnosticsProfile\": {\r\n      \"bootDiagnostics\": {\r\n        \"enabled\": true,\r\n        \"storageUri\": \"https://xplattstoragestsp3170.blob.core.windows.net/\"\r\n      }\r\n    },\r\n    \"provisioningState\": \"Succeeded\",\r\n    \"instanceView\": {\r\n      \"vmAgent\": {\r\n        \"vmAgentVersion\": \"2.1.2\",\r\n        \"statuses\": [\r\n          {\r\n            \"code\": \"ProvisioningState/succeeded\",\r\n            \"level\": \"Info\",\r\n            \"displayStatus\": \"Ready\",\r\n            \"message\": \"Guest Agent is running\",\r\n            \"time\": \"2016-08-11T20:23:01+00:00\"\r\n          }\r\n        ],\r\n        \"extensionHandlers\": []\r\n      },\r\n      \"disks\": [\r\n        {\r\n          \"name\": \"cli9a778f4b45905063-os-1470946739211\",\r\n          \"statuses\": [\r\n            {\r\n              \"code\": \"ProvisioningState/succeeded\",\r\n              \"level\": \"Info\",\r\n              \"displayStatus\": \"Provisioning succeeded\",\r\n              \"time\": \"2016-08-11T20:20:55.9415945+00:00\"\r\n            }\r\n          ]\r\n        }\r\n      ],\r\n      \"bootDiagnostics\": {\r\n        \"consoleScreenshotBlobUri\": \"https://xplattstoragestsp3170.blob.core.windows.net/bootdiagnostics-xplatvmst-c761615f-2744-4dac-b784-8d5b7461e5ed/xplatvmStSp.c761615f-2744-4dac-b784-8d5b7461e5ed.screenshot.bmp\",\r\n        \"serialConsoleLogBlobUri\": \"https://xplattstoragestsp3170.blob.core.windows.net/bootdiagnostics-xplatvmst-c761615f-2744-4dac-b784-8d5b7461e5ed/xplatvmStSp.c761615f-2744-4dac-b784-8d5b7461e5ed.serialconsole.log\"\r\n      },\r\n      \"statuses\": [\r\n        {\r\n          \"code\": \"ProvisioningState/succeeded\",\r\n          \"level\": \"Info\",\r\n          \"displayStatus\": \"Provisioning succeeded\",\r\n          \"time\": \"2016-08-11T20:22:32.8165898+00:00\"\r\n        },\r\n        {\r\n          \"code\": \"PowerState/running\",\r\n          \"level\": \"Info\",\r\n          \"displayStatus\": \"VM running\"\r\n        }\r\n      ]\r\n    }\r\n  },\r\n  \"id\": \"/subscriptions/2c224e7e-3ef5-431d-a57b-e71f4662e3a6/resourceGroups/xplatTestGVMStart/providers/Microsoft.Compute/virtualMachines/xplatvmStSp\",\r\n  \"name\": \"xplatvmStSp\",\r\n  \"type\": \"Microsoft.Compute/virtualMachines\",\r\n  \"location\": \"eastus\",\r\n  \"tags\": {}\r\n}", { 'cache-control': 'no-cache',
  pragma: 'no-cache',
  'content-length': '4916',
  'content-type': 'application/json; charset=utf-8',
  expires: '-1',
  'strict-transport-security': 'max-age=31536000; includeSubDomains',
  'x-ms-served-by': 'f1952173-7412-4020-8c98-fffca6509750_131118073625769552',
  'x-ms-request-id': '228e5166-4cb9-4731-9935-70c729dc6632',
  server: 'Microsoft-HTTPAPI/2.0, Microsoft-HTTPAPI/2.0',
  'x-ms-ratelimit-remaining-subscription-reads': '14981',
  'x-ms-correlation-request-id': 'b3856948-031d-4353-b35f-6af407760295',
  'x-ms-routing-request-id': 'CANADAEAST:20160811T202304Z:b3856948-031d-4353-b35f-6af407760295',
  date: 'Thu, 11 Aug 2016 20:23:03 GMT',
  connection: 'close' });
 return result; },
function (nock) { 
var result = 
nock('http://management.azure.com:443')
  .post('/subscriptions/2c224e7e-3ef5-431d-a57b-e71f4662e3a6/resourceGroups/xplatTestGVMStart/providers/Microsoft.Storage/storageAccounts/xplattstoragestsp3170/listKeys?api-version=2016-01-01')
  .reply(200, "{\"keys\":[{\"keyName\":\"key1\",\"permissions\":\"Full\",\"value\":\"ToXCLCWIE0anyowzYzRunSAnWHsPClGUDHsDjQq8anP3/wMeJMCqtX9aqy9phS+1wRxE+8/vx3FpgOyftrME7g==\"},{\"keyName\":\"key2\",\"permissions\":\"Full\",\"value\":\"1S2iYCl+8h2i4JC/oHCcAamOUeTESkbtnbjxO90WP9izjS5dP0r6W4nvi5wYWbK1anB8ADhAeiRNVYj8NzxGEA==\"}]}\n", { 'cache-control': 'no-cache',
  pragma: 'no-cache',
  'content-length': '289',
  'content-type': 'application/json',
  expires: '-1',
  'x-ms-request-id': '3d7908d9-52a2-46eb-bf29-b47cb91dc507',
  server: 'Microsoft-Azure-Storage-Resource-Provider/1.0, Microsoft-HTTPAPI/2.0',
  'x-ms-ratelimit-remaining-subscription-writes': '1196',
  'x-ms-correlation-request-id': '3d7908d9-52a2-46eb-bf29-b47cb91dc507',
  'x-ms-routing-request-id': 'CANADAEAST:20160811T202305Z:3d7908d9-52a2-46eb-bf29-b47cb91dc507',
  'strict-transport-security': 'max-age=31536000; includeSubDomains',
  date: 'Thu, 11 Aug 2016 20:23:05 GMT',
  connection: 'close' });
 return result; },
function (nock) { 
var result = 
nock('https://management.azure.com:443')
  .post('/subscriptions/2c224e7e-3ef5-431d-a57b-e71f4662e3a6/resourceGroups/xplatTestGVMStart/providers/Microsoft.Storage/storageAccounts/xplattstoragestsp3170/listKeys?api-version=2016-01-01')
  .reply(200, "{\"keys\":[{\"keyName\":\"key1\",\"permissions\":\"Full\",\"value\":\"ToXCLCWIE0anyowzYzRunSAnWHsPClGUDHsDjQq8anP3/wMeJMCqtX9aqy9phS+1wRxE+8/vx3FpgOyftrME7g==\"},{\"keyName\":\"key2\",\"permissions\":\"Full\",\"value\":\"1S2iYCl+8h2i4JC/oHCcAamOUeTESkbtnbjxO90WP9izjS5dP0r6W4nvi5wYWbK1anB8ADhAeiRNVYj8NzxGEA==\"}]}\n", { 'cache-control': 'no-cache',
  pragma: 'no-cache',
  'content-length': '289',
  'content-type': 'application/json',
  expires: '-1',
  'x-ms-request-id': '3d7908d9-52a2-46eb-bf29-b47cb91dc507',
  server: 'Microsoft-Azure-Storage-Resource-Provider/1.0, Microsoft-HTTPAPI/2.0',
  'x-ms-ratelimit-remaining-subscription-writes': '1196',
  'x-ms-correlation-request-id': '3d7908d9-52a2-46eb-bf29-b47cb91dc507',
  'x-ms-routing-request-id': 'CANADAEAST:20160811T202305Z:3d7908d9-52a2-46eb-bf29-b47cb91dc507',
  'strict-transport-security': 'max-age=31536000; includeSubDomains',
  date: 'Thu, 11 Aug 2016 20:23:05 GMT',
  connection: 'close' });
 return result; },
function (nock) { 
var result = 
nock('http://xplattstoragestsp3170.blob.core.windows.net:443')
  .head('/bootdiagnostics-xplatvmst-c761615f-2744-4dac-b784-8d5b7461e5ed/xplatvmStSp.c761615f-2744-4dac-b784-8d5b7461e5ed.serialconsole.log')
  .reply(200, "", { 'content-length': '46080',
  'content-type': 'text/plain',
  'last-modified': 'Thu, 11 Aug 2016 20:22:20 GMT',
  'accept-ranges': 'bytes',
  etag: '"0x8D3C22532245A0F"',
  server: 'Windows-Azure-Blob/1.0 Microsoft-HTTPAPI/2.0',
  'x-ms-request-id': '4653fb8e-0001-0088-020e-f49ea6000000',
  'x-ms-version': '2015-04-05',
  'x-ms-write-protection': 'false',
  'x-ms-lease-status': 'unlocked',
  'x-ms-lease-state': 'available',
  'x-ms-blob-type': 'PageBlob',
  'x-ms-blob-sequence-number': '0',
  date: 'Thu, 11 Aug 2016 20:23:04 GMT',
  connection: 'close' });
 return result; },
function (nock) { 
var result = 
nock('https://xplattstoragestsp3170.blob.core.windows.net:443')
  .head('/bootdiagnostics-xplatvmst-c761615f-2744-4dac-b784-8d5b7461e5ed/xplatvmStSp.c761615f-2744-4dac-b784-8d5b7461e5ed.serialconsole.log')
  .reply(200, "", { 'content-length': '46080',
  'content-type': 'text/plain',
  'last-modified': 'Thu, 11 Aug 2016 20:22:20 GMT',
  'accept-ranges': 'bytes',
  etag: '"0x8D3C22532245A0F"',
  server: 'Windows-Azure-Blob/1.0 Microsoft-HTTPAPI/2.0',
  'x-ms-request-id': '4653fb8e-0001-0088-020e-f49ea6000000',
  'x-ms-version': '2015-04-05',
  'x-ms-write-protection': 'false',
  'x-ms-lease-status': 'unlocked',
  'x-ms-lease-state': 'available',
  'x-ms-blob-type': 'PageBlob',
  'x-ms-blob-sequence-number': '0',
  date: 'Thu, 11 Aug 2016 20:23:04 GMT',
  connection: 'close' });
 return result; },
function (nock) { 
var result = 
nock('http://xplattstoragestsp3170.blob.core.windows.net:443')
  .get('/bootdiagnostics-xplatvmst-c761615f-2744-4dac-b784-8d5b7461e5ed/xplatvmStSp.c761615f-2744-4dac-b784-8d5b7461e5ed.serialconsole.log')
  .reply(200, "\u001b[H\u001b[J\u001b[1;1H[    0.000000] Initializing cgroup subsys cpuset\r\n[    0.000000] Initializing cgroup subsys cpu\r\n[    0.000000] Initializing cgroup subsys cpuacct\r\n[    0.000000] Linux version 4.2.0-27-generic (buildd@lgw01-12) (gcc version 5.2.1 20151010 (Ubuntu 5.2.1-22ubuntu2) ) #32-Ubuntu SMP Fri Jan 22 04:49:08 UTC 2016 (Ubuntu 4.2.0-27.32-generic 4.2.8-ckt1)\r\n[    0.000000] Command line: BOOT_IMAGE=/boot/vmlinuz-4.2.0-27-generic root=UUID=00dbac90-0d84-46e7-b813-31837bb7b225 ro console=tty1 console=ttyS0 earlyprintk=ttyS0 rootdelay=300\r\n[    0.000000] KERNEL supported cpus:\r\n[    0.000000]   Intel GenuineIntel\r\n[    0.000000]   AMD AuthenticAMD\r\n[    0.000000]   Centaur CentaurHauls\r\n[    0.000000] x86/fpu: xstate_offset[2]: 0240, xstate_sizes[2]: 0100\r\n[    0.000000] x86/fpu: Supporting XSAVE feature 0x01: 'x87 floating point registers'\r\n[    0.000000] x86/fpu: Supporting XSAVE feature 0x02: 'SSE registers'\r\n[    0.000000] x86/fpu: Supporting XSAVE feature 0x04: 'AVX registers'\r\n[    0.000000] x86/fpu: Enabled xstate features 0x7, context size is 0x340 bytes, using 'standard' format.\r\n[    0.000000] x86/fpu: Using 'eager' FPU context switches.\r\n[    0.000000] e820: BIOS-provided physical RAM map:\r\n[    0.000000] BIOS-e820: [mem 0x0000000000000000-0x000000000009fbff] usable\r\n[    0.000000] BIOS-e820: [mem 0x000000000009fc00-0x000000000009ffff] reserved\r\n[    0.000000] BIOS-e820: [mem 0x00000000000e0000-0x00000000000fffff] reserved\r\n[    0.000000] BIOS-e820: [mem 0x0000000000100000-0x000000001ffeffff] usable\r\n[    0.000000] BIOS-e820: [mem 0x000000001fff0000-0x000000001fffefff] ACPI data\r\n[    0.000000] BIOS-e820: [mem 0x000000001ffff000-0x000000001fffffff] ACPI NVS\r\n[    0.000000] BIOS-e820: [mem 0x0000000100000000-0x00000001bfffffff] usable\r\n[    0.000000] bootconsole [earlyser0] enabled\r\n[    0.000000] NX (Execute Disable) protection: active\r\n[    0.000000] SMBIOS 2.3 present.\r\n[    0.000000] Hypervisor detected: Microsoft HyperV\r\n[    0.000000] HyperV: features 0xe7f, hints 0x2c\r\n[    0.000000] HyperV: LAPIC Timer Frequency: 0xc3500\r\n[    0.000000] clocksource: hyperv_clocksource: mask: 0xffffffffffffffff max_cycles: 0x24e6a1710, max_idle_ns: 440795202120 ns\r\n[    0.000000] tsc: Marking TSC unstable due to running on Hyper-V\r\n[    0.000000] e820: last_pfn = 0x1c0000 max_arch_pfn = 0x400000000\r\n[    0.000000] x86/PAT: Configuration [0-7]: WB  WC  UC- UC  WB  WC  UC- WT  \r\n[    0.000000] e820: last_pfn = 0x1fff0 max_arch_pfn = 0x400000000\r\n[    0.000000] found SMP MP-table at [mem 0x000ff780-0x000ff78f] mapped at [ffff8800000ff780]\r\n[    0.000000] Scanning 1 areas for low memory corruption\r\n[    0.000000] init_memory_mapping: [mem 0x00000000-0x000fffff]\r\n[    0.000000] init_memory_mapping: [mem 0x1bfe00000-0x1bfffffff]\r\n[    0.000000] init_memory_mapping: [mem 0x1a0000000-0x1bfdfffff]\r\n[    0.000000] init_memory_mapping: [mem 0x00100000-0x1ffeffff]\r\n[    0.000000] init_memory_mapping: [mem 0x100000000-0x19fffffff]\r\n[    0.000000] RAMDISK: [mem 0x1d9ee000-0x1f7b1fff]\r\n[    0.000000] ACPI: Early table checksum verification disabled\r\n[    0.000000] ACPI: RSDP 0x00000000000F56F0 000014 (v00 ACPIAM)\r\n[    0.000000] ACPI: RSDT 0x000000001FFF0000 000040 (v01 VRTUAL MICROSFT 05001223 MSFT 00000097)\r\n[    0.000000] ACPI: FACP 0x000000001FFF0200 000081 (v02 VRTUAL MICROSFT 05001223 MSFT 00000097)\r\n[    0.000000] ACPI: DSDT 0x000000001FFF1724 002E78 (v01 MSFTVM MSFTVM02 00000002 INTL 02002026)\r\n[    0.000000] ACPI: FACS 0x000000001FFFF000 000040\r\n[    0.000000] ACPI: WAET 0x000000001FFF1480 000028 (v01 VRTUAL MICROSFT 05001223 MSFT 00000097)\r\n[    0.000000] ACPI: SLIC 0x000000001FFF14C0 000176 (v01 VRTUAL MICROSFT 05001223 MSFT 00000097)\r\n[    0.000000] ACPI: OEM0 0x000000001FFF16C0 000064 (v01 VRTUAL MICROSFT 05001223 MSFT 00000097)\r\n[    0.000000] ACPI: SRAT 0x000000001FFF0600 000090 (v02 VRTUAL MICROSFT 00000001 MSFT 00000001)\r\n[    0.000000] ACPI: APIC 0x000000001FFF0300 00024C (v01 VRTUAL MICROSFT 05001223 MSFT 00000097)\r\n[    0.000000] ACPI: OEMB 0x000000001FFFF040 000064 (v01 VRTUAL MICROSFT 05001223 MSFT 00000097)\r\n[    0.000000] SRAT: PXM 0 -> APIC 0x00 -> Node 0\r\n[    0.000000] SRAT: Node 0 PXM 0 [mem 0x00000000-0x1fffffff]\r\n[    0.000000] SRAT: Node 0 PXM 0 [mem 0x100000000-0x1bfffffff]\r\n[    0.000000] NUMA: Node 0 [mem 0x00000000-0x1fffffff] + [mem 0x100000000-0x1bfffffff] -> [mem 0x00000000-0x1bfffffff]\r\n[    0.000000] NODE_DATA(0) allocated [mem 0x1bfffa000-0x1bfffefff]\r\n[    0.000000] Zone ranges:\r\n[    0.000000]   DMA      [mem 0x0000000000001000-0x0000000000ffffff]\r\n[    0.000000]   DMA32    [mem 0x0000000001000000-0x00000000ffffffff]\r\n[    0.000000]   Normal   [mem 0x0000000100000000-0x00000001bfffffff]\r\n[    0.000000] Movable zone start for each node\r\n[    0.000000] Early memory node ranges\r\n[    0.000000]   node   0: [mem 0x0000000000001000-0x000000000009efff]\r\n[    0.000000]   node   0: [mem 0x0000000000100000-0x000000001ffeffff]\r\n[    0.000000]   node   0: [mem 0x0000000100000000-0x00000001bfffffff]\r\n[    0.000000] Initmem setup node 0 [mem 0x0000000000001000-0x00000001bfffffff]\r\n[    0.000000] ACPI: PM-Timer IO Port: 0x408\r\n[    0.000000] IOAPIC[0]: apic_id 0, version 17, address 0xfec00000, GSI 0-23\r\n[    0.000000] ACPI: INT_SRC_OVR (bus 0 bus_irq 0 global_irq 2 dfl dfl)\r\n[    0.000000] ACPI: INT_SRC_OVR (bus 0 bus_irq 9 global_irq 9 high level)\r\n[    0.000000] Using ACPI (MADT) for SMP configuration information\r\n[    0.000000] smpboot: Allowing 64 CPUs, 63 hotplug CPUs\r\n[    0.000000] PM: Registered nosave memory: [mem 0x00000000-0x00000fff]\r\n[    0.000000] PM: Registered nosave memory: [mem 0x0009f000-0x0009ffff]\r\n[    0.000000] PM: Registered nosave memory: [mem 0x000a0000-0x000dffff]\r\n[    0.000000] PM: Registered nosave memory: [mem 0x000e0000-0x000fffff]\r\n[    0.000000] PM: Registered nosave memory: [mem 0x1fff0000-0x1fffefff]\r\n[    0.000000] PM: Registered nosave memory: [mem 0x1ffff000-0x1fffffff]\r\n[    0.000000] PM: Registered nosave memory: [mem 0x20000000-0xffffffff]\r\n[    0.000000] e820: [mem 0x20000000-0xffffffff] available for PCI devices\r\n[    0.000000] Booting paravirtualized kernel on bare hardware\r\n[    0.000000] clocksource: refined-jiffies: mask: 0xffffffff max_cycles: 0xffffffff, max_idle_ns: 7645519600211568 ns\r\n[    0.000000] setup_percpu: NR_CPUS:256 nr_cpumask_bits:256 nr_cpu_ids:64 nr_node_ids:1\r\n[    0.000000] PERCPU: Embedded 33 pages/cpu @ffff8801bae00000 s96728 r8192 d30248 u262144\r\n[    0.000000] Built 1 zonelists in Node order, mobility grouping on.  Total pages: 903033\r\n[    0.000000] Policy zone: Normal\r\n[    0.000000] Kernel command line: BOOT_IMAGE=/boot/vmlinuz-4.2.0-27-generic root=UUID=00dbac90-0d84-46e7-b813-31837bb7b225 ro console=tty1 console=ttyS0 earlyprintk=ttyS0 rootdelay=300\r\n[    0.000000] log_buf_len individual max cpu contribution: 4096 bytes\r\n[    0.000000] log_buf_len total cpu_extra contributions: 258048 bytes\r\n[    0.000000] log_buf_len min size: 262144 bytes\r\n[    0.000000] log_buf_len: 524288 bytes\r\n[    0.000000] early log buf free: 252360(96%)\r\n[    0.000000] PID hash table entries: 4096 (order: 3, 32768 bytes)\r\n[    0.000000] Memory: 3490024K/3669560K available (8154K kernel code, 1238K rwdata, 3804K rodata, 1460K init, 1292K bss, 179536K reserved, 0K cma-reserved)\r\n[    0.000000] SLUB: HWalign=64, Order=0-3, MinObjects=0, CPUs=64, Nodes=1\r\n[    0.000000] Hierarchical RCU implementation.\r\n[    0.000000] \tBuild-time adjustment of leaf fanout to 64.\r\n[    0.000000] \tRCU restricting CPUs from NR_CPUS=256 to nr_cpu_ids=64.\r\n[    0.000000] RCU: Adjusting geometry for rcu_fanout_leaf=64, nr_cpu_ids=64\r\n[    0.000000] NR_IRQS:16640 nr_irqs:936 16\r\n[    0.000000] \tOffload RCU callbacks from all CPUs\r\n[    0.000000] \tOffload RCU callbacks from CPUs: 0-63.\r\n[    0.000000] Console: colour VGA+ 80x25\r\n[    0.000000] console [tty1] enabled\r\n[    0.000000] console [ttyS0] enabled\r\n[    0.000000] console [ttyS0] enabled\r\n[    0.000000] bootconsole [earlyser0] disabled\r\n[    0.000000] bootconsole [earlyser0] disabled\r\n[    0.000000] tsc: Fast TSC calibration failed\r\n[    0.000000] tsc: Unable to calibrate against PIT\r\n[    0.000000] tsc: using PMTIMER reference calibration\r\n[    0.000000] tsc: Detected 2394.458 MHz processor\r\n[    0.020034] Calibrating delay loop (skipped), value calculated using timer frequency.. 4788.91 BogoMIPS (lpj=9577832)\r\n[    0.024016] pid_max: default: 65536 minimum: 512\r\n[    0.025975] ACPI: Core revision 20150619\r\n[    0.029866] ACPI: All ACPI Tables successfully acquired\r\n[    0.035241] Security Framework initialized\r\n[    0.036061] AppArmor: AppArmor initialized\r\n[    0.037938] Yama: becoming mindful.\r\n[    0.040361] Dentry cache hash table entries: 524288 (order: 10, 4194304 bytes)\r\n[    0.044920] Inode-cache hash table entries: 262144 (order: 9, 2097152 bytes)\r\n[    0.047398] Mount-cache hash table entries: 8192 (order: 4, 65536 bytes)\r\n[    0.048020] Mountpoint-cache hash table entries: 8192 (order: 4, 65536 bytes)\r\n[    0.052244] Initializing cgroup subsys blkio\r\n[    0.053977] Initializing cgroup subsys memory\r\n[    0.055761] Initializing cgroup subsys devices\r\n[    0.056019] Initializing cgroup subsys freezer\r\n[    0.057852] Initializing cgroup subsys net_cls\r\n[    0.060019] Initializing cgroup subsys perf_event\r\n[    0.061645] Initializing cgroup subsys net_prio\r\n[    0.064019] Initializing cgroup subsys hugetlb\r\n[    0.066818] mce: CPU supports 1 MCE banks\r\n[    0.068032] Last level iTLB entries: 4KB 1024, 2MB 1024, 4MB 1024\r\n[    0.069856] Last level dTLB entries: 4KB 1024, 2MB 1024, 4MB 1024, 1GB 4\r\n[    0.090265] ftrace: allocating 30933 entries in 121 pages\r\n[    0.104063] Switched APIC routing to physical flat.\r\n[    0.123911] ..TIMER: vector=0x30 apic1=0 pin1=2 apic2=-1 pin2=-1\r\n[    0.124105] smpboot: CPU0: Intel(R) Xeon(R) CPU E5-2673 v3 @ 2.40GHz (fam: 06, model: 3f, stepping: 02)\r\n[    0.140028] Performance Events: unsupported p6 CPU model 63 no PMU driver, software events only.\r\n[    0.153411] x86: Booted up 1 node, 1 CPUs\r\n[    0.156011] smpboot: Total of 1 processors activated (4788.91 BogoMIPS)\r\n[    0.160013] NMI watchdog: disabled (cpu0): hardware events not enabled\r\n[    0.164003] NMI watchdog: Shutting down hard lockup detector on all cpus\r\n[    0.173286] devtmpfs: initialized\r\n[    0.181322] evm: security.selinux\r\n[    0.184003] evm: security.SMACK64\r\n[    0.188003] evm: security.SMACK64EXEC\r\n[    0.192003] evm: security.SMACK64TRANSMUTE\r\n[    0.196003] evm: security.SMACK64MMAP\r\n[    0.200006] evm: security.ima\r\n[    0.204001] evm: security.capability\r\n[    0.208094] PM: Registering ACPI NVS region [mem 0x1ffff000-0x1fffffff] (4096 bytes)\r\n[    0.212109] clocksource: jiffies: mask: 0xffffffff max_cycles: 0xffffffff, max_idle_ns: 7645041785100000 ns\r\n[    0.216223] pinctrl core: initialized pinctrl subsystem\r\n[    0.220404] RTC time: 20:21:49, date: 08/11/16\r\n[    0.224192] NET: Registered protocol family 16\r\n[    0.232076] cpuidle: using governor ladder\r\n[    0.236011] cpuidle: using governor menu\r\n[    0.240185] ACPI: bus type PCI registered\r\n[    0.244004] acpiphp: ACPI Hot Plug PCI Controller Driver version: 0.5\r\n[    0.248377] PCI: Using configuration type 1 for base access\r\n[    0.257325] ACPI: Added _OSI(Module Device)\r\n[    0.260004] ACPI: Added _OSI(Processor Device)\r\n[    0.264004] ACPI: Added _OSI(3.0 _SCP Extensions)\r\n[    0.268003] ACPI: Added _OSI(Processor Aggregator Device)\r\n[    0.278117] ACPI: Interpreter enabled\r\n[    0.280009] ACPI Exception: AE_NOT_FOUND, While evaluating Sleep State [\\_S1_] (20150619/hwxface-580)\r\n[    0.292004] ACPI Exception: AE_NOT_FOUND, While evaluating Sleep State [\\_S2_] (20150619/hwxface-580)\r\n[    0.304003] ACPI Exception: AE_NOT_FOUND, While evaluating Sleep State [\\_S3_] (20150619/hwxface-580)\r\n[    0.316005] ACPI Exception: AE_NOT_FOUND, While evaluating Sleep State [\\_S4_] (20150619/hwxface-580)\r\n[    0.328012] ACPI: (supports S0 S5)\r\n[    0.332002] ACPI: Using IOAPIC for interrupt routing\r\n[    0.340028] PCI: Using host bridge windows from ACPI; if necessary, use \"pci=nocrs\" and report a bug\r\n[    0.356525] ACPI: PCI Root Bridge [PCI0] (domain 0000 [bus 00-ff])\r\n[    0.360010] acpi PNP0A03:00: _OSC: OS supports [ASPM ClockPM Segments MSI]\r\n[    0.364007] acpi PNP0A03:00: _OSC failed (AE_NOT_FOUND); disabling ASPM\r\n[    0.368470] acpi PNP0A03:00: fail to add MMCONFIG information, can't access extended PCI configuration space under this bridge.\r\n[    0.372149] PCI host bridge to bus 0000:00\r\n[    0.376004] pci_bus 0000:00: root bus resource [bus 00-ff]\r\n[    0.380004] pci_bus 0000:00: root bus resource [mem 0xfe0000000-0xfffefffff window]\r\n[    0.384009] pci_bus 0000:00: root bus resource [io  0x0000-0x0cf7 window]\r\n[    0.388005] pci_bus 0000:00: root bus resource [io  0x0d00-0xffff window]\r\n[    0.392005] pci_bus 0000:00: root bus resource [mem 0x000a0000-0x000bffff window]\r\n[    0.396008] pci_bus 0000:00: root bus resource [mem 0x20000000-0xfffbffff window]\r\n[    0.410055] pci 0000:00:07.1: legacy IDE quirk: reg 0x10: [io  0x01f0-0x01f7]\r\n[    0.412008] pci 0000:00:07.1: legacy IDE quirk: reg 0x14: [io  0x03f6]\r\n[    0.416004] pci 0000:00:07.1: legacy IDE quirk: reg 0x18: [io  0x0170-0x0177]\r\n[    0.420004] pci 0000:00:07.1: legacy IDE quirk: reg 0x1c: [io  0x0376]\r\n[    0.424456] * Found PM-Timer Bug on the chipset. Due to workarounds for a bug,\r\n[    0.424456] * this clock source is slow. Consider trying other clock sources\r\n[    0.433742] pci 0000:00:07.3: quirk: [io  0x0400-0x043f] claimed by PIIX4 ACPI\r\n[    0.448988] ACPI: PCI Interrupt Link [LNKA] (IRQs 3 4 5 7 9 10 *11 12 14 15)\r\n[    0.477640] ACPI: PCI Interrupt Link [LNKB] (IRQs 3 4 5 7 9 10 11 12 14 15) *0, disabled.\r\n[    0.504266] ACPI: PCI Interrupt Link [LNKC] (IRQs 3 4 5 7 9 10 11 12 14 15) *0, disabled.\r\n[    0.544216] ACPI: PCI Interrupt Link [LNKD] (IRQs 3 4 5 7 9 10 11 12 14 15) *0, disabled.\r\n[    0.584206] ACPI: Enabled 1 GPEs in block 00 to 0F\r\n[    0.588182] vgaarb: setting as boot device: PCI:0000:00:08.0\r\n[    0.592000] vgaarb: device added: PCI:0000:00:08.0,decodes=io+mem,owns=io+mem,locks=none\r\n[    0.592002] vgaarb: loaded\r\n[    0.596005] vgaarb: bridge control possible 0000:00:08.0\r\n[    0.600246] SCSI subsystem initialized\r\n[    0.604108] ACPI: bus type USB registered\r\n[    0.608030] usbcore: registered new interface driver usbfs\r\n[    0.612014] usbcore: registered new interface driver hub\r\n[    0.616042] usbcore: registered new device driver usb\r\n[    0.620217] PCI: Using ACPI for IRQ routing\r\n[    0.624517] NetLabel: Initializing\r\n[    0.628003] NetLabel:  domain hash size = 128\r\n[    0.632005] NetLabel:  protocols = UNLABELED CIPSOv4\r\n[    0.636015] NetLabel:  unlabeled traffic allowed by default\r\n[    0.640119] clocksource: Switched to clocksource hyperv_clocksource\r\n[    0.662431] AppArmor: AppArmor Filesystem Enabled\r\n[    0.675414] pnp: PnP ACPI init\r\n[    0.686000] system 00:06: [io  0x01e0-0x01ef] has been reserved\r\n[    0.701417] system 00:06: [io  0x0160-0x016f] has been reserved\r\n[    0.717075] system 00:06: [io  0x0278-0x027f] has been reserved\r\n[    0.732855] system 00:06: [io  0x0378-0x037f] has been reserved\r\n[    0.748281] system 00:06: [io  0x0678-0x067f] has been reserved\r\n[    0.763765] system 00:06: [io  0x0778-0x077f] has been reserved\r\n[    0.779531] system 00:06: [io  0x04d0-0x04d1] has been reserved\r\n[    0.795543] system 00:07: [io  0x0400-0x043f] has been reserved\r\n[    0.811194] system 00:07: [io  0x0370-0x0371] has been reserved\r\n[    0.826783] system 00:07: [io  0x0440-0x044f] has been reserved\r\n[    0.842562] system 00:07: [mem 0xfec00000-0xfec00fff] could not be reserved\r\n[    0.860456] system 00:07: [mem 0xfee00000-0xfee00fff] has been reserved\r\n[    0.877906] system 00:08: [mem 0x00000000-0x0009ffff] could not be reserved\r\n[    0.895568] system 00:08: [mem 0x000c0000-0x000dffff] could not be reserved\r\n[    0.912978] system 00:08: [mem 0x000e0000-0x000fffff] could not be reserved\r\n[    0.930524] system 00:08: [mem 0x00100000-0x1fffffff] could not be reserved\r\n[    0.948426] system 00:08: [mem 0xfffc0000-0xffffffff] has been reserved\r\n[    0.965671] pnp: PnP ACPI: found 9 devices\r\n[    0.982705] clocksource: acpi_pm: mask: 0xffffff max_cycles: 0xffffff, max_idle_ns: 2085701024 ns\r\n[    0.991548] NET: Registered protocol family 2\r\n[    0.996907] TCP established hash table entries: 32768 (order: 6, 262144 bytes)\r\n[    1.014458] TCP bind hash table entries: 32768 (order: 7, 524288 bytes)\r\n[    1.030139] TCP: Hash tables configured (established 32768 bind 32768)\r\n[    1.045920] UDP hash table entries: 2048 (order: 4, 65536 bytes)\r\n[    1.060373] UDP-Lite hash table entries: 2048 (order: 4, 65536 bytes)\r\n[    1.076048] NET: Registered protocol family 1\r\n[    1.087279] pci 0000:00:00.0: Limiting direct PCI/PCI transfers\r\n[    1.101972] Trying to unpack rootfs image as initramfs...\r\n[    1.682677] Freeing initrd memory: 30480K (ffff88001d9ee000 - ffff88001f7b2000)\r\n[    1.702829] PCI-DMA: Using software bounce buffering for IO (SWIOTLB)\r\n[    1.720637] software IO TLB [mem 0x199ee000-0x1d9ee000] (64MB) mapped at [ffff8800199ee000-ffff88001d9edfff]\r\n[    1.745153] clocksource: tsc: mask: 0xffffffffffffffff max_cycles: 0x2283c44026a, max_idle_ns: 440795260713 ns\r\n[    1.768308] RAPL PMU detected, API unit is 2^-32 Joules, 3 fixed counters 10737418240 ms ovfl timer\r\n[    1.789575] hw unit of domain pp0-core 2^-0 Joules\r\n[    1.801859] hw unit of domain package 2^-0 Joules\r\n[    1.813821] hw unit of domain dram 2^-16 Joules\r\n[    1.825419] microcode: CPU0 sig=0x306f2, pf=0x1, revision=0xffffffff\r\n[    1.840912] microcode: Microcode Update Driver: v2.00 <tigran@aivazian.fsnet.co.uk>, Peter Oruba\r\n[    1.862630] Scanning for low memory corruption every 60 seconds\r\n[    1.879029] futex hash table entries: 16384 (order: 8, 1048576 bytes)\r\n[    1.895585] Initialise system trusted keyring\r\n[    1.907318] audit: initializing netlink subsys (disabled)\r\n[    1.921593] audit: type=2000 audit(1470946910.920:1): initialized\r\n[    1.937170] HugeTLB registered 2 MB page size, pre-allocated 0 pages\r\n[    1.954828] zpool: loaded\r\n[    1.962476] zbud: loaded\r\n[    1.970526] VFS: Disk quotas dquot_6.6.0\r\n[    1.981161] VFS: Dquot-cache hash table entries: 512 (order 0, 4096 bytes)\r\n[    1.999201] fuse init (API version 7.23)\r\n[    2.010284] Key type big_key registered\r\n[    2.021071] Key type asymmetric registered\r\n[    2.032139] Asymmetric key parser 'x509' registered\r\n[    2.044907] Block layer SCSI generic (bsg) driver version 0.4 loaded (major 249)\r\n[    2.063429] io scheduler noop registered\r\n[    2.074278] io scheduler deadline registered (default)\r\n[    2.087469] io scheduler cfq registered\r\n[    2.098136] pci_hotplug: PCI Hot Plug PCI Core version: 0.5\r\n[    2.112818] pciehp: PCI Express Hot Plug Controller Driver version: 0.4\r\n[    2.129413] input: Power Button as /devices/LNXSYSTM:00/LNXPWRBN:00/input/input0\r\n[    2.148158] ACPI: Power Button [PWRF]\r\n[    2.158486] GHES: HEST is not enabled!\r\n[    2.168823] Serial: 8250/16550 driver, 32 ports, IRQ sharing enabled\r\n[    2.235383] 00:03: ttyS0 at I/O 0x3f8 (irq = 4, base_baud = 115200) is a 16550A\r\n[    2.314224] 00:04: ttyS1 at I/O 0x2f8 (irq = 3, base_baud = 115200) is a 16550A\r\n[    2.332695] Linux agpgart interface v0.103\r\n[    2.345882] brd: module loaded\r\n[    2.355803] loop: module loaded\r\n[    2.364926] ata_piix 0000:00:07.1: Hyper-V Virtual Machine detected, ATA device ignore set\r\n[    2.386977] scsi host0: ata_piix\r\n[    2.396027] scsi host1: ata_piix\r\n[    2.404873] ata1: PATA max UDMA/33 cmd 0x1f0 ctl 0x3f6 bmdma 0xffa0 irq 14\r\n[    2.421400] ata2: PATA max UDMA/33 cmd 0x170 ctl 0x376 bmdma 0xffa8 irq 15\r\n[    2.442539] libphy: Fixed MDIO Bus: probed\r\n[    2.454637] tun: Universal TUN/TAP device driver, 1.6\r\n[    2.467647] tun: (C) 1999-2004 Max Krasnyansky <maxk@qualcomm.com>\r\n[    2.483272] PPP generic driver version 2.4.2\r\n[    2.495091] ehci_hcd: USB 2.0 'Enhanced' Host Controller (EHCI) Driver\r\n[    2.511360] ehci-pci: EHCI PCI platform driver\r\n[    2.523253] ehci-platform: EHCI generic platform driver\r\n[    2.537190] ohci_hcd: USB 1.1 'Open' Host Controller (OHCI) Driver\r\n[    2.552783] ohci-pci: OHCI PCI platform driver\r\n[    2.564514] ohci-platform: OHCI generic platform driver\r\n[    2.578185] uhci_hcd: USB Universal Host Controller Interface driver\r\n[    2.593987] i8042: PNP: PS/2 Controller [PNP0303:PS2K,PNP0f03:PS2M] at 0x60,0x64 irq 1,12\r\n[    2.617484] ata2.00: ATAPI: Virtual CD, , max MWDMA2\r\n[    2.636158] serio: i8042 KBD port at 0x60,0x64 irq 1\r\n[    2.650150] ata2.00: configured for MWDMA2\r\n[    2.662585] serio: i8042 AUX port at 0x60,0x64 irq 12\r\n[    2.676582] scsi 1:0:0:0: CD-ROM            Msft     Virtual CD/ROM   1.0  PQ: 0 ANSI: 5\r\n[    2.696722] mousedev: PS/2 mouse device common for all mice\r\n[    2.713401] sr 1:0:0:0: [sr0] scsi3-mmc drive: 0x/0x tray\r\n[    2.727364] cdrom: Uniform CD-ROM driver Revision: 3.20\r\n[    2.741132] rtc_cmos 00:00: RTC can wake from S4\r\n[    2.774166] input: AT Translated Set 2 keyboard as /devices/platform/i8042/serio0/input/input1\r\n[    2.784241] sr 1:0:0:0: Attached scsi generic sg0 type 5\r\n[    2.790630] rtc_cmos 00:00: rtc core: registered rtc_cmos as rtc0\r\n[    2.796949] rtc_cmos 00:00: alarms up to one month, 114 bytes nvram\r\n[    2.810761] i2c /dev entries driver\r\n[    2.819257] device-mapper: uevent: version 1.0.3\r\n[    2.829918] device-mapper: ioctl: 4.33.0-ioctl (2015-8-18) initialised: dm-devel@redhat.com\r\n[    2.847891] ledtrig-cpu: registered to indicate activity on CPUs\r\n[    2.862447] PCCT header not found.\r\n[    2.871880] NET: Registered protocol family 10\r\n[    2.883786] NET: Registered protocol family 17\r\n[    2.895854] Key type dns_resolver registered\r\n[    2.907196] Loading compiled-in X.509 certificates\r\n[    2.920167] Loaded X.509 cert 'Build time autogenerated kernel key: 9421ce78f7dd6932d7a71d3bab89bb036afa29eb'\r\n[    2.944525] registered taskstats version 1\r\n[    2.971085] zswap: loading zswap\r\n[    2.979633] zswap: using zbud pool\r\n[    2.988741] zswap: using lzo compressor\r\n[    3.000404] Key type trusted registered\r\n[    3.013734] Key type encrypted registered\r\n[    3.024283] AppArmor: AppArmor sha1 policy hashing enabled\r\n[    3.038532] ima: No TPM chip found, activating TPM-bypass!\r\n[    3.053063] evm: HMAC attrs: 0x1\r\n[    3.062262]   Magic number: 12:782:396\r\n[    3.072833] ata_piix 0000:00:07.1: hash matches\r\n[    3.085737] rtc_cmos 00:00: setting system clock to 2016-08-11 20:21:53 UTC (1470946913)\r\n[    3.106087] BIOS EDD facility v0.16 2004-Jun-25, 0 devices found\r\n[    3.121320] EDD information not available.\r\n[    3.137862] Freeing unused kernel memory: 1460K (ffffffff81d37000 - ffffffff81ea4000)\r\n[    3.156747] Write protecting the kernel read-only data: 12288k\r\n[    3.172134] Freeing unused kernel memory: 24K (ffff8800017fa000 - ffff880001800000)\r\n[    3.191277] Freeing unused kernel memory: 292K (ffff880001bb7000 - ffff880001c00000)\r\nLoading, please wait...\r\nstarting version 225\r\n[    3.230275] random: udevadm urandom read with 4 bits of entropy available\r\n[    3.295949] clocksource: hyperv_clocksource_tsc_page: mask: 0xffffffffffffffff max_cycles: 0x24e6a1710, max_idle_ns: 440795202120 ns\r\n[    3.339628] Floppy drive(s): fd0 is 1.44M\r\n[    3.416667] AVX2 version of gcm_enc/dec engaged.\r\n[    3.422103] AES CTR mode by8 optimization enabled\r\n[    3.433467] FDC 0 is an 82078.\r\n[    3.487094] clocksource: Switched to clocksource hyperv_clocksource_tsc_page\r\n[    3.502275] hv_vmbus: Hyper-V Host Build:9600-6.3-18-0.18190; Vmbus version:3.0\r\n[    3.518295] hv_utils: Registering HyperV Utility Driver\r\n[    3.530377] hv_vmbus: registering driver hv_util\r\n[    3.543283] hv_vmbus: registering driver hv_storvsc\r\n[    3.566957] hv_vmbus: registering driver hv_netvsc\r\n[    3.584364] hidraw: raw HID events driver (C) Jiri Kosina\r\n[    3.602405] hv_vmbus: registering driver hid_hyperv\r\n[    3.620987] scsi host2: storvsc_host_t\r\n[    3.631825] scsi 2:0:0:0: Direct-Access     Msft     Virtual Disk     1.0  PQ: 0 ANSI: 4\r\n[    3.652241] sd 2:0:0:0: Attached scsi generic sg1 type 0\r\n[    3.665973] sd 2:0:0:0: [sda] 61440000 512-byte logical blocks: (31.4 GB/29.2 GiB)\r\n[    3.684689] sd 2:0:0:0: [sda] 4096-byte physical blocks\r\n[    3.698848] sd 2:0:0:0: [sda] Write Protect is off\r\n[    3.711576] sd 2:0:0:0: [sda] Write cache: enabled, read cache: enabled, supports DPO and FUA\r\n[    3.733342] hv_netvsc: hv_netvsc channel opened successfully\r\n[    3.749329]  sda: sda1\r\n[    3.760963] sd 2:0:0:0: [sda] Attached SCSI disk\r\n[    3.800046] psmouse serio1: trackpoint: failed to get extended button data\r\n[    3.929646] hv_netvsc vmbus_14: Send section size: 6144, Section count:2560\r\n[    3.947675] hv_netvsc vmbus_14: Device MAC 00:0d:3a:10:0e:7e link state up\r\n[    3.965854] input: Microsoft Vmbus HID-compliant Mouse as /devices/0006:045E:0621.0001/input/input4\r\n[    3.989691] hid 0006:045E:0621.0001: input: <UNKNOWN> HID v0.01 Mouse [Microsoft Vmbus HID-compliant Mouse] on \r\n[    4.024802] scsi host3: storvsc_host_t\r\n[    4.034932] scsi 3:0:1:0: Direct-Access     Msft     Virtual Disk     1.0  PQ: 0 ANSI: 4\r\n[    4.055112] sd 3:0:1:0: Attached scsi generic sg2 type 0\r\n[    4.060352] sd 3:0:1:0: [sdb] 14680064 512-byte logical blocks: (7.51 GB/7.00 GiB)\r\n[    4.067449] sd 3:0:1:0: [sdb] 4096-byte physical blocks\r\n[    4.073297] sd 3:0:1:0: [sdb] Write Protect is off\r\n[    4.082534] sd 3:0:1:0: [sdb] Write cache: enabled, read cache: enabled, supports DPO and FUA\r\n[    4.104220]  sdb: sdb1\r\n[    4.111763] sd 3:0:1:0: [sdb] Attached SCSI disk\r\n[    4.123675] scsi host4: storvsc_host_t\r\n[    4.134538] scsi 4:0:0:0: scsi scan: INQUIRY result too short (5), using 36\r\n[    4.151477] scsi 4:0:0:1: scsi scan: INQUIRY result too short (5), using 36\r\n[    4.168118] scsi 4:0:1:0: scsi scan: INQUIRY result too short (5), using 36\r\n[    4.185123] scsi 4:0:1:1: scsi scan: INQUIRY result too short (5), using 36\r\n[    4.202264] scsi 4:1:0:0: scsi scan: INQUIRY result too short (5), using 36\r\n[    4.219419] scsi host5: storvsc_host_t\r\n[    4.230089] scsi 4:1:0:1: scsi scan: INQUIRY result too short (5), using 36\r\n[    4.248238] scsi 5:0:0:0: scsi scan: INQUIRY result too short (5), using 36\r\n[    4.266250] scsi 4:1:1:0: scsi scan: INQUIRY result too short (5), using 36\r\n[    4.284109] scsi 5:0:0:1: scsi scan: INQUIRY result too short (5), using 36\r\n[    4.301536] scsi 4:1:1:1: scsi scan: INQUIRY result too short (5), using 36\r\n[    4.319335] scsi 5:0:1:0: scsi scan: INQUIRY result too short (5), using 36\r\n[    4.337082] scsi 4:2:0:0: scsi scan: INQUIRY result too short (5), using 36\r\n[    4.354161] scsi 5:0:1:1: scsi scan: INQUIRY result too short (5), using 36\r\n[    4.371902] scsi 4:2:0:1: scsi scan: INQUIRY result too short (5), using 36\r\n[    4.389475] scsi 5:1:0:0: scsi scan: INQUIRY result too short (5), using 36\r\n[    4.406835] scsi 4:2:1:0: scsi scan: INQUIRY result too short (5), using 36\r\n[    4.424846] scsi 5:1:0:1: scsi scan: INQUIRY result too short (5), using 36\r\n[    4.445119] scsi 4:2:1:1: scsi scan: INQUIRY result too short (5), using 36\r\n[    4.463210] scsi 5:1:1:0: scsi scan: INQUIRY result too short (5), using 36\r\n[    4.480600] scsi 4:3:0:0: scsi scan: INQUIRY result too short (5), using 36\r\n[    4.498565] scsi 5:1:1:1: scsi scan: INQUIRY result too short (5), using 36\r\n[    4.515958] scsi 4:3:0:1: scsi scan: INQUIRY result too short (5), using 36\r\n[    4.533303] scsi 5:2:0:0: scsi scan: INQUIRY result too short (5), using 36\r\n[    4.550886] scsi 4:3:1:0: scsi scan: INQUIRY result too short (5), using 36\r\n[    4.568608] scsi 5:2:0:1: scsi scan: INQUIRY result too short (5), using 36\r\n[    4.585987] scsi 4:3:1:1: scsi scan: INQUIRY result too short (5), using 36\r\n[    4.602845] scsi 5:2:1:0: scsi scan: INQUIRY result too short (5), using 36\r\n[    4.619742] scsi 4:4:0:0: scsi scan: INQUIRY result too short (5), using 36\r\n[    4.636434] scsi 5:2:1:1: scsi scan: INQUIRY result too short (5), using 36\r\n[    4.653627] scsi 4:4:0:1: scsi scan: INQUIRY result too short (5), using 36\r\n[    4.670480] scsi 5:3:0:0: scsi scan: INQUIRY result too short (5), using 36\r\n[    4.687288] scsi 4:4:1:0: scsi scan: INQUIRY result too short (5), using 36\r\n[    4.704042] scsi 5:3:0:1: scsi scan: INQUIRY result too short (5), using 36\r\n[    4.722275] scsi 4:4:1:1: scsi scan: INQUIRY result too short (5), using 36\r\n[    4.739412] scsi 5:3:1:0: scsi scan: INQUIRY result too short (5), using 36\r\n[    4.747875] scsi 5:3:1:1: scsi scan: INQUIRY result too short (5), using 36\r\n[    4.754482] scsi 4:5:0:0: scsi scan: INQUIRY result too short (5), using 36\r\n[    4.765424] scsi 5:4:0:0: scsi scan: INQUIRY result too short (5), using 36\r\n[    4.783313] scsi 4:5:0:1: scsi scan: INQUIRY result too short (5), using 36\r\n[    4.801746] scsi 5:4:0:1: scsi scan: INQUIRY result too short (5), using 36\r\n[    4.819473] scsi 4:5:1:0: scsi scan: INQUIRY result too short (5), using 36\r\n[    4.836940] scsi 5:4:1:0: scsi scan: INQUIRY result too short (5), using 36\r\n[    4.854508] scsi 4:5:1:1: scsi scan: INQUIRY result too short (5), using 36\r\n[    4.871987] scsi 5:4:1:1: scsi scan: INQUIRY result too short (5), using 36\r\n[    4.890035] scsi 4:6:0:0: scsi scan: INQUIRY result too short (5), using 36\r\n[    4.907645] scsi 5:5:0:0: scsi scan: INQUIRY result too short (5), using 36\r\n[    4.924846] scsi 4:6:0:1: scsi scan: INQUIRY result too short (5), using 36\r\n[    4.943098] scsi 5:5:0:1: scsi scan: INQUIRY result too short (5), using 36\r\n[    4.961005] scsi 4:6:1:0: scsi scan: INQUIRY result too short (5), using 36\r\n[    4.978891] scsi 5:5:1:0: scsi scan: INQUIRY result too short (5), using 36\r\n[    4.996239] scsi 4:6:1:1: scsi scan: INQUIRY result too short (5), using 36\r\n[    5.013269] scsi 5:5:1:1: scsi scan: INQUIRY result too short (5), using 36\r\n[    5.030856] scsi 4:7:0:0: scsi scan: INQUIRY result too short (5), using 36\r\n[    5.048584] scsi 5:6:0:0: scsi scan: INQUIRY result too short (5), using 36\r\n[    5.066387] scsi 4:7:0:1: scsi scan: INQUIRY result too short (5), using 36\r\n[    5.084236] scsi 5:6:0:1: scsi scan: INQUIRY result too short (5), using 36\r\n[    5.102495] scsi 4:7:1:0: scsi scan: INQUIRY result too short (5), using 36\r\n[    5.120310] scsi 5:6:1:0: scsi scan: INQUIRY result too short (5), using 36\r\n[    5.138774] scsi 4:7:1:1: scsi scan: INQUIRY result too short (5), using 36\r\n[    5.156639] scsi 5:6:1:1: scsi scan: INQUIRY result too short (5), using 36\r\n[    5.174770] scsi 5:7:0:0: scsi scan: INQUIRY result too short (5), using 36\r\n[    5.192653] scsi 5:7:0:1: scsi scan: INQUIRY result too short (5), using 36\r\n[    5.210229] scsi 5:7:1:0: scsi scan: INQUIRY result too short (5), using 36\r\n[    5.228191] scsi 5:7:1:1: scsi scan: INQUIRY result too short (5), using 36\r\nBegin: Loading essential drivers ... done.\r\r\nBegin: Running /scripts/init-premount ... done.\r\r\nBegin: Mounting root file system ... Begin: Running /scripts/local-top ... done.\r\r\nBegin: Running /scripts/local-premount ... done.\r\r\nBegin: Checking root file system ... fsck from util-linux 2.26.2\r\r\ncloudimg-rootfs: clean, 73595/244736 files, 351302/524032 blocks\r\r\ndone.\r\r\n[    7.215807] EXT4-fs (sda1): mounted filesystem with ordered data mode. Opts: (null)\r\ndone.\r\r\nBegin: Running /scripts/local-bottom ... done.\r\r\nBegin: Running /scripts/init-bottom ... Warning: overlayroot: debug is busted\r\r\ndone.\r\r\n[    7.832189] random: nonblocking pool is initialized\r\n[    8.668056] psmouse serio1: trackpoint: IBM TrackPoint firmware: 0x01, buttons: 0/0\r\n[    8.675226] input: TPPS/2 IBM TrackPoint as /devices/platform/i8042/serio1/input/input3\r\n[    9.869310] systemd[1]: Failed to insert module 'kdbus': Function not implemented\r\n[   10.218582] systemd[1]: systemd 225 running in system mode. (+PAM +AUDIT +SELINUX +IMA +APPARMOR +SMACK +SYSVINIT +UTMP +LIBCRYPTSETUP +GCRYPT +GNUTLS +ACL +XZ -LZ4 +SECCOMP +BLKID -ELFUTILS +KMOD -IDN)\r\n[   10.259407] systemd[1]: Detected virtualization microsoft.\r\n[   10.271941] systemd[1]: Detected architecture x86-64.\r\n\r\r\nWelcome to \u001b[1mUbuntu 15.10\u001b[0m!\r\r\n\r\r\n[   10.413481] systemd[1]: Set hostname to <ubuntu>.\r\n[   10.424766] systemd[1]: Initializing machine ID from random generator.\r\n[   10.439673] systemd[1]: Installed transient /etc/machine-id file.\r\netc-machine\\x2did.mount\r\r\n-.mount[   11.275336] systemd[1]: sshd-keygen.service: Cannot add dependency job, ignoring: Unit sshd-keygen.service failed to load: No such file or directory.\r\n\r\r\n[   11.288558] systemd[1]: sshd-keygen.service: Cannot add dependency job, ignoring: Unit sshd-keygen.service failed to load: No such file or directory.\r\n[   11.301685] systemd[1]: display-manager.service: Cannot add dependency job, ignoring: Unit display-manager.service failed to load: No such file or directory.\r\n[   11.337307] systemd[1]: Reached target Swap.\r\n[\u001b[32m  OK  \u001b[0m[   11.352624] systemd[1]: Set up automount Arbitrary Executable File Formats File System Automount Point.\r\n] Reached target Swap.\r\r\n[\u001b[32m  OK  \u001b[0m[   11.385116] systemd[1]: Reached target Encrypted Volumes.\r\n] Set up automount Arbitrary Executab...ats File System Automount Point.\r\r\n[[   11.412049] systemd[1]: Reached target Remote File Systems (Pre).\r\n\u001b[32m  OK  \u001b[0m] Reached target Encrypted Volumes.\r\r\n[[   11.437764] systemd[1]: Created slice Root Slice.\r\n\u001b[32m  OK  \u001b[0m] Reached target Remote File Systems (Pre).\r\r\n[   11.462099] systemd[1]: Listening on udev Control Socket.\r\n[\u001b[32m  OK  \u001b[0m] Created slice Root Slice.\r\r\n[\u001b[32m  OK  \u001b[0m[   11.489331] systemd[1]: Listening on udev Kernel Socket.\r\n] Listening on udev Control Socket.\r\r\n[\u001b[32m  OK  \u001b[0m[   11.515214] systemd[1]: Created slice User and Session Slice.\r\n] Listening on udev Kernel Socket.\r\r\n[\u001b[32m  OK  \u001b[0m[   11.541005] systemd[1]: Listening on Journal Socket (/dev/log).\r\n] Created slice User and Session Slice.\r\r\n[\u001b[32m  OK  \u001b[0m[   11.568137] systemd[1]: Created slice System Slice.\r\n] Listening on Journal Socket (/dev/log).\r\r\n[\u001b[32m  OK  \u001b[0m[   11.593800] systemd[1]: Created slice system-getty.slice.\r\n] Created slice System Slice.\r\r\n[\u001b[32m  OK  \u001b[0m[   11.620801] systemd[1]: Reached target Slices.\r\n] Created slice system-getty.slice.\r\r\n[   11.640427] systemd[1]: Listening on Journal Audit Socket.\r\n[\u001b[32m  OK  \u001b[0m] Reached target Slices.\r\r\n[\u001b[32m  OK  \u001b[0m[   11.669742] systemd[1]: Starting Increase datagram queue length...\r\n] Listening on Journal Audit Socket.\r\r\n         Starting Increase datagram queue length...[   11.703792] systemd[1]: Listening on /dev/initctl Compatibility Named Pipe.\r\n\r\r\n[\u001b[32m  OK  \u001b[0m[   11.728595] systemd[1]: Listening on Journal Socket.\r\n] Listening on /dev/initctl Compatibility Named Pipe.\r\r\n[\u001b[32m  OK  \u001b[0m] Listening on Journal Socket.\r[   11.760290] systemd[1]: Mounting Huge Pages File System...\r\n\r\n         Mounting Huge Pages File System...[   11.780710] systemd[1]: Mounting Debug File System...\r\n\r\r\n         Mounting Debug File System...\r\r\n[   11.820980] systemd[1]: Starting Load Kernel Modules...\r\n         Starting Load Kernel Modules...[   11.845057] systemd[1]: Starting Uncomplicated firewall...\r\n\r\r\n        
[   11.866842] systemd[1]: Starting udev Coldplug all Devices...\r\nStarting Uncomplicated firewall...\r\r\n         Starting udev Coldplug all Devices...[   11.900938] systemd[1]: Starting Setup Virtual Console...\r\n\r\r\n         Starting Setup Virtual Console...[   11.912645] systemd[1]: Starting Remount Root and Kernel File Systems...\r\n\r\r\n         Starting Remount Root and Kernel File Systems...[   11.933488] systemd[1]: Started Forward Password Requests to Wall Directory Watch.\r\n[   11.953361] EXT4-fs (sda1): re-mounted. Opts: discard\r\n\r\r\n[\u001b[32m  OK  \u001b[0m[   11.974145] systemd[1]: Created slice system-serial\\x2dgetty.slice.\r\n] Started Forward Password Requests to Wall Directory Watch.\r\r\n[\u001b[32m  OK  \u001b[0m[   12.008246] systemd[1]: Mounting POSIX Message Queue File System...\r\n] Created slice system-serial\\x2dgetty.slice.\r\r\n        
[   12.045806] systemd[1]: Starting Create list of required static device nodes for the current kernel...\r\nMounting POSIX Message Queue File System...\r\r\n         Starting Create list of required st... nodes for the current kernel...[   12.090674] systemd[1]: Reached target User and Group Name Lookups.\r\n\r\r\n[\u001b[32m  OK  \u001b[0m[   12.114836] systemd[1]: Mounted Debug File System.\r\n] Reached target User and Group Name Lookups.\r\r\n[\u001b[32m  OK  \u001b[0m[   12.139663] systemd[1]: Mounted POSIX Message Queue File System.\r\n] Mounted Debug File System.\r\r\nsys-kernel-debug.mount[   12.163876] systemd[1]: Mounted Huge Pages File System.\r\n\r\r\n[\u001b[32m  OK  \u001b[0m] Mounted POSIX Message Queue File System.\r\r\n[   12.190124] systemd[1]: Started Increase datagram queue length.\r\n[\u001b[32m  OK  \u001b[0m] Mounted Huge Pages File System.\r\r\ndev-mqueue.mount\r\r\n[\u001b[32m  OK  \u001b[0m] Started Increase datagram queue length.\r[   12.230752] systemd[1]: Started Load Kernel Modules.\r\n\r\ndev-hugepages.mount\r\r\n[   12.253255] systemd[1]: Started Uncomplicated firewall.\r\n[\u001b[32m  OK  \u001b[0m] Started Load Kernel Modules.\r\r\nsystemd-setup-dgram-qlen.service[   12.281967] systemd[1]: Started Setup Virtual Console.\r\n\r\r\nsystemd-modules-load.service[   12.296908] systemd[1]: Started Remount Root and Kernel File Systems.\r\n\r\r\n[\u001b[32m  OK  \u001b[0m] Started Uncomplicated firewall.\r\r\n[\u001b[32m  OK  \u001b[0m] Started Setup Virtual Console.\r[   12.352777] systemd[1]: Started Create list of required static device nodes for the current kernel.\r\n\r\n[\u001b[32m  OK  \u001b[0m] Started Remount Root and Kernel File Systems.\r[   12.393694] systemd[1]: Started udev Coldplug all Devices.\r\n\r\nufw.service\r\r\n[\u001b[32m  OK  \u001b[0m] Started Create list of required sta...ce nodes for the current kernel.\r\r\nsystemd-vconsole-setup.service[   12.451947] systemd[1]: Starting Create Static Device Nodes in /dev...\r\n\r\r\n[\u001b[32m  OK  \u001b[0m] Started udev Coldplug all Devices.\r\r\nsystemd-remount-fs.service\r\r\n[   12.487555] systemd[1]: Starting Load/Save Random Seed...\r\nkmod-static-nodes.service\r\r\nsystemd-udev-trigger.service[   12.514396] systemd[1]: Starting Ensure /etc/mtab is a symlink to /proc/mounts...\r\n\r\r\n         Starting Create Static Device Nodes in /dev...\r\r\n         Starting Load/Save Random Seed...\r\r\n[   12.554406] systemd[1]: Starting Apply Kernel Variables...\r\n[   12.560954] systemd[1]: Mounting FUSE Control File System...\r\n         Starting Ensure /etc/mtab is a symlink to /proc/mounts...\r[   12.572409] systemd[1]: Listening on Syslog Socket.\r\n\r\n         Starting Apply Kernel Variables...\r\r\n         Mounting FUSE Control File System...\r[   12.602958] systemd[1]: Starting Journal Service...\r\n\r\n[\u001b[32m  OK  \u001b[0m] Listening on Syslog Socket.\r[   12.630588] systemd[1]: Mounted FUSE Control File System.\r\n\r\n         Starting Journal Service...\r\r\n[\u001b[32m  OK  \u001b[0m] Mounted FUSE Control File System.\r\r\n[\u001b[32m  OK  \u001b[0m] Started Load/Save Random Seed.\r\r\n[\u001b[32m  OK  \u001b[0m] Started Ensure /etc/mtab is a symlink to /proc/mounts.\r\r\n[\u001b[32m  OK  \u001b[0m] Started Apply Kernel Variables.\r\r\nsys-fs-fuse-connections.mount\r\r\nsystemd-random-seed.service\r\r\ndebian-fixup.service\r\r\nsystemd-sysctl.service\r\r\n[\u001b[32m  OK  \u001b[0m] Started Journal Service.\r\r\n         Starting Flush Journal to Persistent Storage...\r\r\nsystemd-journald.service\r\r\n[\u001b[32m  OK  \u001b[0m] Started Flush Journal to Persistent Storage.\r\r\nsystemd-journal-flush.service\r\r\n[\u001b[32m  OK  \u001b[0m] Started Create Static Device Nodes in /dev.\r\r\n         Starting udev Kernel Device Manager...\r\r\nsystemd-tmpfiles-setup-dev.service\r\r\n[\u001b[32m  OK  \u001b[0m] Started udev Kernel Device Manager.\r\r\n[\u001b[32m  OK  \u001b[0m] Reached target Local File Systems (Pre).\r\r\nsystemd-udevd.service\r\r\n         Mounting /etc/network/interfaces.dynamic.d...\r\r\n[\u001b[32m  OK  \u001b[0m] Mounted /etc/network/interfaces.dynamic.d.\r\r\n[\u001b[32m  OK  \u001b[0m] Reached target Local File Systems.\r\r\n         Starting Commit a transient machine-id on disk...\r\r\n         Starting Clean up any mess left by 0dns-up...\r\r\n         Starting LSB: AppArmor initialization...\r\r\n[\u001b[32m  OK  \u001b[0m] Reached target Remote File Systems.\r\r\n         Starting Wait for all \"auto\" /etc/n... up for network-online.target...\r\r\n         Starting Set console keymap...\r\r\n         Starting Tell Plymouth To Write Out Runtime Data...\r\r\n         Starting Create Volatile Files and Directories...\r\r\netc-network-interfaces.dynamic.d.mount\r\r\n[\u001b[32m  OK  \u001b[0m] Started Clean up any mess left by 0dns-up.\r\r\n         Starting Nameserver information manager...\r\r\n[\u001b[32m  OK  \u001b[0m] Started Commit a transient machine-id on disk.\r\r\n[\u001b[32m  OK  \u001b[0m] Started Create Volatile Files and Directories.\r\r\n         Starting Update UTMP about System Boot/Shutdown...\r\r\n         Starting Network Time Synchronization...\r\r\n[\u001b[32m  OK  \u001b[0m] Started Nameserver information manager.\r\r\n[\u001b[32m  OK  \u001b[0m] Started Update UTMP about System Boot/Shutdown.\r\r\n[\u001b[32m  OK  \u001b[0m] Started Set console keymap.\r\r\n[\u001b[32m  OK  \u001b[0m] Started Network Time Synchronization.\r\r\n[\u001b[32m  OK  \u001b[0m] Reached target System Time Synchronized.\r\r\nsystemd-machine-id-commit.service\r\r\nsystemd-tmpfiles-setup.service\r\r\nresolvconf.service[   13.827897] piix4_smbus 0000:00:07.3: SMBus base address uninitialized - upgrade BIOS or use force_addr=0xaddr\r\n\r\r\n[\u001b[32m  OK  \u001b[0m] Started Tell Plymouth To Write Out Runtime Data.\r\r\nsystemd-update-utmp.service\r\r\nsystemd-timesyncd.service\r\r\n[\u001b[32m  OK  \u001b[0m] Found device /dev/ttyS0.\r\r\n[\u001b[32m  OK  \u001b[0m] Created slice system-ifup.slice.\r\r\n[\u001b[32m  OK  \u001b[0m] Found device /sys/subsystem/net/devices/eth0.\r\r\n[   14.319974] intel_rapl: no valid rapl domains found in package 0\r\n[\u001b[32m  OK  \u001b[0m] Started LSB: AppArmor initialization.\r\r\n[\u001b[32m  OK  \u001b[0m] Started ifup for eth0.\r\r\n         Starting LSB: Raise network interfaces....\r\r\napparmor.service\r\r\nifup@eth0.service\r\r\n[\u001b[0m\u001b[31m*     \u001b[0m] (1 of 2) A start job is running for...ork-online.target (9s / 2min 1s)\r\u001b[K[\u001b[1;31m*\u001b[0m\u001b[31m*    \u001b[0m] (1 of 2) A start job is running for...ork-online.target (9s / 2min 1s)\r\u001b[K[\u001b[31m*\u001b[1;31m*\u001b[0m\u001b[31m*   \u001b[0m] (1 of 2) A start job is running for...rk-online.target (10s / 2min 1s)\r\u001b[K[ \u001b[31m*\u001b[1;31m*\u001b[0m\u001b[31m*  \u001b[0m] (2 of 2) A start job is running for...ork interfaces. (11s / no limit)\r\u001b[K[\u001b[32m  OK  \u001b[0m] Started LSB: Raise network interfaces..\r\r\n[\u001b[32m  OK  \u001b[0m] Reached target Network.\r\r\n[\u001b[32m  OK  \u001b[0m] Reached target System Initialization.\r\r\n         Starting lxd-unix.socket.\r\r\n[\u001b[32m  OK  \u001b[0m] Listening on D-Bus System Message Bus Socket.\r\r\n[\u001b[32m  OK  \u001b[0m] Listening on UUID daemon activation socket.\r\r\n[\u001b[32m  OK  \u001b[0m] Started Trigger resolvconf update for networkd DNS.\r\r\n[\u001b[32m  OK  \u001b[0m] Reached target Paths.\r\r\n[\u001b[32m  OK  \u001b[0m] Listening on ACPID Listen Socket.\r\r\n[\u001b[32m  OK  \u001b[0m] Started Daily Cleanup of Temporary Directories.\r\r\n[\u001b[32m  OK  \u001b[0m] Reached target Timers.\r\r\n         Starting Seed the pseudo random number generator on first boot...\r\r\n[\u001b[32m  OK  \u001b[0m] Listening on lxd-unix.socket.\r\r\n[\u001b[32m  OK  \u001b[0m] Reached target Sockets.\r\r\n[\u001b[32m  OK  \u001b[0m] Reached target Basic System.\r\r\n[\u001b[32m  OK  \u001b[0m] Started Deferred execution scheduler.\r\r\n         Starting Initial cloud-init job (pre-networking)...\r\r\n         Starting Restore /etc/resolv.conf i...e the ppp link was shut down....\r\r\n[\u001b[32m  OK  \u001b[0m] Started D-Bus System Message Bus.\r\r\nnetworking.service\r\r\natd.service\r\r\ndbus.service\r\r\n[\u001b[32m  OK  \u001b[0m] Started Regular background program processing daemon.\r\r\n         Starting LSB: Record successful boot for GRUB...\r\r\n[\u001b[32m  OK  \u001b[0m] Started Hyper-V File Copy Protocol Daemon.\r\r\n         Starting LSB: Set the CPU Frequency Scaling governor to \"ondemand\"...\r\r\n[\u001b[32m  OK  \u001b[0m] Started Hyper-V KVP Protocol Daemon.\r\r\n         Starting LSB: Starts the Micro Name Service Cache Daemon...\r\r\n         Starting System Logging Service...\r\r\n         Starting LSB: automatic crash report generation...\r\r\n         Starting LSB: daemon to balance interrupts for SMP systems...\r\r\n         Starting Login Service...\r\r\n         Starting Accounts Service...\r\r\n[\u001b[32m  OK  \u001b[0m] Started Hyper-V VSS Protocol Daemon.\r\r\n         Starting Thermal Daemon Service...\r\r\n[\u001b[32m  OK  \u001b[0m] Started Cgroup management daemon.\r\r\n[\u001b[32m  OK  \u001b[0m] Started FUSE filesystem for LXC.\r\r\n[\u001b[32m  OK  \u001b[0m] Started Wait for all \"auto\" /etc/ne...be up for network-online.target.\r\r\n[\u001b[32m  OK  \u001b[0m] Started Restore /etc/resolv.conf if...ore the ppp link was shut down..\r\r\n[\u001b[32m  OK  \u001b[0m] Reached target Network is Online.\r\r\n         Starting LXC network bridge setup...\r\r\n         Starting /etc/rc.local Compatibility...\r\r\n[\u001b[32m  OK  \u001b[0m] Started /etc/rc.local Compatibility.\r\r\n[\u001b[32m  OK  \u001b[0m] Started LSB: Set the CPU Frequency Scaling governor to \"ondemand\".\r\r\ncron.service\r\r\n[\u001b[32m  OK  \u001b[0m] Started Login Service.\r\r\n[\u001b[32m  OK  \u001b[0m] Started LSB: Starts the Micro Name Service Cache Daemon.\r\r\n[\u001b[32m  OK  \u001b[0m] Started LSB: automatic crash report generation.\r\r\n[\u001b[32m  OK  \u001b[0m] Started System Logging Service.\r\r\nhv-fcopy-daemon.service\r\r\n[\u001b[32m  OK  \u001b[0m] Started LSB: daemon to balance interrupts for SMP systems.\r\r\nhv-kvp-daemon.service\r\r\nhv-vss-daemon.service\r\r\ncgmanager.service\r\r\nlxcfs.service\r\r\nifup-wait-all-auto.service\r\r\nrc-local.service\r\r\nondemand.service\r\r\nrun-cgmanager-fs.mount\r\r\nsystemd-logind.service\r\r\nvar-lib-lxcfs.mount\r\r\nunscd.service\r\r\napport.service\r\r\nrsyslog.service\r\r\nirqbalance.service\r\r\n[\u001b[32m  OK  \u001b[0m] Started LSB: Record successful boot for GRUB.\r\r\ngrub-common.service\r\r\n[\u001b[32m  OK  \u001b[0m] Started Thermal Daemon Service.\r\r\nthermald.service\r\r\n         Starting Authenticate and Authorize Users to Run Privileged Tasks...\r\r\n[\u001b[32m  OK  \u001b[0m] Started Authenticate and Authorize Users to Run Privileged Tasks.\r\r\n[\u001b[32m  OK  \u001b[0m] Started Accounts Service.\r\r\npolkitd.service\r\r\naccounts-daemon.service\r\r\n[\u001b[32m  OK  \u001b[0m] Started LXC network bridge setup.\r\r\n         Starting LXC Container Initialization and Autoboot Code...\r\r\nlxc-net.service\r\r\n[\u001b[32m  OK  \u001b[0m] Started LXC Container Initialization and Autoboot Code.\r\r\n         Starting Container hypervisor based on LXC - boot time check...\r\r\nlxc.service\r\r\n\u0000\u0000\u0000\u0000\u0000\u0000\u0000\u0000\u0000\u0000\u0000\u0000\u0000\u0000\u0000\u0000\u0000\u0000\u0000\u0000\u0000\u0000\u0000\u0000\u0000\u0000\u0000\u0000\u0000\u0000\u0000\u0000\u0000\u0000\u0000\u0000\u0000\u0000\u0000\u0000\u0000\u0000\u0000\u0000\u0000\u0000\u0000\u0000\u0000\u0000\u0000\u0000\u0000\u0000\u0000\u0000\u0000\u0000\u0000\u0000\u0000\u0000\u0000\u0000\u0000\u0000\u0000\u0000\u0000\u0000", { 'content-length': '46080',
  'content-type': 'text/plain',
  'last-modified': 'Thu, 11 Aug 2016 20:22:20 GMT',
  'accept-ranges': 'bytes',
  etag: '"0x8D3C22532245A0F"',
  server: 'Windows-Azure-Blob/1.0 Microsoft-HTTPAPI/2.0',
  'x-ms-request-id': '8529256d-0001-0044-170e-f4fa13000000',
  'x-ms-version': '2015-04-05',
  'x-ms-write-protection': 'false',
  'x-ms-lease-status': 'unlocked',
  'x-ms-lease-state': 'available',
  'x-ms-blob-type': 'PageBlob',
  'x-ms-blob-sequence-number': '0',
  date: 'Thu, 11 Aug 2016 20:23:04 GMT',
  connection: 'close' });
 return result; },
function (nock) { 
var result = 
nock('https://xplattstoragestsp3170.blob.core.windows.net:443')
  .get('/bootdiagnostics-xplatvmst-c761615f-2744-4dac-b784-8d5b7461e5ed/xplatvmStSp.c761615f-2744-4dac-b784-8d5b7461e5ed.serialconsole.log')
