// This file has been autogenerated.

var profile = require('../../../lib/util/profile');

exports.getMockedProfile = function () {
  var newProfile = new profile.Profile();

  newProfile.addSubscription(new profile.Subscription({
    id: '2c224e7e-3ef5-431d-a57b-e71f4662e3a6',
    name: 'Node CLI Test',
    user: {
      name: 'user@domain.example',
      type: 'user'
    },
    tenantId: '72f988bf-86f1-41af-91ab-2d7cd011db47',
    state: 'Enabled',
    registeredProviders: [],
    _eventsCount: '1',
    isDefault: true
  }, newProfile.environments['AzureCloud']));

  return newProfile;
};

exports.setEnvironment = function() {
  process.env['AZURE_VM_TEST_LOCATION'] = 'eastus';
  process.env['SSHCERT'] = 'test/myCert.pem';
};

exports.scopes = [[function (nock) { 
var result = 
nock('http://management.azure.com:443')
  .get('/subscriptions/2c224e7e-3ef5-431d-a57b-e71f4662e3a6/resourceGroups/xplatTestGVMCreate8259/providers/Microsoft.Compute/virtualMachines/xplatvm?$expand=instanceView&api-version=2016-03-30')
  .reply(200, "{\r\n  \"properties\": {\r\n    \"vmId\": \"dfe7d0d2-2b46-4375-8cdd-bde8b0e03be7\",\r\n    \"availabilitySet\": {\r\n      \"id\": \"/subscriptions/2c224e7e-3ef5-431d-a57b-e71f4662e3a6/resourceGroups/xplatTestGVMCreate8259/providers/Microsoft.Compute/availabilitySets/XPLATTESTAAVAIL7923\"\r\n    },\r\n    \"hardwareProfile\": {\r\n      \"vmSize\": \"Standard_D1\"\r\n    },\r\n    \"storageProfile\": {\r\n      \"imageReference\": {\r\n        \"publisher\": \"canonical\",\r\n        \"offer\": \"UbuntuServer\",\r\n        \"sku\": \"15.10\",\r\n        \"version\": \"latest\"\r\n      },\r\n      \"osDisk\": {\r\n        \"osType\": \"Linux\",\r\n        \"name\": \"cli119c2fb70b13ad31-os-1468873345046\",\r\n        \"createOption\": \"FromImage\",\r\n        \"vhd\": {\r\n          \"uri\": \"https://xplatteststorage13353.blob.core.windows.net/xplatteststoragecnt13178/cli119c2fb70b13ad31-os-1468873345046.vhd\"\r\n        },\r\n        \"caching\": \"ReadWrite\"\r\n      },\r\n      \"dataDisks\": []\r\n    },\r\n    \"osProfile\": {\r\n      \"computerName\": \"xplatvm\",\r\n      \"adminUsername\": \"azureuser\",\r\n      \"linuxConfiguration\": {\r\n        \"disablePasswordAuthentication\": false,\r\n        \"ssh\": {\r\n          \"publicKeys\": [\r\n            {\r\n              \"path\": \"/home/azureuser/.ssh/authorized_keys\",\r\n              \"keyData\": \"MIID/zCCAuegAwIBAgIJAMUAa+XVLvAeMA0GCSqGSIb3DQEBBQUAMIGVMQswCQYD\\r\\nVQQGEwJJbjESMBAGA1UECAwJS2FybmF0YWthMRIwEAYDVQQHDAlCYW5nYWxvcmUx\\r\\nEDAOBgNVBAoMB2JyaWxsaW8xEjAQBgNVBAsMCW1pY3Jvc29mdDEQMA4GA1UEAwwH\\r\\nYnJpbGxpbzEmMCQGCSqGSIb3DQEJARYXc3JlZWthbnRoYnNAeWFob28uY28uaW4w\\r\\nHhcNMTUwMzA1MTE1MzEyWhcNMTYwMzA0MTE1MzEyWjCBlTELMAkGA1UEBhMCSW4x\\r\\nEjAQBgNVBAgMCUthcm5hdGFrYTESMBAGA1UEBwwJQmFuZ2Fsb3JlMRAwDgYDVQQK\\r\\nDAdicmlsbGlvMRIwEAYDVQQLDAltaWNyb3NvZnQxEDAOBgNVBAMMB2JyaWxsaW8x\\r\\nJjAkBgkqhkiG9w0BCQEWF3NyZWVrYW50aGJzQHlhaG9vLmNvLmluMIIBIjANBgkq\\r\\nhkiG9w0BAQEFAAOCAQ8AMIIBCgKCAQEAyUNKaOuT0NK+S8Ck81zy9xJ6hXfZvAC6\\r\\nlhbmf/6s/WVimJ/TX5NMhQJwC9k6ZIF92KfYrojHNvHDufSZ3EtKUVwRFCDjmgMT\\r\\nDL09WkGaZt7gROYFK0iZ4KrYGovUwlwum9fHB24OJiOV4bi0ek62/rHx9fjYZpvp\\r\\naIH2PV/hN8SCZ0x7HJMberD4gVoU/Kv42nNvwjLUW6IZfVx/Gv5OeFDtWHfSvUEF\\r\\ndadHKTPn3Ab20Iu6gZIbLO9Vuf38/IpaYGfnFCouHdzmiTiLieYNe3CUPcOJNSv7\\r\\n1G8KYpx3uNJRkJPab5OsRyJw75Gvzkr9OgaPss9tVD6Gt68u3WQtVQIDAQABo1Aw\\r\\nTjAdBgNVHQ4EFgQUogvhXB+xZ2JJPfLO6cVs4ForzscwHwYDVR0jBBgwFoAUogvh\\r\\nXB+xZ2JJPfLO6cVs4ForzscwDAYDVR0TBAUwAwEB/zANBgkqhkiG9w0BAQUFAAOC\\r\\nAQEAdDj7qUNJ45xlF5cjd+4x5NHvAD1VTjOKu+Xh/uzSSjXqB2F0aOMWA9lx0qaQ\\r\\noJgHkGxj3zz/W7ik/cVGL2O+vRIOKv/y0OPogEmS3Hw+P+O6OGE7x1G6YN0zLVoL\\r\\nu4BN/BEYmjttxM9I7qqL7C5cJoE+K3s/w1/pt/68ohJcr7F9Ohi7cso62xuGY1Rm\\r\\nksAh2EUDsU9JV/P+C9AMpLSrb03JJYzVj4w1RHbrmw2AjFyGXdQYkggyXisg+Ifr\\r\\n5gbNN7HigpHf7b2i3CQBUqp9m23frh5AhnLI2qp3UXgc52U5ieLdi/t6j0TTZqqY\\r\\nHhHqofKrj938HHlBNpC5/LVh3w==\\r\\n\"\r\n            }\r\n          ]\r\n        }\r\n      },\r\n      \"secrets\": []\r\n    },\r\n    \"networkProfile\": {\"networkInterfaces\":[{\"id\":\"/subscriptions/2c224e7e-3ef5-431d-a57b-e71f4662e3a6/resourceGroups/xplatTestGVMCreate8259/providers/Microsoft.Network/networkInterfaces/xplattestnic\"}]},\r\n    \"diagnosticsProfile\": {\r\n      \"bootDiagnostics\": {\r\n        \"enabled\": true,\r\n        \"storageUri\": \"https://xplatteststorage13353.blob.core.windows.net/\"\r\n      }\r\n    },\r\n    \"provisioningState\": \"Succeeded\",\r\n    \"instanceView\": {\r\n      \"platformUpdateDomain\": 0,\r\n      \"platformFaultDomain\": 0,\r\n      \"vmAgent\": {\r\n        \"vmAgentVersion\": \"2.1.3\",\r\n        \"statuses\": [\r\n          {\r\n            \"code\": \"ProvisioningState/succeeded\",\r\n            \"level\": \"Info\",\r\n            \"displayStatus\": \"Ready\",\r\n            \"message\": \"Guest Agent is running\",\r\n            \"time\": \"2016-07-18T20:34:45+00:00\"\r\n          }\r\n        ],\r\n        \"extensionHandlers\": []\r\n      },\r\n      \"disks\": [\r\n        {\r\n          \"name\": \"cli119c2fb70b13ad31-os-1468873345046\",\r\n          \"statuses\": [\r\n            {\r\n              \"code\": \"ProvisioningState/succeeded\",\r\n              \"level\": \"Info\",\r\n              \"displayStatus\": \"Provisioning succeeded\",\r\n              \"time\": \"2016-07-18T20:22:29.3732604+00:00\"\r\n            }\r\n          ]\r\n        }\r\n      ],\r\n      \"bootDiagnostics\": {\r\n        \"consoleScreenshotBlobUri\": \"https://xplatteststorage13353.blob.core.windows.net/bootdiagnostics-xplatvm-dfe7d0d2-2b46-4375-8cdd-bde8b0e03be7/xplatvm.dfe7d0d2-2b46-4375-8cdd-bde8b0e03be7.screenshot.bmp\",\r\n        \"serialConsoleLogBlobUri\": \"https://xplatteststorage13353.blob.core.windows.net/bootdiagnostics-xplatvm-dfe7d0d2-2b46-4375-8cdd-bde8b0e03be7/xplatvm.dfe7d0d2-2b46-4375-8cdd-bde8b0e03be7.serialconsole.log\"\r\n      },\r\n      \"statuses\": [\r\n        {\r\n          \"code\": \"ProvisioningState/succeeded\",\r\n          \"level\": \"Info\",\r\n          \"displayStatus\": \"Provisioning succeeded\",\r\n          \"time\": \"2016-07-18T20:24:06.8276413+00:00\"\r\n        },\r\n        {\r\n          \"code\": \"PowerState/running\",\r\n          \"level\": \"Info\",\r\n          \"displayStatus\": \"VM running\"\r\n        }\r\n      ]\r\n    }\r\n  },\r\n  \"id\": \"/subscriptions/2c224e7e-3ef5-431d-a57b-e71f4662e3a6/resourceGroups/xplatTestGVMCreate8259/providers/Microsoft.Compute/virtualMachines/xplatvm\",\r\n  \"name\": \"xplatvm\",\r\n  \"type\": \"Microsoft.Compute/virtualMachines\",\r\n  \"location\": \"eastus\",\r\n  \"tags\": {\r\n    \"a\": \"b\",\r\n    \"b\": \"c\",\r\n    \"d\": \"\"\r\n  }\r\n}", { 'cache-control': 'no-cache',
  pragma: 'no-cache',
  'content-length': '5207',
  'content-type': 'application/json; charset=utf-8',
  expires: '-1',
  'strict-transport-security': 'max-age=31536000; includeSubDomains',
  'x-ms-served-by': 'f1952173-7412-4020-8c98-fffca6509750_131106124671095645',
  'x-ms-request-id': '0703816c-c01d-43b8-a6d1-10dbb0514691',
  server: 'Microsoft-HTTPAPI/2.0',
  'x-ms-ratelimit-remaining-subscription-reads': '14935',
  'x-ms-correlation-request-id': 'd194f524-6280-4eb6-94c2-f117a0e05757',
  'x-ms-routing-request-id': 'EASTUS:20160718T203450Z:d194f524-6280-4eb6-94c2-f117a0e05757',
  date: 'Mon, 18 Jul 2016 20:34:49 GMT',
  connection: 'close' });
 return result; },
function (nock) { 
var result = 
nock('https://management.azure.com:443')
  .get('/subscriptions/2c224e7e-3ef5-431d-a57b-e71f4662e3a6/resourceGroups/xplatTestGVMCreate8259/providers/Microsoft.Compute/virtualMachines/xplatvm?$expand=instanceView&api-version=2016-03-30')
  .reply(200, "{\r\n  \"properties\": {\r\n    \"vmId\": \"dfe7d0d2-2b46-4375-8cdd-bde8b0e03be7\",\r\n    \"availabilitySet\": {\r\n      \"id\": \"/subscriptions/2c224e7e-3ef5-431d-a57b-e71f4662e3a6/resourceGroups/xplatTestGVMCreate8259/providers/Microsoft.Compute/availabilitySets/XPLATTESTAAVAIL7923\"\r\n    },\r\n    \"hardwareProfile\": {\r\n      \"vmSize\": \"Standard_D1\"\r\n    },\r\n    \"storageProfile\": {\r\n      \"imageReference\": {\r\n        \"publisher\": \"canonical\",\r\n        \"offer\": \"UbuntuServer\",\r\n        \"sku\": \"15.10\",\r\n        \"version\": \"latest\"\r\n      },\r\n      \"osDisk\": {\r\n        \"osType\": \"Linux\",\r\n        \"name\": \"cli119c2fb70b13ad31-os-1468873345046\",\r\n        \"createOption\": \"FromImage\",\r\n        \"vhd\": {\r\n          \"uri\": \"https://xplatteststorage13353.blob.core.windows.net/xplatteststoragecnt13178/cli119c2fb70b13ad31-os-1468873345046.vhd\"\r\n        },\r\n        \"caching\": \"ReadWrite\"\r\n      },\r\n      \"dataDisks\": []\r\n    },\r\n    \"osProfile\": {\r\n      \"computerName\": \"xplatvm\",\r\n      \"adminUsername\": \"azureuser\",\r\n      \"linuxConfiguration\": {\r\n        \"disablePasswordAuthentication\": false,\r\n        \"ssh\": {\r\n          \"publicKeys\": [\r\n            {\r\n              \"path\": \"/home/azureuser/.ssh/authorized_keys\",\r\n              \"keyData\": \"MIID/zCCAuegAwIBAgIJAMUAa+XVLvAeMA0GCSqGSIb3DQEBBQUAMIGVMQswCQYD\\r\\nVQQGEwJJbjESMBAGA1UECAwJS2FybmF0YWthMRIwEAYDVQQHDAlCYW5nYWxvcmUx\\r\\nEDAOBgNVBAoMB2JyaWxsaW8xEjAQBgNVBAsMCW1pY3Jvc29mdDEQMA4GA1UEAwwH\\r\\nYnJpbGxpbzEmMCQGCSqGSIb3DQEJARYXc3JlZWthbnRoYnNAeWFob28uY28uaW4w\\r\\nHhcNMTUwMzA1MTE1MzEyWhcNMTYwMzA0MTE1MzEyWjCBlTELMAkGA1UEBhMCSW4x\\r\\nEjAQBgNVBAgMCUthcm5hdGFrYTESMBAGA1UEBwwJQmFuZ2Fsb3JlMRAwDgYDVQQK\\r\\nDAdicmlsbGlvMRIwEAYDVQQLDAltaWNyb3NvZnQxEDAOBgNVBAMMB2JyaWxsaW8x\\r\\nJjAkBgkqhkiG9w0BCQEWF3NyZWVrYW50aGJzQHlhaG9vLmNvLmluMIIBIjANBgkq\\r\\nhkiG9w0BAQEFAAOCAQ8AMIIBCgKCAQEAyUNKaOuT0NK+S8Ck81zy9xJ6hXfZvAC6\\r\\nlhbmf/6s/WVimJ/TX5NMhQJwC9k6ZIF92KfYrojHNvHDufSZ3EtKUVwRFCDjmgMT\\r\\nDL09WkGaZt7gROYFK0iZ4KrYGovUwlwum9fHB24OJiOV4bi0ek62/rHx9fjYZpvp\\r\\naIH2PV/hN8SCZ0x7HJMberD4gVoU/Kv42nNvwjLUW6IZfVx/Gv5OeFDtWHfSvUEF\\r\\ndadHKTPn3Ab20Iu6gZIbLO9Vuf38/IpaYGfnFCouHdzmiTiLieYNe3CUPcOJNSv7\\r\\n1G8KYpx3uNJRkJPab5OsRyJw75Gvzkr9OgaPss9tVD6Gt68u3WQtVQIDAQABo1Aw\\r\\nTjAdBgNVHQ4EFgQUogvhXB+xZ2JJPfLO6cVs4ForzscwHwYDVR0jBBgwFoAUogvh\\r\\nXB+xZ2JJPfLO6cVs4ForzscwDAYDVR0TBAUwAwEB/zANBgkqhkiG9w0BAQUFAAOC\\r\\nAQEAdDj7qUNJ45xlF5cjd+4x5NHvAD1VTjOKu+Xh/uzSSjXqB2F0aOMWA9lx0qaQ\\r\\noJgHkGxj3zz/W7ik/cVGL2O+vRIOKv/y0OPogEmS3Hw+P+O6OGE7x1G6YN0zLVoL\\r\\nu4BN/BEYmjttxM9I7qqL7C5cJoE+K3s/w1/pt/68ohJcr7F9Ohi7cso62xuGY1Rm\\r\\nksAh2EUDsU9JV/P+C9AMpLSrb03JJYzVj4w1RHbrmw2AjFyGXdQYkggyXisg+Ifr\\r\\n5gbNN7HigpHf7b2i3CQBUqp9m23frh5AhnLI2qp3UXgc52U5ieLdi/t6j0TTZqqY\\r\\nHhHqofKrj938HHlBNpC5/LVh3w==\\r\\n\"\r\n            }\r\n          ]\r\n        }\r\n      },\r\n      \"secrets\": []\r\n    },\r\n    \"networkProfile\": {\"networkInterfaces\":[{\"id\":\"/subscriptions/2c224e7e-3ef5-431d-a57b-e71f4662e3a6/resourceGroups/xplatTestGVMCreate8259/providers/Microsoft.Network/networkInterfaces/xplattestnic\"}]},\r\n    \"diagnosticsProfile\": {\r\n      \"bootDiagnostics\": {\r\n        \"enabled\": true,\r\n        \"storageUri\": \"https://xplatteststorage13353.blob.core.windows.net/\"\r\n      }\r\n    },\r\n    \"provisioningState\": \"Succeeded\",\r\n    \"instanceView\": {\r\n      \"platformUpdateDomain\": 0,\r\n      \"platformFaultDomain\": 0,\r\n      \"vmAgent\": {\r\n        \"vmAgentVersion\": \"2.1.3\",\r\n        \"statuses\": [\r\n          {\r\n            \"code\": \"ProvisioningState/succeeded\",\r\n            \"level\": \"Info\",\r\n            \"displayStatus\": \"Ready\",\r\n            \"message\": \"Guest Agent is running\",\r\n            \"time\": \"2016-07-18T20:34:45+00:00\"\r\n          }\r\n        ],\r\n        \"extensionHandlers\": []\r\n      },\r\n      \"disks\": [\r\n        {\r\n          \"name\": \"cli119c2fb70b13ad31-os-1468873345046\",\r\n          \"statuses\": [\r\n            {\r\n              \"code\": \"ProvisioningState/succeeded\",\r\n              \"level\": \"Info\",\r\n              \"displayStatus\": \"Provisioning succeeded\",\r\n              \"time\": \"2016-07-18T20:22:29.3732604+00:00\"\r\n            }\r\n          ]\r\n        }\r\n      ],\r\n      \"bootDiagnostics\": {\r\n        \"consoleScreenshotBlobUri\": \"https://xplatteststorage13353.blob.core.windows.net/bootdiagnostics-xplatvm-dfe7d0d2-2b46-4375-8cdd-bde8b0e03be7/xplatvm.dfe7d0d2-2b46-4375-8cdd-bde8b0e03be7.screenshot.bmp\",\r\n        \"serialConsoleLogBlobUri\": \"https://xplatteststorage13353.blob.core.windows.net/bootdiagnostics-xplatvm-dfe7d0d2-2b46-4375-8cdd-bde8b0e03be7/xplatvm.dfe7d0d2-2b46-4375-8cdd-bde8b0e03be7.serialconsole.log\"\r\n      },\r\n      \"statuses\": [\r\n        {\r\n          \"code\": \"ProvisioningState/succeeded\",\r\n          \"level\": \"Info\",\r\n          \"displayStatus\": \"Provisioning succeeded\",\r\n          \"time\": \"2016-07-18T20:24:06.8276413+00:00\"\r\n        },\r\n        {\r\n          \"code\": \"PowerState/running\",\r\n          \"level\": \"Info\",\r\n          \"displayStatus\": \"VM running\"\r\n        }\r\n      ]\r\n    }\r\n  },\r\n  \"id\": \"/subscriptions/2c224e7e-3ef5-431d-a57b-e71f4662e3a6/resourceGroups/xplatTestGVMCreate8259/providers/Microsoft.Compute/virtualMachines/xplatvm\",\r\n  \"name\": \"xplatvm\",\r\n  \"type\": \"Microsoft.Compute/virtualMachines\",\r\n  \"location\": \"eastus\",\r\n  \"tags\": {\r\n    \"a\": \"b\",\r\n    \"b\": \"c\",\r\n    \"d\": \"\"\r\n  }\r\n}", { 'cache-control': 'no-cache',
  pragma: 'no-cache',
  'content-length': '5207',
  'content-type': 'application/json; charset=utf-8',
  expires: '-1',
  'strict-transport-security': 'max-age=31536000; includeSubDomains',
  'x-ms-served-by': 'f1952173-7412-4020-8c98-fffca6509750_131106124671095645',
  'x-ms-request-id': '0703816c-c01d-43b8-a6d1-10dbb0514691',
  server: 'Microsoft-HTTPAPI/2.0',
  'x-ms-ratelimit-remaining-subscription-reads': '14935',
  'x-ms-correlation-request-id': 'd194f524-6280-4eb6-94c2-f117a0e05757',
  'x-ms-routing-request-id': 'EASTUS:20160718T203450Z:d194f524-6280-4eb6-94c2-f117a0e05757',
  date: 'Mon, 18 Jul 2016 20:34:49 GMT',
  connection: 'close' });
 return result; },
function (nock) { 
var result = 
nock('http://management.azure.com:443')
  .post('/subscriptions/2c224e7e-3ef5-431d-a57b-e71f4662e3a6/resourceGroups/xplatTestGVMCreate8259/providers/Microsoft.Storage/storageAccounts/xplatteststorage13353/listKeys?api-version=2016-01-01')
  .reply(200, "{\"keys\":[{\"keyName\":\"key1\",\"permissions\":\"Full\",\"value\":\"VfDYP7C9BrM9jqDdDfc1nFw+ispCKqzDLhpHGP6HIK10J67Jd98Yr5S2cHauycfMMdL5GUZrK9jnP/D/Noef7w==\"},{\"keyName\":\"key2\",\"permissions\":\"Full\",\"value\":\"UIi+EfUBtboKv8LFxtYASTFLLrq2x8Dbtx0zod9hNDZhKZGNGcEVYlwPSGrG9KVlhigvY5OuPzy0UhbOBL4hiQ==\"}]}\n", { 'cache-control': 'no-cache',
  pragma: 'no-cache',
  'content-length': '289',
  'content-type': 'application/json',
  expires: '-1',
  'x-ms-request-id': '83a312be-4acc-4401-891f-5358ce5986c8',
  server: 'Microsoft-Azure-Storage-Resource-Provider/1.0',
  'x-ms-ratelimit-remaining-subscription-writes': '1199',
  'x-ms-correlation-request-id': '83a312be-4acc-4401-891f-5358ce5986c8',
  'x-ms-routing-request-id': 'EASTUS:20160718T203451Z:83a312be-4acc-4401-891f-5358ce5986c8',
  'strict-transport-security': 'max-age=31536000; includeSubDomains',
  date: 'Mon, 18 Jul 2016 20:34:51 GMT',
  connection: 'close' });
 return result; },
function (nock) { 
var result = 
nock('https://management.azure.com:443')
  .post('/subscriptions/2c224e7e-3ef5-431d-a57b-e71f4662e3a6/resourceGroups/xplatTestGVMCreate8259/providers/Microsoft.Storage/storageAccounts/xplatteststorage13353/listKeys?api-version=2016-01-01')
  .reply(200, "{\"keys\":[{\"keyName\":\"key1\",\"permissions\":\"Full\",\"value\":\"VfDYP7C9BrM9jqDdDfc1nFw+ispCKqzDLhpHGP6HIK10J67Jd98Yr5S2cHauycfMMdL5GUZrK9jnP/D/Noef7w==\"},{\"keyName\":\"key2\",\"permissions\":\"Full\",\"value\":\"UIi+EfUBtboKv8LFxtYASTFLLrq2x8Dbtx0zod9hNDZhKZGNGcEVYlwPSGrG9KVlhigvY5OuPzy0UhbOBL4hiQ==\"}]}\n", { 'cache-control': 'no-cache',
  pragma: 'no-cache',
  'content-length': '289',
  'content-type': 'application/json',
  expires: '-1',
  'x-ms-request-id': '83a312be-4acc-4401-891f-5358ce5986c8',
  server: 'Microsoft-Azure-Storage-Resource-Provider/1.0',
  'x-ms-ratelimit-remaining-subscription-writes': '1199',
  'x-ms-correlation-request-id': '83a312be-4acc-4401-891f-5358ce5986c8',
  'x-ms-routing-request-id': 'EASTUS:20160718T203451Z:83a312be-4acc-4401-891f-5358ce5986c8',
  'strict-transport-security': 'max-age=31536000; includeSubDomains',
  date: 'Mon, 18 Jul 2016 20:34:51 GMT',
  connection: 'close' });
 return result; },
function (nock) { 
var result = 
nock('http://xplatteststorage13353.blob.core.windows.net:443')
  .head('/bootdiagnostics-xplatvm-dfe7d0d2-2b46-4375-8cdd-bde8b0e03be7/xplatvm.dfe7d0d2-2b46-4375-8cdd-bde8b0e03be7.serialconsole.log')
  .reply(200, "", { 'content-length': '61440',
  'content-type': 'text/plain',
  'last-modified': 'Mon, 18 Jul 2016 20:33:05 GMT',
  'accept-ranges': 'bytes',
  etag: '"0x8D3AF4AB93CB048"',
  server: 'Windows-Azure-Blob/1.0 Microsoft-HTTPAPI/2.0',
  'x-ms-request-id': '027ed092-0001-0040-5833-e10f91000000',
  'x-ms-version': '2015-04-05',
  'x-ms-write-protection': 'false',
  'x-ms-lease-status': 'unlocked',
  'x-ms-lease-state': 'available',
  'x-ms-blob-type': 'PageBlob',
  'x-ms-blob-sequence-number': '0',
  date: 'Mon, 18 Jul 2016 20:34:52 GMT',
  connection: 'close' });
 return result; },
function (nock) { 
var result = 
nock('https://xplatteststorage13353.blob.core.windows.net:443')
  .head('/bootdiagnostics-xplatvm-dfe7d0d2-2b46-4375-8cdd-bde8b0e03be7/xplatvm.dfe7d0d2-2b46-4375-8cdd-bde8b0e03be7.serialconsole.log')
  .reply(200, "", { 'content-length': '61440',
  'content-type': 'text/plain',
  'last-modified': 'Mon, 18 Jul 2016 20:33:05 GMT',
  'accept-ranges': 'bytes',
  etag: '"0x8D3AF4AB93CB048"',
  server: 'Windows-Azure-Blob/1.0 Microsoft-HTTPAPI/2.0',
  'x-ms-request-id': '027ed092-0001-0040-5833-e10f91000000',
  'x-ms-version': '2015-04-05',
  'x-ms-write-protection': 'false',
  'x-ms-lease-status': 'unlocked',
  'x-ms-lease-state': 'available',
  'x-ms-blob-type': 'PageBlob',
  'x-ms-blob-sequence-number': '0',
  date: 'Mon, 18 Jul 2016 20:34:52 GMT',
  connection: 'close' });
 return result; },
function (nock) { 
var result = 
nock('http://xplatteststorage13353.blob.core.windows.net:443')
  .get('/bootdiagnostics-xplatvm-dfe7d0d2-2b46-4375-8cdd-bde8b0e03be7/xplatvm.dfe7d0d2-2b46-4375-8cdd-bde8b0e03be7.serialconsole.log')
  .reply(200, "\u001b[H\u001b[J\u001b[1;1H     0.000000] Initializing cgroup subsys cpuset\r\n[    0.000000] Initializing cgroup subsys cpu\r\n[    0.000000] Initializing cgroup subsys cpuacct\r\n[    0.000000] Linux version 4.2.0-41-generic (buildd@lgw01-52) (gcc version 5.2.1 20151010 (Ubuntu 5.2.1-22ubuntu2) ) #48-Ubuntu SMP Fri Jun 24 11:28:43 UTC 2016 (Ubuntu 4.2.0-41.48-generic 4.2.8-ckt11)\r\n[    0.000000] Command line: BOOT_IMAGE=/boot/vmlinuz-4.2.0-41-generic root=UUID=c6ca03a3-2d7b-430b-8769-5d086ee49acc ro console=tty1 console=ttyS0 earlyprintk=ttyS0 rootdelay=300\r\n[    0.000000] KERNEL supported cpus:\r\n[    0.000000]   Intel GenuineIntel\r\n[    0.000000]   AMD AuthenticAMD\r\n[    0.000000]   Centaur CentaurHauls\r\n[    0.000000] x86/fpu: xstate_offset[2]: 0240, xstate_sizes[2]: 0100\r\n[    0.000000] x86/fpu: Supporting XSAVE feature 0x01: 'x87 floating point registers'\r\n[    0.000000] x86/fpu: Supporting XSAVE feature 0x02: 'SSE registers'\r\n[    0.000000] x86/fpu: Supporting XSAVE feature 0x04: 'AVX registers'\r\n[    0.000000] x86/fpu: Enabled xstate features 0x7, context size is 0x340 bytes, using 'standard' format.\r\n[    0.000000] x86/fpu: Using 'eager' FPU context switches.\r\n[    0.000000] e820: BIOS-provided physical RAM map:\r\n[    0.000000] BIOS-e820: [mem 0x0000000000000000-0x000000000009fbff] usable\r\n[    0.000000] BIOS-e820: [mem 0x000000000009fc00-0x000000000009ffff] reserved\r\n[    0.000000] BIOS-e820: [mem 0x00000000000e0000-0x00000000000fffff] reserved\r\n[    0.000000] BIOS-e820: [mem 0x0000000000100000-0x000000001ffeffff] usable\r\n[    0.000000] BIOS-e820: [mem 0x000000001fff0000-0x000000001fffefff] ACPI data\r\n[    0.000000] BIOS-e820: [mem 0x000000001ffff000-0x000000001fffffff] ACPI NVS\r\n[    0.000000] BIOS-e820: [mem 0x0000000100000000-0x00000001bfffffff] usable\r\n[    0.000000] bootconsole [earlyser0] enabled\r\n[    0.000000] NX (Execute Disable) protection: active\r\n[    0.000000] SMBIOS 2.3 present.\r\n[    0.000000] Hypervisor detected: Microsoft HyperV\r\n[    0.000000] HyperV: features 0xe7f, hints 0x2c\r\n[    0.000000] HyperV: LAPIC Timer Frequency: 0xc3500\r\n[    0.000000] clocksource: hyperv_clocksource: mask: 0xffffffffffffffff max_cycles: 0x24e6a1710, max_idle_ns: 440795202120 ns\r\n[    0.000000] tsc: Marking TSC unstable due to running on Hyper-V\r\n[    0.000000] e820: last_pfn = 0x1c0000 max_arch_pfn = 0x400000000\r\n[    0.000000] x86/PAT: Configuration [0-7]: WB  WC  UC- UC  WB  WC  UC- WT  \r\n[    0.000000] e820: last_pfn = 0x1fff0 max_arch_pfn = 0x400000000\r\n[    0.000000] found SMP MP-table at [mem 0x000ff780-0x000ff78f] mapped at [ffff8800000ff780]\r\n[    0.000000] Scanning 1 areas for low memory corruption\r\n[    0.000000] init_memory_mapping: [mem 0x00000000-0x000fffff]\r\n[    0.000000] init_memory_mapping: [mem 0x1bfe00000-0x1bfffffff]\r\n[    0.000000] init_memory_mapping: [mem 0x1a0000000-0x1bfdfffff]\r\n[    0.000000] init_memory_mapping: [mem 0x00100000-0x1ffeffff]\r\n[    0.000000] init_memory_mapping: [mem 0x100000000-0x19fffffff]\r\n[    0.000000] RAMDISK: [mem 0x1d9ba000-0x1f789fff]\r\n[    0.000000] ACPI: Early table checksum verification disabled\r\n[    0.000000] ACPI: RSDP 0x00000000000F56F0 000014 (v00 ACPIAM)\r\n[    0.000000] ACPI: RSDT 0x000000001FFF0000 000040 (v01 VRTUAL MICROSFT 05001223 MSFT 00000097)\r\n[    0.000000] ACPI: FACP 0x000000001FFF0200 000081 (v02 VRTUAL MICROSFT 05001223 MSFT 00000097)\r\n[    0.000000] ACPI: DSDT 0x000000001FFF1724 002E78 (v01 MSFTVM MSFTVM02 00000002 INTL 02002026)\r\n[    0.000000] ACPI: FACS 0x000000001FFFF000 000040\r\n[    0.000000] ACPI: WAET 0x000000001FFF1480 000028 (v01 VRTUAL MICROSFT 05001223 MSFT 00000097)\r\n[    0.000000] ACPI: SLIC 0x000000001FFF14C0 000176 (v01 VRTUAL MICROSFT 05001223 MSFT 00000097)\r\n[    0.000000] ACPI: OEM0 0x000000001FFF16C0 000064 (v01 VRTUAL MICROSFT 05001223 MSFT 00000097)\r\n[    0.000000] ACPI: SRAT 0x000000001FFF0600 000090 (v02 VRTUAL MICROSFT 00000001 MSFT 00000001)\r\n[    0.000000] ACPI: APIC 0x000000001FFF0300 00024C (v01 VRTUAL MICROSFT 05001223 MSFT 00000097)\r\n[    0.000000] ACPI: OEMB 0x000000001FFFF040 000064 (v01 VRTUAL MICROSFT 05001223 MSFT 00000097)\r\n[    0.000000] SRAT: PXM 0 -> APIC 0x00 -> Node 0\r\n[    0.000000] SRAT: Node 0 PXM 0 [mem 0x00000000-0x1fffffff]\r\n[    0.000000] SRAT: Node 0 PXM 0 [mem 0x100000000-0x1bfffffff]\r\n[    0.000000] NUMA: Node 0 [mem 0x00000000-0x1fffffff] + [mem 0x100000000-0x1bfffffff] -> [mem 0x00000000-0x1bfffffff]\r\n[    0.000000] NODE_DATA(0) allocated [mem 0x1bfffa000-0x1bfffefff]\r\n[    0.000000] Zone ranges:\r\n[    0.000000]   DMA      [mem 0x0000000000001000-0x0000000000ffffff]\r\n[    0.000000]   DMA32    [mem 0x0000000001000000-0x00000000ffffffff]\r\n[    0.000000]   Normal   [mem 0x0000000100000000-0x00000001bfffffff]\r\n[    0.000000] Movable zone start for each node\r\n[    0.000000] Early memory node ranges\r\n[    0.000000]   node   0: [mem 0x0000000000001000-0x000000000009efff]\r\n[    0.000000]   node   0: [mem 0x0000000000100000-0x000000001ffeffff]\r\n[    0.000000]   node   0: [mem 0x0000000100000000-0x00000001bfffffff]\r\n[    0.000000] Initmem setup node 0 [mem 0x0000000000001000-0x00000001bfffffff]\r\n[    0.000000] ACPI: PM-Timer IO Port: 0x408\r\n[    0.000000] IOAPIC[0]: apic_id 0, version 17, address 0xfec00000, GSI 0-23\r\n[    0.000000] ACPI: INT_SRC_OVR (bus 0 bus_irq 0 global_irq 2 dfl dfl)\r\n[    0.000000] ACPI: INT_SRC_OVR (bus 0 bus_irq 9 global_irq 9 high level)\r\n[    0.000000] Using ACPI (MADT) for SMP configuration information\r\n[    0.000000] smpboot: Allowing 64 CPUs, 63 hotplug CPUs\r\n[    0.000000] PM: Registered nosave memory: [mem 0x00000000-0x00000fff]\r\n[    0.000000] PM: Registered nosave memory: [mem 0x0009f000-0x0009ffff]\r\n[    0.000000] PM: Registered nosave memory: [mem 0x000a0000-0x000dffff]\r\n[    0.000000] PM: Registered nosave memory: [mem 0x000e0000-0x000fffff]\r\n[    0.000000] PM: Registered nosave memory: [mem 0x1fff0000-0x1fffefff]\r\n[    0.000000] PM: Registered nosave memory: [mem 0x1ffff000-0x1fffffff]\r\n[    0.000000] PM: Registered nosave memory: [mem 0x20000000-0xffffffff]\r\n[    0.000000] e820: [mem 0x20000000-0xffffffff] available for PCI devices\r\n[    0.000000] Booting paravirtualized kernel on bare hardware\r\n[    0.000000] clocksource: refined-jiffies: mask: 0xffffffff max_cycles: 0xffffffff, max_idle_ns: 7645519600211568 ns\r\n[    0.000000] setup_percpu: NR_CPUS:256 nr_cpumask_bits:256 nr_cpu_ids:64 nr_node_ids:1\r\n[    0.000000] PERCPU: Embedded 33 pages/cpu @ffff8801bae00000 s96728 r8192 d30248 u262144\r\n[    0.000000] Built 1 zonelists in Node order, mobility grouping on.  Total pages: 903033\r\n[    0.000000] Policy zone: Normal\r\n[    0.000000] Kernel command line: BOOT_IMAGE=/boot/vmlinuz-4.2.0-41-generic root=UUID=c6ca03a3-2d7b-430b-8769-5d086ee49acc ro console=tty1 console=ttyS0 earlyprintk=ttyS0 rootdelay=300\r\n[    0.000000] log_buf_len individual max cpu contribution: 4096 bytes\r\n[    0.000000] log_buf_len total cpu_extra contributions: 258048 bytes\r\n[    0.000000] log_buf_len min size: 262144 bytes\r\n[    0.000000] log_buf_len: 524288 bytes\r\n[    0.000000] early log buf free: 252360(96%)\r\n[    0.000000] PID hash table entries: 4096 (order: 3, 32768 bytes)\r\n[    0.000000] Memory: 3487924K/3669560K available (8186K kernel code, 1239K rwdata, 3808K rodata, 1464K init, 1292K bss, 181636K reserved, 0K cma-reserved)\r\n[    0.000000] SLUB: HWalign=64, Order=0-3, MinObjects=0, CPUs=64, Nodes=1\r\n[    0.000000] Hierarchical RCU implementation.\r\n[    0.000000] \tBuild-time adjustment of leaf fanout to 64.\r\n[    0.000000] \tRCU restricting CPUs from NR_CPUS=256 to nr_cpu_ids=64.\r\n[    0.000000] RCU: Adjusting geometry for rcu_fanout_leaf=64, nr_cpu_ids=64\r\n[    0.000000] NR_IRQS:16640 nr_irqs:936 16\r\n[    0.000000] \tOffload RCU callbacks from all CPUs\r\n[    0.000000] \tOffload RCU callbacks from CPUs: 0-63.\r\n[    0.000000] Console: colour VGA+ 80x25\r\n[    0.000000] console [tty1] enabled\r\n[    0.000000] console [ttyS0] enabled\r\n[    0.000000] console [ttyS0] enabled\r\n[    0.000000] bootconsole [earlyser0] disabled\r\n[    0.000000] bootconsole [earlyser0] disabled\r\n[    0.000000] tsc: Fast TSC calibration failed\r\n[    0.000000] tsc: Unable to calibrate against PIT\r\n[    0.000000] tsc: using PMTIMER reference calibration\r\n[    0.000000] tsc: Detected 2397.157 MHz processor\r\n[    0.016035] Calibrating delay loop (skipped), value calculated using timer frequency.. 4794.31 BogoMIPS (lpj=9588628)\r\n[    0.021601] pid_max: default: 65536 minimum: 512\r\n[    0.023000] ACPI: Core revision 20150619\r\n[    0.025779] ACPI: All ACPI Tables successfully acquired\r\n[    0.029086] Security Framework initialized\r\n[    0.032031] AppArmor: AppArmor initialized\r\n[    0.033335] Yama: becoming mindful.\r\n[    0.034930] Dentry cache hash table entries: 524288 (order: 10, 4194304 bytes)\r\n[    0.036888] Inode-cache hash table entries: 262144 (order: 9, 2097152 bytes)\r\n[    0.038906] Mount-cache hash table entries: 8192 (order: 4, 65536 bytes)\r\n[    0.040026] Mountpoint-cache hash table entries: 8192 (order: 4, 65536 bytes)\r\n[    0.041868] Initializing cgroup subsys blkio\r\n[    0.044022] Initializing cgroup subsys memory\r\n[    0.045466] Initializing cgroup subsys devices\r\n[    0.046797] Initializing cgroup subsys freezer\r\n[    0.048022] Initializing cgroup subsys net_cls\r\n[    0.049336] Initializing cgroup subsys perf_event\r\n[    0.050680] Initializing cgroup subsys net_prio\r\n[    0.052021] Initializing cgroup subsys hugetlb\r\n[    0.054422] mce: CPU supports 1 MCE banks\r\n[    0.056039] Last level iTLB entries: 4KB 1024, 2MB 1024, 4MB 1024\r\n[    0.057498] Last level dTLB entries: 4KB 1024, 2MB 1024, 4MB 1024, 1GB 4\r\n[    0.077571] ftrace: allocating 30955 entries in 121 pages\r\n[    0.088154] Switched APIC routing to physical flat.\r\n[    0.104809] ..TIMER: vector=0x30 apic1=0 pin1=2 apic2=-1 pin2=-1\r\n[    0.108088] smpboot: CPU0: Intel(R) Xeon(R) CPU E5-2673 v3 @ 2.40GHz (fam: 06, model: 3f, stepping: 02)\r\n[    0.124039] Performance Events: unsupported p6 CPU model 63 no PMU driver, software events only.\r\n[    0.137410] x86: Booted up 1 node, 1 CPUs\r\n[    0.140008] smpboot: Total of 1 processors activated (4794.31 BogoMIPS)\r\n[    0.144014] NMI watchdog: disabled (cpu0): hardware events not enabled\r\n[    0.148001] NMI watchdog: Shutting down hard lockup detector on all cpus\r\n[    0.157907] devtmpfs: initialized\r\n[    0.161970] evm: security.selinux\r\n[    0.164006] evm: security.SMACK64\r\n[    0.168004] evm: security.SMACK64EXEC\r\n[    0.172006] evm: security.SMACK64TRANSMUTE\r\n[    0.176006] evm: security.SMACK64MMAP\r\n[    0.180013] evm: security.ima\r\n[    0.184002] evm: security.capability\r\n[    0.188146] PM: Registering ACPI NVS region [mem 0x1ffff000-0x1fffffff] (4096 bytes)\r\n[    0.192141] clocksource: jiffies: mask: 0xffffffff max_cycles: 0xffffffff, max_idle_ns: 7645041785100000 ns\r\n[    0.196248] pinctrl core: initialized pinctrl subsystem\r\n[    0.200403] RTC time: 20:23:19, date: 07/18/16\r\n[    0.204202] NET: Registered protocol family 16\r\n[    0.208227] cpuidle: using governor ladder\r\n[    0.212009] cpuidle: using governor menu\r\n[    0.216134] ACPI: bus type PCI registered\r\n[    0.220007] acpiphp: ACPI Hot Plug PCI Controller Driver version: 0.5\r\n[    0.224400] PCI: Using configuration type 1 for base access\r\n[    0.233684] ACPI: Added _OSI(Module Device)\r\n[    0.236003] ACPI: Added _OSI(Processor Device)\r\n[    0.240004] ACPI: Added _OSI(3.0 _SCP Extensions)\r\n[    0.244009] ACPI: Added _OSI(Processor Aggregator Device)\r\n[    0.252311] ACPI: Interpreter enabled\r\n[    0.256009] ACPI Exception: AE_NOT_FOUND, While evaluating Sleep State [\\_S1_] (20150619/hwxface-580)\r\n[    0.268003] ACPI Exception: AE_NOT_FOUND, While evaluating Sleep State [\\_S2_] (20150619/hwxface-580)\r\n[    0.280005] ACPI Exception: AE_NOT_FOUND, While evaluating Sleep State [\\_S3_] (20150619/hwxface-580)\r\n[    0.292006] ACPI Exception: AE_NOT_FOUND, While evaluating Sleep State [\\_S4_] (20150619/hwxface-580)\r\n[    0.304010] ACPI: (supports S0 S5)\r\n[    0.308003] ACPI: Using IOAPIC for interrupt routing\r\n[    0.312061] PCI: Using host bridge windows from ACPI; if necessary, use \"pci=nocrs\" and report a bug\r\n[    0.325597] ACPI: PCI Root Bridge [PCI0] (domain 0000 [bus 00-ff])\r\n[    0.328010] acpi PNP0A03:00: _OSC: OS supports [ASPM ClockPM Segments MSI]\r\n[    0.332021] acpi PNP0A03:00: _OSC failed (AE_NOT_FOUND); disabling ASPM\r\n[    0.336488] acpi PNP0A03:00: fail to add MMCONFIG information, can't access extended PCI configuration space under this bridge.\r\n[    0.340157] PCI host bridge to bus 0000:00\r\n[    0.344007] pci_bus 0000:00: root bus resource [bus 00-ff]\r\n[    0.348015] pci_bus 0000:00: root bus resource [mem 0xfe0000000-0xfffefffff window]\r\n[    0.352008] pci_bus 0000:00: root bus resource [io  0x0000-0x0cf7 window]\r\n[    0.356010] pci_bus 0000:00: root bus resource [io  0x0d00-0xffff window]\r\n[    0.360008] pci_bus 0000:00: root bus resource [mem 0x000a0000-0x000bffff window]\r\n[    0.364013] pci_bus 0000:00: root bus resource [mem 0x20000000-0xfffbffff window]\r\n[    0.373560] pci 0000:00:07.1: legacy IDE quirk: reg 0x10: [io  0x01f0-0x01f7]\r\n[    0.376003] pci 0000:00:07.1: legacy IDE quirk: reg 0x14: [io  0x03f6]\r\n[    0.380002] pci 0000:00:07.1: legacy IDE quirk: reg 0x18: [io  0x0170-0x0177]\r\n[    0.384008] pci 0000:00:07.1: legacy IDE quirk: reg 0x1c: [io  0x0376]\r\n[    0.388409] * Found PM-Timer Bug on the chipset. Due to workarounds for a bug,\r\n[    0.388409] * this clock source is slow. Consider trying other clock sources\r\n[    0.393542] pci 0000:00:07.3: quirk: [io  0x0400-0x043f] claimed by PIIX4 ACPI\r\n[    0.407154] ACPI: PCI Interrupt Link [LNKA] (IRQs 3 4 5 7 9 10 *11 12 14 15)\r\n[    0.429652] ACPI: PCI Interrupt Link [LNKB] (IRQs 3 4 5 7 9 10 11 12 14 15) *0, disabled.\r\n[    0.457823] ACPI: PCI Interrupt Link [LNKC] (IRQs 3 4 5 7 9 10 11 12 14 15) *0, disabled.\r\n[    0.485682] ACPI: PCI Interrupt Link [LNKD] (IRQs 3 4 5 7 9 10 11 12 14 15) *0, disabled.\r\n[    0.509662] ACPI: Enabled 1 GPEs in block 00 to 0F\r\n[    0.512190] vgaarb: setting as boot device: PCI:0000:00:08.0\r\n[    0.516000] vgaarb: device added: PCI:0000:00:08.0,decodes=io+mem,owns=io+mem,locks=none\r\n[    0.516010] vgaarb: loaded\r\n[    0.520004] vgaarb: bridge control possible 0000:00:08.0\r\n[    0.524287] SCSI subsystem initialized\r\n[    0.528130] ACPI: bus type USB registered\r\n[    0.532060] usbcore: registered new interface driver usbfs\r\n[    0.536042] usbcore: registered new interface driver hub\r\n[    0.540068] usbcore: registered new device driver usb\r\n[    0.544277] PCI: Using ACPI for IRQ routing\r\n[    0.548529] NetLabel: Initializing\r\n[    0.552003] NetLabel:  domain hash size = 128\r\n[    0.556007] NetLabel:  protocols = UNLABELED CIPSOv4\r\n[    0.560018] NetLabel:  unlabeled traffic allowed by default\r\n[    0.564168] clocksource: Switched to clocksource hyperv_clocksource\r\n[    0.582830] AppArmor: AppArmor Filesystem Enabled\r\n[    0.593927] pnp: PnP ACPI init\r\n[    0.609565] system 00:06: [io  0x01e0-0x01ef] has been reserved\r\n[    0.621406] system 00:06: [io  0x0160-0x016f] has been reserved\r\n[    0.633776] system 00:06: [io  0x0278-0x027f] has been reserved\r\n[    0.647898] system 00:06: [io  0x0378-0x037f] has been reserved\r\n[    0.662199] system 00:06: [io  0x0678-0x067f] has been reserved\r\n[    0.676372] system 00:06: [io  0x0778-0x077f] has been reserved\r\n[    0.688209] system 00:06: [io  0x04d0-0x04d1] has been reserved\r\n[    0.703246] system 00:07: [io  0x0400-0x043f] has been reserved\r\n[    0.715573] system 00:07: [io  0x0370-0x0371] has been reserved\r\n[    0.726832] system 00:07: [io  0x0440-0x044f] has been reserved\r\n[    0.740822] system 00:07: [mem 0xfec00000-0xfec00fff] could not be reserved\r\n[    0.754204] system 00:07: [mem 0xfee00000-0xfee00fff] has been reserved\r\n[    0.766511] system 00:08: [mem 0x00000000-0x0009ffff] could not be reserved\r\n[    0.780628] system 00:08: [mem 0x000c0000-0x000dffff] could not be reserved\r\n[    0.795836] system 00:08: [mem 0x000e0000-0x000fffff] could not be reserved\r\n[    0.808457] system 00:08: [mem 0x00100000-0x1fffffff] could not be reserved\r\n[    0.820893] system 00:08: [mem 0xfffc0000-0xffffffff] has been reserved\r\n[    0.833025] pnp: PnP ACPI: found 9 devices\r\n[    0.848450] clocksource: acpi_pm: mask: 0xffffff max_cycles: 0xffffff, max_idle_ns: 2085701024 ns\r\n[    0.867155] NET: Registered protocol family 2\r\n[    0.876229] TCP established hash table entries: 32768 (order: 6, 262144 bytes)\r\n[    0.894949] TCP bind hash table entries: 32768 (order: 7, 524288 bytes)\r\n[    0.906906] TCP: Hash tables configured (established 32768 bind 32768)\r\n[    0.918799] UDP hash table entries: 2048 (order: 4, 65536 bytes)\r\n[    0.930110] UDP-Lite hash table entries: 2048 (order: 4, 65536 bytes)\r\n[    0.942190] NET: Registered protocol family 1\r\n[    0.958120] pci 0000:00:00.0: Limiting direct PCI/PCI transfers\r\n[    0.977801] Trying to unpack rootfs image as initramfs...\r\n[    1.612815] Freeing initrd memory: 30528K (ffff88001d9ba000 - ffff88001f78a000)\r\n[    1.629065] PCI-DMA: Using software bounce buffering for IO (SWIOTLB)\r\n[    1.641571] software IO TLB [mem 0x199ba000-0x1d9ba000] (64MB) mapped at [ffff8800199ba000-ffff88001d9b9fff]\r\n[    1.661078] clocksource: tsc: mask: 0xffffffffffffffff max_cycles: 0x228db9f98e3, max_idle_ns: 440795287555 ns\r\n[    1.683149] RAPL PMU detected, API unit is 2^-32 Joules, 3 fixed counters 10737418240 ms ovfl timer\r\n[    1.711198] hw unit of domain pp0-core 2^-0 Joules\r\n[    1.716250] hw unit of domain package 2^-0 Joules\r\n[    1.721245] hw unit of domain dram 2^-16 Joules\r\n[    1.726055] microcode: CPU0 sig=0x306f2, pf=0x1, revision=0xffffffff\r\n[    1.736672] microcode: Microcode Update Driver: v2.00 <tigran@aivazian.fsnet.co.uk>, Peter Oruba\r\n[    1.773070] Scanning for low memory corruption every 60 seconds\r\n[    1.789327] futex hash table entries: 16384 (order: 8, 1048576 bytes)\r\n[    1.801608] Initialise system trusted keyring\r\n[    1.812927] audit: initializing netlink subsys (disabled)\r\n[    1.824191] audit: type=2000 audit(1468873399.824:1): initialized\r\n[    1.837799] HugeTLB registered 2 MB page size, pre-allocated 0 pages\r\n[    1.853503] zpool: loaded\r\n[    1.860916] zbud: loaded\r\n[    1.867057] VFS: Disk quotas dquot_6.6.0\r\n[    1.878379] VFS: Dquot-cache hash table entries: 512 (order 0, 4096 bytes)\r\n[    1.893108] fuse init (API version 7.23)\r\n[    1.902525] Key type big_key registered\r\n[    1.913560] Key type asymmetric registered\r\n[    1.921769] Asymmetric key parser 'x509' registered\r\n[    1.932762] Block layer SCSI generic (bsg) driver version 0.4 loaded (major 249)\r\n[    1.946840] io scheduler noop registered\r\n[    1.956187] io scheduler deadline registered (default)\r\n[    1.966787] io scheduler cfq registered\r\n[    1.975574] pci_hotplug: PCI Hot Plug PCI Core version: 0.5\r\n[    1.987600] pciehp: PCI Express Hot Plug Controller Driver version: 0.4\r\n[    2.000237] input: Power Button as /devices/LNXSYSTM:00/LNXPWRBN:00/input/input0\r\n[    2.014532] ACPI: Power Button [PWRF]\r\n[    2.021948] GHES: HEST is not enabled!\r\n[    2.029396] Serial: 8250/16550 driver, 32 ports, IRQ sharing enabled\r\n[    2.083026] 00:03: ttyS0 at I/O 0x3f8 (irq = 4, base_baud = 115200) is a 16550A\r\n[    2.135716] 00:04: ttyS1 at I/O 0x2f8 (irq = 3, base_baud = 115200) is a 16550A\r\n[    2.150320] Linux agpgart interface v0.103\r\n[    2.160924] brd: module loaded\r\n[    2.168757] loop: module loaded\r\n[    2.175472] ata_piix 0000:00:07.1: Hyper-V Virtual Machine detected, ATA device ignore set\r\n[    2.193151] scsi host0: ata_piix\r\n[    2.200199] scsi host1: ata_piix\r\n[    2.206883] ata1: PATA max UDMA/33 cmd 0x1f0 ctl 0x3f6 bmdma 0xffa0 irq 14\r\n[    2.221773] ata2: PATA max UDMA/33 cmd 0x170 ctl 0x376 bmdma 0xffa8 irq 15\r\n[    2.235796] libphy: Fixed MDIO Bus: probed\r\n[    2.244516] tun: Universal TUN/TAP device driver, 1.6\r\n[    2.253800] tun: (C) 1999-2004 Max Krasnyansky <maxk@qualcomm.com>\r\n[    2.265826] PPP generic driver version 2.4.2\r\n[    2.277358] ehci_hcd: USB 2.0 'Enhanced' Host Controller (EHCI) Driver\r\n[    2.292715] ehci-pci: EHCI PCI platform driver\r\n[    2.303701] ehci-platform: EHCI generic platform driver\r\n[    2.314521] ohci_hcd: USB 1.1 'Open' Host Controller (OHCI) Driver\r\n[    2.333364] ohci-pci: OHCI PCI platform driver\r\n[    2.344633] ohci-platform: OHCI generic platform driver\r\n[    2.355608] uhci_hcd: USB Universal Host Controller Interface driver\r\n[    2.368442] i8042: PNP: PS/2 Controller [PNP0303:PS2K,PNP0f03:PS2M] at 0x60,0x64 irq 1,12\r\n[    2.393939] serio: i8042 KBD port at 0x60,0x64 irq 1\r\n[    2.406526] ata2.00: ATAPI: Virtual CD, , max MWDMA2\r\n[    2.418368] serio: i8042 AUX port at 0x60,0x64 irq 12\r\n[    2.431343] ata2.00: configured for MWDMA2\r\n[    2.446318] mousedev: PS/2 mouse device common for all mice\r\n[    2.466617] rtc_cmos 00:00: RTC can wake from S4\r\n[    2.478258] scsi 1:0:0:0: CD-ROM            Msft     Virtual CD/ROM   1.0  PQ: 0 ANSI: 5\r\n[    2.497022] input: AT Translated Set 2 keyboard as /devices/platform/i8042/serio0/input/input1\r\n[    2.539529] sr 1:0:0:0: [sr0] scsi3-mmc drive: 0x/0x tray\r\n[    2.561002] cdrom: Uniform CD-ROM driver Revision: 3.20\r\n[    2.572891] rtc_cmos 00:00: rtc core: registered rtc_cmos as rtc0\r\n[    2.585097] rtc_cmos 00:00: alarms up to one month, 114 bytes nvram\r\n[    2.598602] sr 1:0:0:0: Attached scsi generic sg0 type 5\r\n[    2.611096] i2c /dev entries driver\r\n[    2.619062] device-mapper: uevent: version 1.0.3\r\n[    2.628884] device-mapper: ioctl: 4.33.0-ioctl (2015-8-18) initialised: dm-devel@redhat.com\r\n[    2.644218] ledtrig-cpu: registered to indicate activity on CPUs\r\n[    2.655597] PCCT header not found.\r\n[    2.662945] NET: Registered protocol family 10\r\n[    2.672227] NET: Registered protocol family 17\r\n[    2.683134] Key type dns_resolver registered\r\n[    2.693075] Loading compiled-in X.509 certificates\r\n[    2.703295] Loaded X.509 cert 'Build time autogenerated kernel key: 496c94160eff313b4f6dec3de299bde8f4a608ce'\r\n[    2.721772] registered taskstats version 1\r\n[    2.730086] zswap: loading zswap\r\n[    2.736583] zswap: using zbud pool\r\n[    2.743417] zswap: using lzo compressor\r\n[    2.754628] Key type trusted registered\r\n[    2.773506] Key type encrypted registered\r\n[    2.786720] AppArmor: AppArmor sha1 policy hashing enabled\r\n[    2.800789] ima: No TPM chip found, activating TPM-bypass!\r\n[    2.815937] evm: HMAC attrs: 0x1\r\n[    2.830315]   Magic number: 8:304:397\r\n[    2.840504] mem random: hash matches\r\n[    2.848706] rtc_cmos 00:00: setting system clock to 2016-07-18 20:23:22 UTC (1468873402)\r\n[    2.867221] BIOS EDD facility v0.16 2004-Jun-25, 0 devices found\r\n[    2.881734] EDD information not available.\r\n[    2.894113] Freeing unused kernel memory: 1464K (ffffffff81f37000 - ffffffff820a5000)\r\n[    2.912083] Write protecting the kernel read-only data: 14336k\r\n[    2.926246] Freeing unused kernel memory: 2044K (ffff880001801000 - ffff880001a00000)\r\n[    2.941947] Freeing unused kernel memory: 288K (ffff880001db8000 - ffff880001e00000)\r\nLoading, please wait...\r\nstarting version 225\r\n[    2.998227] random: udevadm urandom read with 3 bits of entropy available\r\n[    3.086359] Floppy drive(s): fd0 is 1.44M\r\n[    3.104516] clocksource: hyperv_clocksource_tsc_page: mask: 0xffffffffffffffff max_cycles: 0x24e6a1710, max_idle_ns: 440795202120 ns\r\n[    3.243602] AVX2 version of gcm_enc/dec engaged.\r\n[    3.257331] AES CTR mode by8 optimization enabled\r\n[    3.268673] FDC 0 is an 82078.\r\n[    3.316072] clocksource: Switched to clocksource hyperv_clocksource_tsc_page\r\n[    3.477591] hv_vmbus: Hyper-V Host Build:9600-6.3-18-0.18190; Vmbus version:3.0\r\n[    3.498279] hv_utils: Registering HyperV Utility Driver\r\n[    3.509292] hv_vmbus: registering driver hv_util\r\n[    3.521465] hv_vmbus: registering driver hv_storvsc\r\n[    3.539362] hidraw: raw HID events driver (C) Jiri Kosina\r\n[    3.559084] hv_vmbus: registering driver hid_hyperv\r\n[    3.580707] scsi host2: storvsc_host_t\r\n[    3.589656] scsi 2:0:0:0: Direct-Access     Msft     Virtual Disk     1.0  PQ: 0 ANSI: 4\r\n[    3.604867] psmouse serio1: trackpoint: failed to get extended button data\r\n[    3.618038] sd 2:0:0:0: Attached scsi generic sg1 type 0\r\n[    3.628603] sd 2:0:0:0: [sda] 61440000 512-byte logical blocks: (31.4 GB/29.2 GiB)\r\n[    3.646390] hv_vmbus: registering driver hv_netvsc\r\n[    3.656363] sd 2:0:0:0: [sda] Write Protect is off\r\n[    3.665985] input: Microsoft Vmbus HID-compliant Mouse as /devices/0006:045E:0621.0001/input/input4\r\n[    3.682290] sd 2:0:0:0: [sda] Write cache: enabled, read cache: enabled, supports DPO and FUA\r\n[    3.701444] hid-generic 0006:045E:0621.0001: input: <UNKNOWN> HID v0.01 Mouse [Microsoft Vmbus HID-compliant Mouse] on \r\n[    3.725060]  sda: sda1\r\n[    3.732204] sd 2:0:0:0: [sda] Attached SCSI disk\r\n[    3.747190] scsi host3: storvsc_host_t\r\n[    3.757366] scsi 3:0:1:0: Direct-Access     Msft     Virtual Disk     1.0  PQ: 0 ANSI: 4\r\n[    3.789481] sd 3:0:1:0: Attached scsi generic sg2 type 0\r\n[    3.801237] sd 3:0:1:0: [sdb] 104857600 512-byte logical blocks: (53.6 GB/50.0 GiB)\r\n[    3.819649] sd 3:0:1:0: [sdb] 4096-byte physical blocks\r\n[    3.830722] sd 3:0:1:0: [sdb] Write Protect is off\r\n[    3.843126] hv_netvsc: hv_netvsc channel opened successfully\r\n[    3.856085] sd 3:0:1:0: [sdb] Write cache: enabled, read cache: enabled, supports DPO and FUA\r\n[    3.884722]  sdb: sdb1\r\n[    3.890765] sd 3:0:1:0: [sdb] Attached SCSI disk\r\n[    4.030396] hv_netvsc vmbus_16: Send section size: 6144, Section count:2560\r\n[    4.043762] hv_netvsc vmbus_16: Device MAC 00:0d:3a:14:4a:b7 link state up\r\n[    4.064483] scsi host4: storvsc_host_t\r\n[    4.073218] scsi 4:0:0:0: scsi scan: INQUIRY result too short (5), using 36\r\n[    4.087114] scsi 4:0:0:1: scsi scan: INQUIRY result too short (5), using 36\r\n[    4.100245] scsi 4:0:1:0: scsi scan: INQUIRY result too short (5), using 36\r\n[    4.114013] scsi 4:0:1:1: scsi scan: INQUIRY result too short (5), using 36\r\n[    4.127255] scsi host5: storvsc_host_t\r\n[    4.134747] scsi 4:1:0:0: scsi scan: INQUIRY result too short (5), using 36\r\n[    4.148222] scsi 5:0:0:0: scsi scan: INQUIRY result too short (5), using 36\r\n[    4.161271] scsi 4:1:0:1: scsi scan: INQUIRY result too short (5), using 36\r\n[    4.175394] scsi 5:0:0:1: scsi scan: INQUIRY result too short (5), using 36\r\n[    4.188452] scsi 4:1:1:0: scsi scan: INQUIRY result too short (5), using 36\r\n[    4.201679] scsi 5:0:1:0: scsi scan: INQUIRY result too short (5), using 36\r\n[    4.215804] scsi 4:1:1:1: scsi scan: INQUIRY result too short (5), using 36\r\n[    4.229510] scsi 5:0:1:1: scsi scan: INQUIRY result too short (5), using 36\r\n[    4.242576] scsi 4:2:0:0: scsi scan: INQUIRY result too short (5), using 36\r\n[    4.257154] scsi 4:2:0:1: scsi scan: INQUIRY result too short (5), using 36\r\n[    4.270540] scsi 5:1:0:0: scsi scan: INQUIRY result too short (5), using 36\r\n[    4.283936] scsi 4:2:1:0: scsi scan: INQUIRY result too short (5), using 36\r\n[    4.297044] scsi 5:1:0:1: scsi scan: INQUIRY result too short (5), using 36\r\n[    4.310388] scsi 5:1:1:0: scsi scan: INQUIRY result too short (5), using 36\r\n[    4.324983] scsi 4:2:1:1: scsi scan: INQUIRY result too short (5), using 36\r\n[    4.338964] scsi 5:1:1:1: scsi scan: INQUIRY result too short (5), using 36\r\n[    4.351777] scsi 4:3:0:0: scsi scan: INQUIRY result too short (5), using 36\r\n[    4.366983] scsi 5:2:0:0: scsi scan: INQUIRY result too short (5), using 36\r\n[    4.380126] scsi 4:3:0:1: scsi scan: INQUIRY result too short (5), using 36\r\n[    4.393331] scsi 5:2:0:1: scsi scan: INQUIRY result too short (5), using 36\r\n[    4.406252] scsi 4:3:1:0: scsi scan: INQUIRY result too short (5), using 36\r\n[    4.420429] scsi 5:2:1:0: scsi scan: INQUIRY result too short (5), using 36\r\n[    4.433463] scsi 4:3:1:1: scsi scan: INQUIRY result too short (5), using 36\r\n[    4.446532] scsi 5:2:1:1: scsi scan: INQUIRY result too short (5), using 36\r\n[    4.459371] scsi 4:4:0:0: scsi scan: INQUIRY result too short (5), using 36\r\n[    4.473236] scsi 5:3:0:0: scsi scan: INQUIRY result too short (5), using 36\r\n[    4.487372] scsi 4:4:0:1: scsi scan: INQUIRY result too short (5), using 36\r\n[    4.500680] scsi 5:3:0:1: scsi scan: INQUIRY result too short (5), using 36\r\n[    4.513479] scsi 4:4:1:0: scsi scan: INQUIRY result too short (5), using 36\r\n[    4.527837] scsi 5:3:1:0: scsi scan: INQUIRY result too short (5), using 36\r\n[    4.541125] scsi 4:4:1:1: scsi scan: INQUIRY result too short (5), using 36\r\n[    4.554797] scsi 5:3:1:1: scsi scan: INQUIRY result too short (5), using 36\r\n[    4.568884] scsi 4:5:0:0: scsi scan: INQUIRY result too short (5), using 36\r\n[    4.582494] scsi 5:4:0:0: scsi scan: INQUIRY result too short (5), using 36\r\n[    4.595265] scsi 4:5:0:1: scsi scan: INQUIRY result too short (5), using 36\r\n[    4.607799] scsi 5:4:0:1: scsi scan: INQUIRY result too short (5), using 36\r\n[    4.620564] scsi 4:5:1:0: scsi scan: INQUIRY result too short (5), using 36\r\n[    4.633633] scsi 5:4:1:0: scsi scan: INQUIRY result too short (5), using 36\r\n[    4.646043] scsi 4:5:1:1: scsi scan: INQUIRY result too short (5), using 36\r\n[    4.659063] scsi 5:4:1:1: scsi scan: INQUIRY result too short (5), using 36\r\n[    4.671508] scsi 4:6:0:0: scsi scan: INQUIRY result too short (5), using 36\r\n[    4.684094] scsi 5:5:0:0: scsi scan: INQUIRY result too short (5), using 36\r\n[    4.696714] scsi 4:6:0:1: scsi scan: INQUIRY result too short (5), using 36\r\n[    4.710012] scsi 5:5:0:1: scsi scan: INQUIRY result too short (5), using 36\r\n[    4.727436] scsi 4:6:1:0: scsi scan: INQUIRY result too short (5), using 36\r\n[    4.740197] scsi 4:6:1:1: scsi scan: INQUIRY result too short (5), using 36\r\n[    4.752942] scsi 5:5:1:0: scsi scan: INQUIRY result too short (5), using 36\r\n[    4.765480] scsi 4:7:0:0: scsi scan: INQUIRY result too short (5), using 36\r\n[    4.777906] scsi 5:5:1:1: scsi scan: INQUIRY result too short (5), using 36\r\n[    4.790437] scsi 4:7:0:1: scsi scan: INQUIRY result too short (5), using 36\r\n[    4.803325] scsi 5:6:0:0: scsi scan: INQUIRY result too short (5), using 36\r\n[    4.816182] scsi 4:7:1:0: scsi scan: INQUIRY result too short (5), using 36\r\n[    4.833930] scsi 5:6:0:1: scsi scan: INQUIRY result too short (5), using 36\r\n[    4.847094] scsi 5:6:1:0: scsi scan: INQUIRY result too short (5), using 36\r\n[    4.859804] scsi 4:7:1:1: scsi scan: INQUIRY result too short (5), using 36\r\n[    4.872487] scsi 5:6:1:1: scsi scan: INQUIRY result too short (5), using 36\r\n[    4.885204] scsi 5:7:0:0: scsi scan: INQUIRY result too short (5), using 36\r\n[    4.897838] scsi 5:7:0:1: scsi scan: INQUIRY result too short (5), using 36\r\n[    4.910370] scsi 5:7:1:0: scsi scan: INQUIRY result too short (5), using 36\r\n[    4.924089] scsi 5:7:1:1: scsi scan: INQUIRY result too short (5), using 36\r\nBegin: Loading essential drivers ... done.\r\r\nBegin: Running /scripts/init-premount ... done.\r\r\nBegin: Mounting root file system ... Begin: Running /scripts/local-top ... done.\r\r\nBegin: Running /scripts/local-premount ... done.\r\r\nBegin: Checking root file system ... fsck from util-linux 2.26.2\r\r\ncloudimg-rootfs: clean, 73671/245760 files, 353697/524032 blocks\r\r\ndone.\r\r\n[    6.529249] EXT4-fs (sda1): mounted filesystem with ordered data mode. Opts: (null)\r\ndone.\r\r\nBegin: Running /scripts/local-bottom ... done.\r\r\nBegin: Running /scripts/init-bottom ... Warning: overlayroot: debug is busted\r\r\ndone.\r\r\n[    7.755824] random: nonblocking pool is initialized\r\n[    8.452069] psmouse serio1: trackpoint: IBM TrackPoint firmware: 0x01, buttons: 0/0\r\n[    8.466505] input: TPPS/2 IBM TrackPoint as /devices/platform/i8042/serio1/input/input3\r\n[    8.809072] systemd[1]: Failed to insert module 'kdbus': Function not implemented\r\n[    9.325157] systemd[1]: systemd 225 running in system mode. (+PAM +AUDIT +SELINUX +IMA +APPARMOR +SMACK +SYSVINIT +UTMP +LIBCRYPTSETUP +GCRYPT +GNUTLS +ACL +XZ -LZ4 +SECCOMP +BLKID -ELFUTILS +KMOD -IDN)\r\n[    9.359815] systemd[1]: Detected virtualization microsoft.\r\n[    9.371867] systemd[1]: Detected architecture x86-64.\r\n\r\r\nWelcome to \u001b[1mUbuntu 15.10\u001b[0m!\r[    9.388902] systemd[1]: Set hostname to <ubuntu>.\r\n\r\n\r\r\n[    9.435754] systemd[1]: Initializing machine ID from random generator.\r\n[    9.447825] systemd[1]: Installed transient /etc/machine-id file.\r\netc-machine\\x2did.mount\r\r\n[   10.503092] systemd[1]: sshd-keygen.service: Cannot add dependency job, ignoring: Unit sshd-keygen.service failed to load: No such file or directory.\r\n-.mount\r\r\n[   10.532219] systemd[1]: sshd-keygen.service: Cannot add dependency job, ignoring: Unit sshd-keygen.service failed to load: No such file or directory.\r\n[   10.555028] systemd[1]: display-manager.service: Cannot add dependency job, ignoring: Unit display-manager.service failed to load: No such file or directory.\r\n[   10.579639] systemd[1]: Reached target Swap.\r\n[\u001b[32m  OK  \u001b[0m[   10.591067] systemd[1]: Started Forward Password Requests to Wall Directory Watch.\r\n] Reached target Swap.\r\r\n[\u001b[32m  OK  \u001b[0m[   10.611470] systemd[1]: Created slice Root Slice.\r\n] Started Forward Password Requests to Wall Directory Watch.\r\r\n[   10.628077] systemd[1]: Listening on Journal Socket.\r\n[\u001b[32m  OK  \u001b[0m] Created slice Root Slice.\r\r\n[\u001b[32m  OK  \u001b[0m[   10.647993] systemd[1]: Listening on /dev/initctl Compatibility Named Pipe.\r\n] Listening on Journal Socket.\r\r\n[\u001b[32m  OK  \u001b[0m[   10.668317] systemd[1]: Set up automount Arbitrary Executable File Formats File System Automount Point.\r\n] Listening on /dev/initctl Compatibility Named Pipe.\r\r\n[\u001b[32m  OK  \u001b[0m] Set up automount Arbitrary Executab...ats File System Automount Point.\r[   10.704252] systemd[1]: Created slice User and Session Slice.\r\n\r\n[\u001b[32m  OK  \u001b[0m[   10.719490] systemd[1]: Listening on Journal Audit Socket.\r\n] Created slice User and Session Slice.\r\r\n[\u001b[32m  OK  \u001b[0m[   10.740769] systemd[1]: Listening on udev Kernel Socket.\r\n] Listening on Journal Audit Socket.\r\r\n[\u001b[32m  OK  \u001b[0m[   10.760867] systemd[1]: Reached target Remote File Systems (Pre).\r\n] Listening on udev Kernel Socket.\r\r\n[\u001b[32m  OK  \u001b[0m[   10.781230] systemd[1]: Reached target User and Group Name Lookups.\r\n] Reached target Remote File Systems (Pre).\r\r\n[\u001b[32m  OK  \u001b[0m[   10.803137] systemd[1]: Listening on udev Control Socket.\r\n] Reached target User and Group Name Lookups.\r\r\n[\u001b[32m  OK  \u001b[0m[   10.823643] systemd[1]: Listening on Journal Socket (/dev/log).\r\n] Listening on udev Control Socket.\r\r\n[\u001b[32m  OK  \u001b[0m[   10.844997] systemd[1]: Reached target Encrypted Volumes.\r\n] Listening on Journal Socket (/dev/log).\r\r\n[\u001b[32m  OK  \u001b[0m[   10.865375] systemd[1]: Created slice System Slice.\r\n] Reached target Encrypted Volumes.\r\r\n[\u001b[32m  OK  \u001b[0m[   10.884676] systemd[1]: Created slice system-getty.slice.\r\n] Created slice System Slice.\r\r\n[\u001b[32m  OK  \u001b[0m[   10.903174] systemd[1]: Created slice system-serial\\x2dgetty.slice.\r\n] Created slice system-getty.slice.\r\r\n[\u001b[32m  OK  \u001b[0m] Created slice system-serial\\x2dgetty.slice.\r[   10.929602] systemd[1]: Starting Increase datagram queue length...\r\n\r\n         Starting Increase datagram queue length...[   10.952264] systemd[1]: Starting Setup Virtual Console...\r\n\r\r\n         Starting Setup Virtual Console...[   10.977318] systemd[1]: Reached target Slices.\r\n\r\r\n[\u001b[32m  OK  \u001b[0m[   10.991963] systemd[1]: Mounting Huge Pages File System...\r\n] Reached target Slices.\r\r\n         Mounting Huge Pages File System...\r\r\n[   11.087669] systemd[1]: Starting Uncomplicated firewall...\r\n         Starting Uncomplicated firewall...\r\r\n[   11.113080] systemd[1]: Starting Load Kernel Modules...\r\n         Starting Load Kernel Modules...[   11.131372] systemd[1]: Starting Create list of required static device nodes for the current kernel...\r\n\r\r\n         Starting Create list of required st... nodes for the current kernel...[   11.162254] systemd[1]: Mounting Debug File System...\r\n\r\r\n[   11.175255] systemd[1]: Starting Remount Root and Kernel File Systems...\r\n         Mounting Debug File System...\r\r\n        
[   11.197607] systemd[1]: Mounting POSIX Message Queue File System...\r\nStarting Remount Root and Kernel File Systems...\r\r\n         Mounting POSIX Message Queue File System...[   11.231455] systemd[1]: Starting udev Coldplug all Devices...\r\n\r\r\n         Starting udev Coldplug all Devices...[   11.255070] systemd[1]: Mounted Huge Pages File System.\r\n\r\r\n[\u001b[32m  OK  \u001b[0m[   11.270675] systemd[1]: Mounted Debug File System.\r\n] Mounted Huge Pages File System.\r\r\ndev-hugepages.mount\r[   11.288530] systemd[1]: Mounted POSIX Message Queue File System.\r\n\r\n[\u001b[32m  OK  \u001b[0m] Mounted Debug File System.\r[   11.306834] EXT4-fs (sda1): re-mounted. Opts: discard\r\n\r\nsys-kernel-debug.mount\r[   11.321469] systemd[1]: Started Increase datagram queue length.\r\n\r\n[\u001b[32m  OK  \u001b[0m] Mounted POSIX Message Queue File System.\r\r\ndev-mqueue.mount\r\r\n[\u001b[32m  OK  \u001b[0m] Started Increase datagram queue length.\r[   11.354302] systemd[1]: Started Setup Virtual Console.\r\n[   11.363736] systemd[1]: Started Uncomplicated firewall.\r\n\r\n[\u001b[32m  OK  \u001b[0m] Started Setup Virtual Console.\r\r\nsystemd-setup-dgram-qlen.service[   11.386351] systemd[1]: Started Load Kernel Modules.\r\n\r\r\nsystemd-vconsole-setup.service\r[   11.408006] systemd[1]: Started Create list of required static device nodes for the current kernel.\r\n\r\n[\u001b[32m  OK  \u001b[0m] Started Uncomplicated firewall.\r\r\n[\u001b[32m  OK  \u001b[0m] Started Load Kernel Modules.\r\r\nufw.service\r\r\nsystemd-modules-load.service[   11.453797] systemd[1]: Started Remount Root and Kernel File Systems.\r\n\r\r\n[\u001b[32m  OK  \u001b[0m] Started Create list of required sta...ce nodes for the current kernel.\r\r\n[\u001b[32m  OK  \u001b[0m] Started Remount Root and Kernel File Systems.\r\r\nkmod-static-nodes.service\r\r\nsystemd-remount-fs.service[   11.530158] systemd[1]: Starting Load/Save Random Seed...\r\n\r\r\n        
[   11.571015] systemd[1]: Starting Ensure /etc/mtab is a symlink to /proc/mounts...\r\nStarting Load/Save Random Seed...\r[   11.592595] systemd[1]: Starting Create Static Device Nodes in /dev...\r\n\r\n         Starting Ensure /etc/mtab is a symlink to /proc/mounts...\r\r\n         Starting Create Static Device Nodes in /dev...[   11.624654] systemd[1]: Starting Apply Kernel Variables...\r\n\r\r\n         Starting Apply Kernel Variables...[   11.648382] systemd[1]: Mounting FUSE Control File System...\r\n\r\r\n         Mounting FUSE Control File System...[   11.670659] systemd[1]: Listening on Syslog Socket.\r\n\r\r\n[\u001b[32m  OK  \u001b[0m[   11.687678] systemd[1]: Starting Journal Service...\r\n] Listening on Syslog Socket.\r\r\n         Starting Journal Service...[   11.707646] systemd[1]: Mounted FUSE Control File System.\r\n\r\r\n[\u001b[32m  OK  \u001b[0m[   11.725158] systemd[1]: Started udev Coldplug all Devices.\r\n] Mounted FUSE Control File System.\r\r\nsys-fs-fuse-connections.mount\r\r\n[   11.749038] systemd[1]: Started Load/Save Random Seed.\r\n[\u001b[32m  OK  \u001b[0m] Started udev Coldplug all Devices.\r\r\nsystemd-udev-trigger.service\r\r\n[\u001b[32m  OK  \u001b[0m] Started Load/Save Random Seed.\r\r\nsystemd-random-seed.service\r\r\n[   11.804539] systemd[1]: Started Ensure /etc/mtab is a symlink to /proc/mounts.\r\n[\u001b[32m  OK  \u001b[0m] Started Ensure /etc/mtab is a symlink to /proc/mounts.\r\r\ndebian-fixup.service\r\r\n[\u001b[32m  OK  \u001b[0m] Started Apply Kernel Variables.\r\r\nsystemd-sysctl.service\r\r\n[\u001b[32m  OK  \u001b[0m] Started Journal Service.\r\r\n         Starting Flush Journal to Persistent Storage...\r\r\nsystemd-journald.service\r\r\n[\u001b[32m  OK  \u001b[0m] Started Create Static Device Nodes in /dev.\r\r\n         Starting udev Kernel Device Manager...\r\r\n[\u001b[32m  OK  \u001b[0m] Started Flush Journal to Persistent Storage.\r\r\nsystemd-tmpfiles-setup-dev.service\r\r\nsystemd-journal-flush.service\r\r\n[\u001b[32m  OK  \u001b[0m] Started udev Kernel Device Manager.\r\r\n[\u001b[32m  OK  \u001b[0m] Reached target Local File Systems (Pre).\r\r\nsystemd-udevd.service\r\r\n         Mounting /etc/network/interfaces.dynamic.d...\r\r\n[\u001b[32m  OK  \u001b[0m] Mounted /etc/network/interfaces.dynamic.d.\r\r\n[\u001b[32m  OK  \u001b[0m] Reached target Local File Systems.\r\r\n         Starting Commit a transient machine-id on disk...\r\r\n         Starting Create Volatile Files and Directories...\r\r\n         Starting Wait for all \"auto\" /etc/n... up for network-online.target...\r\r\n         Starting Tell Plymouth To Write Out Runtime Data...\r\r\n[\u001b[32m  OK  \u001b[0m] Reached target Remote File Systems.\r\r\n         Starting LSB: AppArmor initialization...\r\r\n         Starting Set console keymap...\r\r\n         Starting Clean up any mess left by 0dns-up...\r\r\n[\u001b[32m  OK  \u001b[0m] Started Create Volatile Files and Directories.\r\r\n         Starting Update UTMP about System Boot/Shutdown...\r\r\n         Starting Network Time Synchronization...\r\r\n[\u001b[32m  OK  \u001b[0m] Started Commit a transient machine-id on disk.\r\r\netc-network-interfaces.dynamic.d.mount\r\r\n[\u001b[32m  OK  \u001b[0m] Started Update UTMP about System Boot/Shutdown.\r\r\nsystemd-tmpfiles-setup.service\r\r\n[\u001b[32m  OK  \u001b[0m] Started Network Time Synchronization.\r\r\n[\u001b[32m  OK  \u001b[0m] Reached target System Time Synchronized.\r\r\nsystemd-machine-id-commit.service\r\r\nsystemd-update-utmp.service\r\r\nsystemd-timesyncd.service\r\r\n[\u001b[32m  OK  \u001b[0m] Started Tell Plymouth To W Out Runtime Data.\r\r\n[\u001b[32m  OK  \u001b[0m] Started Clean up any mess left by 0dns-up.\r\r\n         Starting Nameserver information manager...\r\r\n[\u001b[32m  OK  \u001b[0m] Started Nameserver information manager.\r\r\nresolvconf.service\r\r\n[\u001b[32m  OK  \u001b[0m] Started Set console keymap.\r\r\n[\u001b[32m  OK  \u001b[0m] Created slice system-ifup.slice.\r\r\n[\u001b[32m  OK  \u001b[0m] Found device /sys/subsystem/net/devices/eth0.\r\r\n[\u001b[32m  OK  \u001b[0m] Found device /dev/ttyS0.\r\r\n[   13.675395] piix4_smbus 0000:00:07.3: SMBus base address uninitialized - upgrade BIOS or use force_addr=0xaddr\r\n[   13.885198] intel_rapl: no valid rapl domains found in package 0\r\n[\u001b[32m  OK  \u001b[0m] Started LSB: AppArmor initialization.\r\r\n         Starting LSB: Raise network interfaces....\r\r\n[\u001b[32m  OK  \u001b[0m] Started ifup for eth0.\r\r\napparmor.service\r\r\nifup@eth0.service\r\r\n[\u001b[32m  OK  \u001b[0m] Started LSB: Raise network interfaces..\r\r\n[\u001b[32m  OK  \u001b[0m] Reached target Network.\r\r\n[\u001b[32m  OK  \u001b[0m] Reached target System Initialization.\r\r\n[\u001b[32m  OK  \u001b[0m] Started Trigger resolvconf update for networkd DNS.\r\r\n[\u001b[32m  OK  \u001b[0m] Reached target Paths.\r\r\n[\u001b[32m  OK  \u001b[0m] Started Daily Cleanup of Temporary Directories.\r\r\n[\u001b[32m  OK  \u001b[0m] Reached target Timers.\r\r\n[\u001b[32m  OK  \u001b[0m] Listening on D-Bus System Message Bus Socket.\r\r\n[\u001b[32m  OK  \u001b[0m] Listening on ACPID Listen Socket.\r\r\n         Starting lxd-unix.socket.\r\r\n[\u001b[32m  OK  \u001b[0m] Listening on UUID daemon activation socket.\r\r\n         Starting Seed the pseudo random number generator on first boot...\r\r\n[\u001b[32m  OK  \u001b[0m] Listening on lxd-unix.socket.\r\r\n[\u001b[32m  OK  \u001b[0m] Reached target Sockets.\r\r\n[\u001b[32m  OK  \u001b[0m] Reached target Basic System.\r\r\n         Starting Thermal Daemon Service...\r\r\n         Starting Login Service...\r\r\n         Starting Accounts Service...\r\r\nnetworking.service\r\r\n         Starting System Logging Service...\r\r\n[\u001b[32m  OK  \u001b[0m] Started Regular background program processing daemon.\r\r\n[\u001b[32m  OK  \u001b[0m] Started Deferred execution scheduler.\r\r\n         Starting LSB: Set the CPU Frequency Scaling governor to \"ondemand\"...\r\r\n         Starting LSB: Starts the Micro Name Service Cache Daemon...\r\r\n[\u001b[32m  OK  \u001b[0m] Started Hyper-V KVP Protocol Daemon.\r\r\n         Starting LSB: daemon to balance interrupts for SMP systems...\r\r\n[\u001b[32m  OK  \u001b[0m] Started Cgroup management daemon.\r\r\n[\u001b[32m  OK  \u001b[0m] Started FUSE filesystem for LXC.\r\r\n         Starting Initial cloud-init job (pre-networking)...\r\r\n[\u001b[32m  OK  \u001b[0m] Started Hyper-V VSS Protocol Daemon.\r\r\n         Starting LSB: automatic crash report generation...\r\r\n[\u001b[32m  OK  \u001b[0m] Started Hyper-V File Copy Protocol Daemon.\r\r\n         Starting LSB: Record successful boot for GRUB...\r\r\n[\u001b[32m  OK  \u001b[0m] Started D-Bus System Message Bus.\r\r\ncron.service\r\r\natd.service\r\r\nhv-kvp-daemon.service\r\r\ncgmanager.service\r\r\nlxcfs.service\r\r\nhv-vss-daemon.service\r\r\nhv-fcopy-daemon.service\r\r\ndbus.service\r\r\nvar-lib-lxcfs.mount\r\r\n         Starting Restore /etc/resolv.conf i...e the ppp link was shut down....\r\r\n[\u001b[32m  OK  \u001b[0m] Started System Logging Service.\r\r\n[\u001b[32m  OK  \u001b[0m] Started Wait for all \"auto\" /etc/ne...be up for network-online.target.\r\r\n[\u001b[32m  OK  \u001b[0m] Started LSB: Set the CPU Frequency Scaling governor to \"ondemand\".\r\r\n[\u001b[32m  OK  \u001b[0m] Started LSB: Starts the Micro Name Service Cache Daemon.\r\r\n[\u001b[32m  OK  \u001b[0m] Started LSB: daemon to balance interrupts for SMP systems.\r\r\n[\u001b[32m  OK  \u001b[0m] Started LSB: automatic crash report generation.\r\r\n[\u001b[32m  OK  \u001b[0m] Started LSB: Record successful boot for GRUB.\r\r\n[\u001b[32m  OK  \u001b[0m] Started Restore /etc/resolv.conf if...ore the ppp link was shut down..\r\r\n[\u001b[32m  OK  \u001b[0m] Started Login Service.\r\r\n[\u001b[32m  OK  \u001b[0m] Reached target Network is Online.\r\r\n         Starting LXC network bridge setup...\r\r\n         Starting /etc/rc.local Compatibility...\r\r\n[\u001b[32m  OK  \u001b[0m] Started /etc/rc.local Compatibility.\r\r\nrun-cgmanager-fs.mount\r\r\nrsyslog.service\r\r\nifup-wait-all-auto.service\r\r\nondemand.service\r\r\nunscd.service\r\r\nirqbalance.service\r\r\napport.service\r\r\ngrub-common.service\r\r\nsystemd-logind.service\r\r\nrc-local.service\r\r\n         Starting Authenticate and Authorize Users to Run Privileged Tasks...\r\r\n[\u001b[32m  OK  \u001b[0m] Started Thermal Daemon Service.\r\r\nthermald.service\r\r\n[\u001b[32m  OK  \u001b[0m] Started Authenticate and Authorize Users to Run Privileged Tasks.\r\r\n[\u001b[32m  OK  \u001b[0m] Started Accounts Service.\r\r\npolkitd.service\r\r\naccounts-daemon.service\r\r\n[\u001b[32m  OK  \u001b[0m] Started LXC network bridge setup.\r\r\n         Starting LXC Container Initialization and Autoboot Code...\r\r\nlxc-net.service\r\r\n[\u001b[32m  OK  \u001b[0m] Started LXC Container Initialization and Autoboot Code.\r\r\n         Starting Container hypervisor based on LXC - boot time check...\r\r\nlxc.service\r\r\n[\u001b[32m  OK  \u001b[0m] Started Seed the pseudo random number generator on first boot.\r\r\n[\u001b[32m  OK  \u001b[0m] Started Container hypervisor based on LXC - boot time check.\r\r\n[   23.097998] cloud-init[707]: Cloud-init v. 0.7.7 running 'init-local' at Mon, 18 Jul 2016 20:23:42 +0000. Up 22.88 seconds.\r\r\n[\u001b[32m  OK  \u001b[0m] Started Initial cloud-init job (pre-networking).\r\r\n         Starting Initial cloud-init job (metadata service crawler)...\r\r\ncloud-init-local.service\r\r\n[   23.992181] blk_update_request: I/O error, dev fd0, sector 0\r\n[   24.040183] blk_update_request: I/O error, dev fd0, sector 0\r\ntmp-tmp0zhedbcm.mount\r\r\n[   24.250915] cloud-init[973]: + i=eth0\r\r\n[   24.255648] cloud-init[973]: + x=0\r\r\n[   24.255954] cloud-init[973]: + ifdown eth0\r\r\n[   24.294436] cloud-init[973]: Killed old client process\r\r\n[   25.299877] cloud-init[973]: Internet Systems Consortium DHCP Client 4.3.1\r\r\n[   25.300528] cloud-init[973]: Copyright 2004-2014 Internet Systems Consortium.\r\r\n[   25.301145] cloud-init[973]: All rights reserved.\r\r\n[   25.301680] cloud-init[973]: For info, please visit https://www.isc.org/software/dhcp/\r\r\n[   25.315041] cloud-init[973]: Listening on LPF/eth0/00:0d:3a:14:4a:b7\r\r\n[   25.315585] cloud-init[973]: Sending on   LPF/eth0/00:0d:3a:14:4a:b7\r\r\n[   25.316171] cloud-init[973]: Sending on   Socket/fallback\r\r\n[   25.387779] cloud-init[973]: DHCPRELEASE on eth0 to 168.63.129.16 port 67 (xid=0x1f680fb0)\r\r\n[   25.434781] cloud-init[973]: + ifup eth0\r\r\n[   25.454992] cloud-init[973]: Internet Systems Consortium DHCP Client 4.3.1\r\r\n[   25.460240] cloud-init[973]: Copyright 2004-2014 Internet Systems Consortium.\r\r\n[   25.460708] cloud-init[973]: All rights reserved.\r\r\n[   25.461162] cloud-init[973]: For info, please visit https://www.isc.org/software/dhcp/\r\r\n[   25.474167] cloud-init[973]: Listening on LPF/eth0/00:0d:3a:14:4a:b7\r\r\n[   25.474656] cloud-init[973]: Sending on   LPF/eth0/00:0d:3a:14:4a:b7\r\r\n[   25.475140] cloud-init[973]: Sending on   Socket/fallback\r\r\n[   25.484947] cloud-init[973]: DHCPDISCOVER on eth0 to 255.255.255.255 port 67 interval 3 (xid=0xa1728952)\r\r\n[   25.525312] cloud-init[973]: DHCPREQUEST of 10.0.0.4 on eth0 to 255.255.255.255 port 67 (xid=0x528972a1)\r\r\n[   25.525565] cloud-init[973]: DHCPOFFER of 10.0.0.4 from 168.63.129.16\r\r\n[   25.551121] cloud-init[973]: DHCPACK of 10.0.0.4 from 168.63.129.16\r\r\n[   25.729048] cloud-init[973]: bound to 10.0.0.4 -- renewal in 4294967295 seconds.\r\r\n[   25.753290] cloud-init[973]: + exit 0\r\r\n[\u001b[32m  OK  \u001b[0m] Started Azure Linux Agent.\r\r\nwalinuxagent.service\r\r\n2016/07/18 20:23:46.943853 INFO Azure Linux Agent Version:2.1.3\r\r\n2016/07/18 20:23:46.954251 INFO OS: ubuntu 15.10\r\r\n2016/07/18 20:23:46.954586 INFO Python: 3.4.3\r\r\n2016/07/18 20:23:46.954864 INFO Run daemon\r\r\n2016/07/18 20:23:46.955072 INFO run Ubuntu provision handler\r\r\n2016/07/18 20:23:46.955287 INFO Waiting cloud-init to copy ovf-env.xml.\r\r\n2016/07/18 20:23:46.958249 INFO Detect protocol endpoints\r\r\n2016/07/18 20:23:46.958525 INFO WireServer endpoint is not found. Rerun dhcp handler\r\r\n2016/07/18 20:23:46.958721 INFO Send dhcp request\r\r\n2016/07/18 20:23:47.033292 INFO Configure routes\r\r\n2016/07/18 20:23:47.033563 INFO Gateway:10.0.0.1\r\r\n2016/07/18 20:23:47.033731 INFO Routes:None\r\r\n2016/07/18 20:23:47.042406 INFO Wire server endpoint:168.63.129.16\r\r\n2016/07/18 20:23:47.048189 INFO Fabric preferred wire protocol version:2015-04-05\r\r\n2016/07/18 20:23:47.049383 INFO Wire protocol version:2012-11-30\r\r\n2016/07/18 20:23:47.049531 WARNING Server prefered version:2015-04-05\r\r\n[   31.120146] blk_update_request: I/O error, dev fd0, sector 0\r\n[   31.172121] blk_update_request: I/O error, dev fd0, sector 0\r\ntmp-tmp6f8f4dyd.mount\r\r\n2016/07/18 20:23:51.359Sleep 15 seconds to prevent throttling\r\r\n[   33.899246] cloud-init[973]: Cloud-init v. 0.7.7 running 'init' at Mon, 18 Jul 2016 20:23:43 +0000. Up 23.48 seconds.\r\r\n[   33.904442] cloud-init[973]: ci-info: ++++++++++++++++++++++++++++++++++++++Net device info++++++++++++++++++++++++++++++++++++++\r\r\n[   33.904668] cloud-init[973]: ci-info: +--------+------+-----------------------------+---------------+-------+-------------------+\r\r\n[   33.904883] cloud-init[973]: ci-info: | Device |  Up  |           Address           |      Mask     | Scope |     Hw-Address    |\r\r\n[   33.905093] cloud-init[973]: ci-info: +--------+------+-----------------------------+---------------+-------+-------------------+\r\r\n[   33.905297] cloud-init[973]: ci-info: |   lo   | True |          127.0.0.1          |   255.0.0.0   |   .   |         .         |\r\r\n[   33.905501] cloud-init[973]: ci-info: |   lo   | True |           ::1/128           |       .       |  host |         .         |\r\r\n[   33.905742] cloud-init[973]: ci-info: | lxcbr0 | True |           10.0.1.1          | 255.255.255.0 |   .   | 36:7e:02:2b:83:a3 |\r\r\n[   33.905941] cloud-init[973]: ci-info: | lxcbr0 | True | fe80::347e:2ff:fe2b:83a3/64 |       .       |  link | 36:7e:02:2b:83:a3 |\r\r\n[   33.906141] cloud-init[973]: ci-info: |  eth0  | True |           10.0.0.4          | 255.255.255.0 |   .   | 00:0d:3a:14:4a:b7 |\r\r\n[   33.919671] cloud-init[973]: ci-info: |  eth0  | True | fe80::20d:3aff:fe14:4ab7/64 |       .       |  link | 00:0d:3a:14:4a:b7 |\r\r\n[   33.919900] cloud-init[973]: ci-info: +--------+------+-----------------------------+---------------+-------+-------------------+\r\r\n[   33.920163] cloud-init[973]: ci-info: +++++++++++++++++++++++++++++Route IPv4 info++++++++++++++++++++++++++++++\r\r\n[   33.920370] cloud-init[973]: ci-info: +-------+---------------+----------+-----------------+-----------+-------+\r\r\n[   33.920589] cloud-init[973]: ci-info: | Route |  Destination  | Gateway  |     Genmask     | Interface | Flags |\r\r\n[   33.920790] cloud-init[973]: ci-info: +-------+---------------+----------+-----------------+-----------+-------+\r\r\n[   33.920988] cloud-init[973]: ci-info: |   0   |    0.0.0.0    | 10.0.0.1 |     0.0.0.0     |    eth0   |   UG  |\r\r\n[   33.924033] cloud-init[973]: ci-info: |   1   |    10.0.0.0   | 0.0.0.0  |  255.255.255.0  |    eth0   |   U   |\r\r\n[   33.924283] cloud-init[973]: ci-info: |   2   |    10.0.1.0   | 0.0.0.0  |  255.255.255.0  |   lxcbr0  |   U   |\r\r\n[   33.924491] cloud-init[973]: ci-info: |   3   | 168.63.129.16 | 10.0.0.1 | 255.255.255.255 |    eth0   |  UGH  |\r\r\n[   33.924692] cloud-init[973]: ci-info: +-------+---------------+----------+-----------------+-----------+-------+\r\r\n[   33.924905] cloud-init[973]: Generating public/private rsa key pair.\r\r\n[   33.925141] cloud-init[973]: Your identification has been saved in /etc/ssh/ssh_host_rsa_key.\r\r\n[   33.925343] cloud-init[973]: Your public key has been saved in /etc/ssh/ssh_host_rsa_key.pub.\r\r\n[   33.925544] cloud-init[973]: The key fingerprint is:\r\r\n[   33.925744] cloud-init[973]: SHA256:j9lEK/Yv7m9sfVyus9orhdAiylIaDtzdRGUQ2Q5YtAE root@xplatvm\r\r\n[   33.925949] cloud-init[973]: The key's randomart image is:\r\r\n[   33.926147] cloud-init[973]: +---[RSA 2048]----+\r\r\n[   33.926344] cloud-init[973]: |      E*B*o      |\r\r\n[   33.926538] cloud-init[973]: |      . ++.      |\r\r\n[   33.926737] cloud-init[973]: | . . . o.o..     |\r\r\n[   33.926931] cloud-init[973]: |  o o o o.+..    |\r\r\n[   33.927130] cloud-init[973]: |   o = .S.oo .   |\r\r\n[   33.927323] cloud-init[973]: |    + o. O  . . .|\r\r\n[   33.928031] cloud-init[973]: |     .  o +. o o.|\r\r\n[   33.928244] cloud-init[973]: |          ..=.o +|\r\r\n[   33.928445] cloud-init[973]: |         oo=+o=* |\r\r\n[   33.928644] cloud-init[973]: +----[SHA256]-----+\r\r\n[   33.932828] cloud-init[973]: Generating public/private dsa key pair.\r\r\n[   33.950780] cloud-init[973]: Your identification has been saved in /etc/ssh/ssh_host_dsa_key.\r\r\n[   33.951005] cloud-init[973]: Your public key has been saved in /etc/ssh/ssh_host_dsa_key.pub.\r\r\n[   33.951221] cloud-init[973]: The key fingerprint is:\r\r\n[   33.951426] cloud-init[973]: SHA256:1oYQ0UPrcU8BzKrsIZCuImIczvP8+SMA4w3OCrM44gA root@xplatvm\r\r\n[   33.951629] cloud-init[973]: The key's randomart image is:\r\r\n[   33.951828] cloud-init[973]: +---[DSA 1024]----+\r\r\n[   33.952051] cloud-init[973]: |      o+.o...    |\r\r\n[   33.952253] cloud-init[973]: |       .o.o  .   |\r\r\n[   33.952450] cloud-init[973]: |   .  . oo. .    |\r\r\n[   33.952647] cloud-init[973]: | +o    o.= o     |\r\r\n[   33.952843] cloud-init[973]: |E.=. . .S o .    |\r\r\n[   33.953043] cloud-init[973]: |+=.o. +. .       |\r\r\n[   33.953240] cloud-init[973]: |O+. .o .         |\r\r\n[   33.953436] cloud-init[973]: |%*.  .o.         |\r\r\n[   33.953632] cloud-init[973]: |Booo.oo..        |\r\r\n[   33.953829] cloud-init[973]: +----[SHA256]-----+\r\r\n[   33.956033] cloud-init[973]: Generating public/private ecdsa key pair.\r\r\n[   33.956283] cloud-init[973]: Your identification has been saved in /etc/ssh/ssh_host_ecdsa_key.\r\r\n[   33.956516] cloud-init[973]: Your public key has been saved in /etc/ssh/ssh_host_ecdsa_key.pub.\r\r\n[   33.956723] cloud-init[973]: The key fingerprint is:\r\r\n[   33.956926] cloud-init[973]: SHA256:RQmTwxn+nA+elFeP9rAsferwXUDRgxaV3ylYzMEepAE root@xplatvm\r\r\n[   33.957131] cloud-init[973]: The key's randomart image is:\r\r\n[   33.957330] cloud-init[973]: +---[ECDSA 256]---+\r\r\n[   33.957527] cloud-init[973]: |       .+Eoo=+*o.|\r\r\n[   33.957721] cloud-init[973]: |       .=o. oO +.|\r\r\n[   33.957921] cloud-init[973]: |        ....= + =|\r\r\n[   33.958118] cloud-init[973]: |         + + = +o|\r\r\n[   33.958313] cloud-init[973]: |        S B . * .|\r\r\n[   33.960034] cloud-init[973]: |         o = + = |\r\r\n[   33.960279] cloud-init[973]: |          o + + +|\r\r\n[   33.960497] cloud-init[973]: |             + +.|\r\r\n[   33.960702] cloud-init[973]: |             .+ .|\r\r\n[   33.960901] cloud-init[973]: +----[SHA256]-----+\r\r\n[   33.961103] cloud-init[973]: Generating public/private ed25519 key pair.\r\r\n[   33.961301] cloud-init[973]: Your identification has been saved in /etc/ssh/ssh_host_ed25519_key.\r\r\n[   33.961498] cloud-init[973]: Your public key has been saved in /etc/ssh/ssh_host_ed25519_key.pub.\r\r\n[   33.961694] cloud-init[973]: The key fingerprint is:\r\r\n[   33.961889] cloud-init[973]: SHA256:M+XqXLoUez9fFkODBhMrjwAe7e9927XlXnH4oihDz4M root@xplatvm\r\r\n[   33.964036] cloud-init[973]: The key's randomart image is:\r\r\n[   33.964292] cloud-init[973]: +--[ED25519 256]--+\r\r\n[   33.964506] cloud-init[973]: |     o.    +.    |\r\r\n[   33.964714] cloud-init[973]: |    . o.    + .  |\r\r\n[   33.964915] cloud-init[973]: |     ... ... o o |\r\r\n[   33.965114] cloud-init[973]: |       ..o+ . ...|\r\r\n[   33.965310] cloud-init[973]: |        S...  .+.|\r\r\n[   33.965506] cloud-init[973]: |        .B     .=|\r\r\n[   33.965703] cloud-init[973]: |       .=++   . B|\r\r\n[   33.965910] cloud-init[973]: |       +E=++.o.==|\r\r\n[   33.966110] cloud-init[973]: |        =+..++o+o|\r\r\n[   33.966320] cloud-init[973]: +----[SHA256]-----+\r\r\n[\u001b[32m  OK  \u001b[0m] Started Initial cloud-init job (metadata service crawler).\r\r\n[\u001b[32m  OK  \u001b[0m] Started OpenBSD Secure Shell server.\r\r\n[\u001b[32m  OK  \u001b[0m] Reached target Cloud-config availability.\r\r\n         Starting Apply the settings specified in cloud-config...\r\r\n         Starting Permit User Sessions...\r\r\n[\u001b[32m  OK  \u001b[0m] Started Permit User Sessions.\r\r\n         Starting Terminate Plymouth Boot Screen...\r\r\n         Starting Wait for Plymouth Boot Screen to Quit...\r\r\ncloud-init.service\r\r\nssh.service\r\r\nsystemd-user-sessions.service\r\r\n[   40.748108] cloud-init[1244]: Generating locales...\r\n[   40.873461] cloud-init[1244]: en_US.UTF-8... up-to-date\r\n[   40.894598] cloud-init[1244]: Generation complete.\r\n\r\r\nUbuntu 15.10 xplatvm ttyS0\r\n\r\nxplatvm login:
[   43.633025] cloud-init[1244]: Cloud-init v. 0.7.7 running 'modules:config' at Mon, 18 Jul 2016 20:23:54 +0000. Up 34.67 seconds.\r\nci-info: ++Authorized keys from /home/azureuser/.ssh/authorized_keys for user azureuser+++\r\nci-info: +---------+-------------------------------------------------+---------+---------+\r\nci-info: | Keytype |                Fingerprint (md5)                | Options | Comment |\r\nci-info: +---------+-------------------------------------------------+---------+---------+\r\nci-info: | ssh-rsa | 8f:df:8f:18:ba:cd:cc:63:7c:1f:ea:ae:ba:09:40:65 |    -    |    -    |\r\nci-info: +---------+-------------------------------------------------+---------+---------+\r\n<14>Jul 18 20:24:03 ec2: \r\n<14>Jul 18 20:24:03 ec2: #############################################################\r\n<14>Jul 18 20:24:03 ec2: -----BEGIN SSH HOST KEY FINGERPRINTS-----\r\n<14>Jul 18 20:24:03 ec2: 1024 SHA256:1oYQ0UPrcU8BzKrsIZCuImIczvP8+SMA4w3OCrM44gA root@xplatvm (DSA)\r\n<14>Jul 18 20:24:03 ec2: 256 SHA256:RQmTwxn+nA+elFeP9rAsferwXUDRgxaV3ylYzMEepAE root@xplatvm (ECDSA)\r\n<14>Jul 18 20:24:03 ec2: 256 SHA256:M+XqXLoUez9fFkODBhMrjwAe7e9927XlXnH4oihDz4M root@xplatvm (ED25519)\r\n<14>Jul 18 20:24:03 ec2: 2048 SHA256:j9lEK/Yv7m9sfVyus9orhdAiylIaDtzdRGUQ2Q5YtAE root@xplatvm (RSA)\r\n<14>Jul 18 20:24:03 ec2: -----END SSH HOST KEY FINGERPRINTS-----\r\n<14>Jul 18 20:24:03 ec2: #############################################################\r\n-----BEGIN SSH HOST KEY KEYS-----\r\necdsa-sha2-nistp256 AAAAE2VjZHNhLXNoYTItbmlzdHAyNTYAAAAIbmlzdHAyNTYAAABBBFg89oT7qrfvVJWnLFLPgW3UgX9XpPZXNelw6I8MlaLA4CuL4TcgLIAS5/vUNpPAHIPtwpdyr7K11nLhd6cE1KE= root@xplatvm\r\nssh-ed25519 AAC3NzaC1lZDI1NTE5AAAAIOacgvwi7ieOrd4QHv0/A3/IiRZkYJLDNFWaos5F5X65 root@xplatvm\r\nssh-rsa AAAAB3NzaC1yc2EAAAADAQABAAABAQCr2kxHmeMDTF3p31Pc6M5RglIXHenHtl3jYvo8LJsYhHbf/sj/Mzrxz+TijS+BAG+o5HqzTJ+94Ll5GdFnFRNHK7VDX6Z11kKxkJBlpywnCuuLDZFNZHARvPv7KosBB5CnyJ6ORMcdF3Yhr7ONriwkcSBfIZ7EKnxGk43WZiC/bTnnC2PILFDlAYHPxOpRf+IwLcIi05AH+x+mOTUjyK0x8FobPsehUNbAKWboJ/5UC0KnbHe120R+mFUFC0Lf7IPtAImzXvtI+GDmFjtkaN0YmzAyBdSB0zeD73o6ndvw1rkmlxWHz10/5OzYkHM3OEdVJ2XrCL0/RdpqdfsCRP27 root@xplatvm\r\n-----END SSH HOST KEY KEYS-----\r\n[   44.475909] cloud-init[1350]: Cloud-init v. 0.7.7 running 'modules:final' at Mon, 18 Jul 2016 20:24:03 +0000. Up 43.99 seconds.\r\n[   44.514005] cloud-init[1350]: Cloud-init v. 0.7.7 finished at Mon, 18 Jul 2016 20:24:04 +0000. Datasource DataSourceAzureNet [seed=/dev/sr0].  Up 44.46 seconds\r\n2016/07/18 20:24:06.359840 INFO Wait for ssh host key to be generated.\r\n2016/07/18 20:24:06.382486 INFO Finished provisioning\r\n2016/07/18 20:24:08.924776 INFO Event: name=WALA, op=Provision, message=Provision succeed\r\n2016/07/18 20:24:08.941195 INFO Detect protocol endpoints\r\n2016/07/18 20:24:08.949396 INFO Start env monitor service.\r\n2016/07/18 20:24:08.964101 INFO Configure routes\r\n2016/07/18 20:24:08.972531 INFO Event: name=WALA, op=HeartBeat, message=\r\n2016/07/18 20:24:08.982338 INFO Gateway:10.0.0.1\r\n2016/07/18 20:24:08.992284 INFO ooutes:None\r\n2016/07/18 20:24:09.007926 INFO Set block dev timeout: sda with timeout: 300\r\n2016/07/18 20:24:09.019048 INFO Set block dev timeout: sdb with timeout: 300\r\n2016/07/18 20:24:10.013586 INFO Handle new ext handler config\r\n2016/07/18 20:24:10.022761 INFO No ext handler config found\r\n2016/07/18 20:24:10.303407 INFO Successfully reported vm agent status\r\n2016/07/18 20:26:41.728682 INFO Handle new ext handler config\r\n2016/07/18 20:26:41.737344 INFO No ext handler config found\r\n2016/07/18 20:26:41.814077 INFO Successfully reported vm agent status\r\n2016/07/18 20:33:03.925930 INFO Handle new ext handler config\r\n2016/07/18 20:33:03.934167 INFO No ext handler config found\r\n2016/07/18 20:33:03.990834 INFO Successfully reported vm agent status\r\n\u0000\u0000\u0000\u0000\u0000\u0000\u0000\u0000\u0000\u0000\u0000\u0000\u0000\u0000\u0000\u0000\u0000\u0000\u0000\u0000\u0000\u0000\u0000\u0000\u0000\u0000\u0000\u0000\u0000\u0000\u0000\u0000\u0000\u0000\u0000\u0000\u0000\u0000\u0000\u0000\u0000\u0000\u0000\u0000\u0000\u0000\u0000\u0000\u0000\u0000\u0000\u0000\u0000\u0000\u0000\u0000\u0000\u0000\u0000\u0000\u0000\u0000\u0000\u0000\u0000\u0000\u0000\u0000\u0000\u0000\u0000\u0000\u0000\u0000\u0000\u0000\u0000\u0000\u0000\u0000\u0000\u0000\u0000\u0000\u0000\u0000\u0000\u0000\u0000\u0000\u0000\u0000\u0000\u0000\u0000\u0000\u0000\u0000\u0000\u0000\u0000\u0000\u0000\u0000\u0000\u0000\u0000\u0000\u0000\u0000\u0000\u0000\u0000\u0000\u0000\u0000\u0000\u0000\u0000\u0000\u0000\u0000\u0000\u0000\u0000\u0000\u0000\u0000\u0000\u0000\u0000\u0000\u0000\u0000\u0000\u0000\u0000\u0000\u0000\u0000\u0000\u0000\u0000\u0000\u0000\u0000\u0000\u0000\u0000\u0000\u0000\u0000\u0000\u0000\u0000\u0000\u0000\u0000\u0000\u0000\u0000\u0000\u0000\u0000\u0000\u0000\u0000\u0000\u0000\u0000\u0000\u0000\u0000\u0000\u0000\u0000\u0000\u0000\u0000\u0000\u0000\u0000\u0000\u0000\u0000\u0000\u0000\u0000\u0000\u0000\u0000\u0000\u0000\u0000\u0000\u0000\u0000\u0000\u0000\u0000\u0000\u0000\u0000\u0000\u0000\u0000\u0000\u0000\u0000\u0000\u0000\u0000\u0000\u0000\u0000\u0000\u0000\u0000\u0000\u0000\u0000\u0000\u0000\u0000\u0000\u0000\u0000\u0000\u0000\u0000\u0000\u0000\u0000\u0000\u0000\u0000\u0000\u0000\u0000\u0000\u0000\u0000\u0000\u0000\u0000\u0000\u0000\u0000\u0000\u0000\u0000\u0000\u0000\u0000\u0000\u0000\u0000\u0000\u0000\u0000\u0000\u0000\u0000\u0000\u0000\u0000\u0000\u0000\u0000\u0000\u0000\u0000\u0000\u0000\u0000\u0000\u0000\u0000\u0000\u0000\u0000\u0000\u0000\u0000\u0000\u0000\u0000\u0000\u0000\u0000\u0000\u0000\u0000\u0000\u0000\u0000\u0000\u0000\u0000\u0000\u0000\u0000\u0000\u0000\u0000\u0000\u0000\u0000\u0000\u0000\u0000\u0000\u0000\u0000\u0000\u0000\u0000\u0000\u0000\u0000\u0000\u0000\u0000\u0000\u0000\u0000\u0000\u0000\u0000\u0000\u0000\u0000\u0000\u0000\u0000\u0000\u0000\u0000\u0000\u0000\u0000\u0000\u0000\u0000\u0000\u0000\u0000\u0000\u0000\u0000\u0000\u0000\u0000\u0000\u0000\u0000\u0000\u0000\u0000\u0000\u0000\u0000\u0000\u0000\u0000\u0000\u0000\u0000\u0000\u0000\u0000\u0000\u0000\u0000\u0000\u0000\u0000\u0000\u0000\u0000\u0000\u0000\u0000\u0000\u0000\u0000\u0000\u0000\u0000\u0000\u0000\u0000\u0000\u0000\u0000\u0000\u0000\u0000\u0000\u0000\u0000\u0000\u0000\u0000\u0000\u0000\u0000\u0000\u0000\u0000\u0000\u0000\u0000\u0000\u0000\u0000\u0000\u0000\u0000\u0000\u0000\u0000\u0000\u0000\u0000\u0000\u0000\u0000\u0000\u0000\u0000\u0000\u0000\u0000\u0000\u0000\u0000\u0000\u0000\u0000\u0000\u0000\u0000\u0000\u0000\u0000\u0000\u0000\u0000\u0000\u0000\u0000\u0000\u0000\u0000\u0000\u0000\u0000", { 'content-length': '61440',
  'content-type': 'text/plain',
  'last-modified': 'Mon, 18 Jul 2016 20:33:05 GMT',
  'accept-ranges': 'bytes',
  etag: '"0x8D3AF4AB93CB048"',
  server: 'Windows-Azure-Blob/1.0 Microsoft-HTTPAPI/2.0',
  'x-ms-request-id': 'd228f889-0001-004c-2433-e1e160000000',
  'x-ms-version': '2015-04-05',
  'x-ms-write-protection': 'false',
  'x-ms-lease-status': 'unlocked',
  'x-ms-lease-state': 'available',
  'x-ms-blob-type': 'PageBlob',
  'x-ms-blob-sequence-number': '0',
  date: 'Mon, 18 Jul 2016 20:34:53 GMT',
  connection: 'close' });
 return result; },
function (nock) { 
var result = 
nock('https://xplatteststorage13353.blob.core.windows.net:443')
  .get('/bootdiagnostics-xplatvm-dfe7d0d2-2b46-4375-8cdd-bde8b0e03be7/xplatvm.dfe7d0d2-2b46-4375-8cdd-bde8b0e03be7.serialconsole.log')
