// This file has been autogenerated.

var profile = require('../../../lib/util/profile');

exports.getMockedProfile = function () {
  var newProfile = new profile.Profile();

  newProfile.addSubscription(new profile.Subscription({
    id: '2c224e7e-3ef5-431d-a57b-e71f4662e3a6',
    name: 'Node CLI Test',
    user: {
      name: 'user@domain.example',
      type: 'user'
    },
    tenantId: '72f988bf-86f1-41af-91ab-2d7cd011db47',
    state: 'Enabled',
    registeredProviders: ['mobileservice'],
    _eventsCount: '1',
    isDefault: true
  }, newProfile.environments['AzureCloud']));

  return newProfile;
};

exports.setEnvironment = function() {
  process.env['AZURE_VM_TEST_LOCATION'] = 'eastus';
  process.env['SSHCERT'] = 'test/myCert.pem';
};

exports.scopes = [[function (nock) { 
var result = 
nock('http://management.azure.com:443')
  .get('/subscriptions/2c224e7e-3ef5-431d-a57b-e71f4662e3a6/resourceGroups/xplatTestGVMCreate2485/providers/Microsoft.Compute/virtualMachines/xplatvm?$expand=instanceView&api-version=2016-03-30')
  .reply(200, "{\r\n  \"properties\": {\r\n    \"vmId\": \"2f596efa-d1b1-4844-821a-98ff7390063d\",\r\n    \"availabilitySet\": {\r\n      \"id\": \"/subscriptions/2c224e7e-3ef5-431d-a57b-e71f4662e3a6/resourceGroups/xplatTestGVMCreate2485/providers/Microsoft.Compute/availabilitySets/XPLATTESTAAVAIL356\"\r\n    },\r\n    \"hardwareProfile\": {\r\n      \"vmSize\": \"Standard_D1\"\r\n    },\r\n    \"storageProfile\": {\r\n      \"imageReference\": {\r\n        \"publisher\": \"canonical\",\r\n        \"offer\": \"UbuntuServer\",\r\n        \"sku\": \"15.10\",\r\n        \"version\": \"latest\"\r\n      },\r\n      \"osDisk\": {\r\n        \"osType\": \"Linux\",\r\n        \"name\": \"cli3fdd5607c6c5d17e-os-1470953171199\",\r\n        \"createOption\": \"FromImage\",\r\n        \"vhd\": {\r\n          \"uri\": \"https://xplatteststorage19139.blob.core.windows.net/xplatteststoragecnt13557/cli3fdd5607c6c5d17e-os-1470953171199.vhd\"\r\n        },\r\n        \"caching\": \"ReadWrite\"\r\n      },\r\n      \"dataDisks\": []\r\n    },\r\n    \"osProfile\": {\r\n      \"computerName\": \"xplatvm\",\r\n      \"adminUsername\": \"azureuser\",\r\n      \"linuxConfiguration\": {\r\n        \"disablePasswordAuthentication\": false,\r\n        \"ssh\": {\r\n          \"publicKeys\": [\r\n            {\r\n              \"path\": \"/home/azureuser/.ssh/authorized_keys\",\r\n              \"keyData\": \"MIID/zCCAuegAwIBAgIJAMUAa+XVLvAeMA0GCSqGSIb3DQEBBQUAMIGVMQswCQYD\\r\\nVQQGEwJJbjESMBAGA1UECAwJS2FybmF0YWthMRIwEAYDVQQHDAlCYW5nYWxvcmUx\\r\\nEDAOBgNVBAoMB2JyaWxsaW8xEjAQBgNVBAsMCW1pY3Jvc29mdDEQMA4GA1UEAwwH\\r\\nYnJpbGxpbzEmMCQGCSqGSIb3DQEJARYXc3JlZWthbnRoYnNAeWFob28uY28uaW4w\\r\\nHhcNMTUwMzA1MTE1MzEyWhcNMTYwMzA0MTE1MzEyWjCBlTELMAkGA1UEBhMCSW4x\\r\\nEjAQBgNVBAgMCUthcm5hdGFrYTESMBAGA1UEBwwJQmFuZ2Fsb3JlMRAwDgYDVQQK\\r\\nDAdicmlsbGlvMRIwEAYDVQQLDAltaWNyb3NvZnQxEDAOBgNVBAMMB2JyaWxsaW8x\\r\\nJjAkBgkqhkiG9w0BCQEWF3NyZWVrYW50aGJzQHlhaG9vLmNvLmluMIIBIjANBgkq\\r\\nhkiG9w0BAQEFAAOCAQ8AMIIBCgKCAQEAyUNKaOuT0NK+S8Ck81zy9xJ6hXfZvAC6\\r\\nlhbmf/6s/WVimJ/TX5NMhQJwC9k6ZIF92KfYrojHNvHDufSZ3EtKUVwRFCDjmgMT\\r\\nDL09WkGaZt7gROYFK0iZ4KrYGovUwlwum9fHB24OJiOV4bi0ek62/rHx9fjYZpvp\\r\\naIH2PV/hN8SCZ0x7HJMberD4gVoU/Kv42nNvwjLUW6IZfVx/Gv5OeFDtWHfSvUEF\\r\\ndadHKTPn3Ab20Iu6gZIbLO9Vuf38/IpaYGfnFCouHdzmiTiLieYNe3CUPcOJNSv7\\r\\n1G8KYpx3uNJRkJPab5OsRyJw75Gvzkr9OgaPss9tVD6Gt68u3WQtVQIDAQABo1Aw\\r\\nTjAdBgNVHQ4EFgQUogvhXB+xZ2JJPfLO6cVs4ForzscwHwYDVR0jBBgwFoAUogvh\\r\\nXB+xZ2JJPfLO6cVs4ForzscwDAYDVR0TBAUwAwEB/zANBgkqhkiG9w0BAQUFAAOC\\r\\nAQEAdDj7qUNJ45xlF5cjd+4x5NHvAD1VTjOKu+Xh/uzSSjXqB2F0aOMWA9lx0qaQ\\r\\noJgHkGxj3zz/W7ik/cVGL2O+vRIOKv/y0OPogEmS3Hw+P+O6OGE7x1G6YN0zLVoL\\r\\nu4BN/BEYmjttxM9I7qqL7C5cJoE+K3s/w1/pt/68ohJcr7F9Ohi7cso62xuGY1Rm\\r\\nksAh2EUDsU9JV/P+C9AMpLSrb03JJYzVj4w1RHbrmw2AjFyGXdQYkggyXisg+Ifr\\r\\n5gbNN7HigpHf7b2i3CQBUqp9m23frh5AhnLI2qp3UXgc52U5ieLdi/t6j0TTZqqY\\r\\nHhHqofKrj938HHlBNpC5/LVh3w==\\r\\n\"\r\n            }\r\n          ]\r\n        }\r\n      },\r\n      \"secrets\": []\r\n    },\r\n    \"networkProfile\": {\"networkInterfaces\":[{\"id\":\"/subscriptions/2c224e7e-3ef5-431d-a57b-e71f4662e3a6/resourceGroups/xplatTestGVMCreate2485/providers/Microsoft.Network/networkInterfaces/xplattestnic\"}]},\r\n    \"diagnosticsProfile\": {\r\n      \"bootDiagnostics\": {\r\n        \"enabled\": true,\r\n        \"storageUri\": \"https://xplatteststorage19139.blob.core.windows.net/\"\r\n      }\r\n    },\r\n    \"provisioningState\": \"Succeeded\",\r\n    \"instanceView\": {\r\n      \"platformUpdateDomain\": 0,\r\n      \"platformFaultDomain\": 0,\r\n      \"vmAgent\": {\r\n        \"vmAgentVersion\": \"2.1.3\",\r\n        \"statuses\": [\r\n          {\r\n            \"code\": \"ProvisioningState/succeeded\",\r\n            \"level\": \"Info\",\r\n            \"displayStatus\": \"Ready\",\r\n            \"message\": \"Guest Agent is running\",\r\n            \"time\": \"2016-08-11T22:18:25+00:00\"\r\n          }\r\n        ],\r\n        \"extensionHandlers\": []\r\n      },\r\n      \"disks\": [\r\n        {\r\n          \"name\": \"cli3fdd5607c6c5d17e-os-1470953171199\",\r\n          \"statuses\": [\r\n            {\r\n              \"code\": \"ProvisioningState/succeeded\",\r\n              \"level\": \"Info\",\r\n              \"displayStatus\": \"Provisioning succeeded\",\r\n              \"time\": \"2016-08-11T22:06:16.8764823+00:00\"\r\n            }\r\n          ]\r\n        }\r\n      ],\r\n      \"bootDiagnostics\": {\r\n        \"consoleScreenshotBlobUri\": \"https://xplatteststorage19139.blob.core.windows.net/bootdiagnostics-xplatvm-2f596efa-d1b1-4844-821a-98ff7390063d/xplatvm.2f596efa-d1b1-4844-821a-98ff7390063d.screenshot.bmp\",\r\n        \"serialConsoleLogBlobUri\": \"https://xplatteststorage19139.blob.core.windows.net/bootdiagnostics-xplatvm-2f596efa-d1b1-4844-821a-98ff7390063d/xplatvm.2f596efa-d1b1-4844-821a-98ff7390063d.serialconsole.log\"\r\n      },\r\n      \"statuses\": [\r\n        {\r\n          \"code\": \"ProvisioningState/succeeded\",\r\n          \"level\": \"Info\",\r\n          \"displayStatus\": \"Provisioning succeeded\",\r\n          \"time\": \"2016-08-11T22:08:08.5802933+00:00\"\r\n        },\r\n        {\r\n          \"code\": \"PowerState/running\",\r\n          \"level\": \"Info\",\r\n          \"displayStatus\": \"VM running\"\r\n        }\r\n      ]\r\n    }\r\n  },\r\n  \"id\": \"/subscriptions/2c224e7e-3ef5-431d-a57b-e71f4662e3a6/resourceGroups/xplatTestGVMCreate2485/providers/Microsoft.Compute/virtualMachines/xplatvm\",\r\n  \"name\": \"xplatvm\",\r\n  \"type\": \"Microsoft.Compute/virtualMachines\",\r\n  \"location\": \"eastus\",\r\n  \"tags\": {\r\n    \"a\": \"b\",\r\n    \"b\": \"c\",\r\n    \"d\": \"\"\r\n  }\r\n}", { 'cache-control': 'no-cache',
  pragma: 'no-cache',
  'content-length': '5206',
  'content-type': 'application/json; charset=utf-8',
  expires: '-1',
  'strict-transport-security': 'max-age=31536000; includeSubDomains',
  'x-ms-served-by': 'f1952173-7412-4020-8c98-fffca6509750_131118073625769552',
  'x-ms-request-id': '37cb4135-6974-4299-88e9-79ea589a280c',
  server: 'Microsoft-HTTPAPI/2.0, Microsoft-HTTPAPI/2.0',
  'x-ms-ratelimit-remaining-subscription-reads': '14753',
  'x-ms-correlation-request-id': '538cfc0f-7791-493c-b7a6-f72d9d2ca1e4',
  'x-ms-routing-request-id': 'CANADAEAST:20160811T221849Z:538cfc0f-7791-493c-b7a6-f72d9d2ca1e4',
  date: 'Thu, 11 Aug 2016 22:18:48 GMT',
  connection: 'close' });
 return result; },
function (nock) { 
var result = 
nock('https://management.azure.com:443')
  .get('/subscriptions/2c224e7e-3ef5-431d-a57b-e71f4662e3a6/resourceGroups/xplatTestGVMCreate2485/providers/Microsoft.Compute/virtualMachines/xplatvm?$expand=instanceView&api-version=2016-03-30')
  .reply(200, "{\r\n  \"properties\": {\r\n    \"vmId\": \"2f596efa-d1b1-4844-821a-98ff7390063d\",\r\n    \"availabilitySet\": {\r\n      \"id\": \"/subscriptions/2c224e7e-3ef5-431d-a57b-e71f4662e3a6/resourceGroups/xplatTestGVMCreate2485/providers/Microsoft.Compute/availabilitySets/XPLATTESTAAVAIL356\"\r\n    },\r\n    \"hardwareProfile\": {\r\n      \"vmSize\": \"Standard_D1\"\r\n    },\r\n    \"storageProfile\": {\r\n      \"imageReference\": {\r\n        \"publisher\": \"canonical\",\r\n        \"offer\": \"UbuntuServer\",\r\n        \"sku\": \"15.10\",\r\n        \"version\": \"latest\"\r\n      },\r\n      \"osDisk\": {\r\n        \"osType\": \"Linux\",\r\n        \"name\": \"cli3fdd5607c6c5d17e-os-1470953171199\",\r\n        \"createOption\": \"FromImage\",\r\n        \"vhd\": {\r\n          \"uri\": \"https://xplatteststorage19139.blob.core.windows.net/xplatteststoragecnt13557/cli3fdd5607c6c5d17e-os-1470953171199.vhd\"\r\n        },\r\n        \"caching\": \"ReadWrite\"\r\n      },\r\n      \"dataDisks\": []\r\n    },\r\n    \"osProfile\": {\r\n      \"computerName\": \"xplatvm\",\r\n      \"adminUsername\": \"azureuser\",\r\n      \"linuxConfiguration\": {\r\n        \"disablePasswordAuthentication\": false,\r\n        \"ssh\": {\r\n          \"publicKeys\": [\r\n            {\r\n              \"path\": \"/home/azureuser/.ssh/authorized_keys\",\r\n              \"keyData\": \"MIID/zCCAuegAwIBAgIJAMUAa+XVLvAeMA0GCSqGSIb3DQEBBQUAMIGVMQswCQYD\\r\\nVQQGEwJJbjESMBAGA1UECAwJS2FybmF0YWthMRIwEAYDVQQHDAlCYW5nYWxvcmUx\\r\\nEDAOBgNVBAoMB2JyaWxsaW8xEjAQBgNVBAsMCW1pY3Jvc29mdDEQMA4GA1UEAwwH\\r\\nYnJpbGxpbzEmMCQGCSqGSIb3DQEJARYXc3JlZWthbnRoYnNAeWFob28uY28uaW4w\\r\\nHhcNMTUwMzA1MTE1MzEyWhcNMTYwMzA0MTE1MzEyWjCBlTELMAkGA1UEBhMCSW4x\\r\\nEjAQBgNVBAgMCUthcm5hdGFrYTESMBAGA1UEBwwJQmFuZ2Fsb3JlMRAwDgYDVQQK\\r\\nDAdicmlsbGlvMRIwEAYDVQQLDAltaWNyb3NvZnQxEDAOBgNVBAMMB2JyaWxsaW8x\\r\\nJjAkBgkqhkiG9w0BCQEWF3NyZWVrYW50aGJzQHlhaG9vLmNvLmluMIIBIjANBgkq\\r\\nhkiG9w0BAQEFAAOCAQ8AMIIBCgKCAQEAyUNKaOuT0NK+S8Ck81zy9xJ6hXfZvAC6\\r\\nlhbmf/6s/WVimJ/TX5NMhQJwC9k6ZIF92KfYrojHNvHDufSZ3EtKUVwRFCDjmgMT\\r\\nDL09WkGaZt7gROYFK0iZ4KrYGovUwlwum9fHB24OJiOV4bi0ek62/rHx9fjYZpvp\\r\\naIH2PV/hN8SCZ0x7HJMberD4gVoU/Kv42nNvwjLUW6IZfVx/Gv5OeFDtWHfSvUEF\\r\\ndadHKTPn3Ab20Iu6gZIbLO9Vuf38/IpaYGfnFCouHdzmiTiLieYNe3CUPcOJNSv7\\r\\n1G8KYpx3uNJRkJPab5OsRyJw75Gvzkr9OgaPss9tVD6Gt68u3WQtVQIDAQABo1Aw\\r\\nTjAdBgNVHQ4EFgQUogvhXB+xZ2JJPfLO6cVs4ForzscwHwYDVR0jBBgwFoAUogvh\\r\\nXB+xZ2JJPfLO6cVs4ForzscwDAYDVR0TBAUwAwEB/zANBgkqhkiG9w0BAQUFAAOC\\r\\nAQEAdDj7qUNJ45xlF5cjd+4x5NHvAD1VTjOKu+Xh/uzSSjXqB2F0aOMWA9lx0qaQ\\r\\noJgHkGxj3zz/W7ik/cVGL2O+vRIOKv/y0OPogEmS3Hw+P+O6OGE7x1G6YN0zLVoL\\r\\nu4BN/BEYmjttxM9I7qqL7C5cJoE+K3s/w1/pt/68ohJcr7F9Ohi7cso62xuGY1Rm\\r\\nksAh2EUDsU9JV/P+C9AMpLSrb03JJYzVj4w1RHbrmw2AjFyGXdQYkggyXisg+Ifr\\r\\n5gbNN7HigpHf7b2i3CQBUqp9m23frh5AhnLI2qp3UXgc52U5ieLdi/t6j0TTZqqY\\r\\nHhHqofKrj938HHlBNpC5/LVh3w==\\r\\n\"\r\n            }\r\n          ]\r\n        }\r\n      },\r\n      \"secrets\": []\r\n    },\r\n    \"networkProfile\": {\"networkInterfaces\":[{\"id\":\"/subscriptions/2c224e7e-3ef5-431d-a57b-e71f4662e3a6/resourceGroups/xplatTestGVMCreate2485/providers/Microsoft.Network/networkInterfaces/xplattestnic\"}]},\r\n    \"diagnosticsProfile\": {\r\n      \"bootDiagnostics\": {\r\n        \"enabled\": true,\r\n        \"storageUri\": \"https://xplatteststorage19139.blob.core.windows.net/\"\r\n      }\r\n    },\r\n    \"provisioningState\": \"Succeeded\",\r\n    \"instanceView\": {\r\n      \"platformUpdateDomain\": 0,\r\n      \"platformFaultDomain\": 0,\r\n      \"vmAgent\": {\r\n        \"vmAgentVersion\": \"2.1.3\",\r\n        \"statuses\": [\r\n          {\r\n            \"code\": \"ProvisioningState/succeeded\",\r\n            \"level\": \"Info\",\r\n            \"displayStatus\": \"Ready\",\r\n            \"message\": \"Guest Agent is running\",\r\n            \"time\": \"2016-08-11T22:18:25+00:00\"\r\n          }\r\n        ],\r\n        \"extensionHandlers\": []\r\n      },\r\n      \"disks\": [\r\n        {\r\n          \"name\": \"cli3fdd5607c6c5d17e-os-1470953171199\",\r\n          \"statuses\": [\r\n            {\r\n              \"code\": \"ProvisioningState/succeeded\",\r\n              \"level\": \"Info\",\r\n              \"displayStatus\": \"Provisioning succeeded\",\r\n              \"time\": \"2016-08-11T22:06:16.8764823+00:00\"\r\n            }\r\n          ]\r\n        }\r\n      ],\r\n      \"bootDiagnostics\": {\r\n        \"consoleScreenshotBlobUri\": \"https://xplatteststorage19139.blob.core.windows.net/bootdiagnostics-xplatvm-2f596efa-d1b1-4844-821a-98ff7390063d/xplatvm.2f596efa-d1b1-4844-821a-98ff7390063d.screenshot.bmp\",\r\n        \"serialConsoleLogBlobUri\": \"https://xplatteststorage19139.blob.core.windows.net/bootdiagnostics-xplatvm-2f596efa-d1b1-4844-821a-98ff7390063d/xplatvm.2f596efa-d1b1-4844-821a-98ff7390063d.serialconsole.log\"\r\n      },\r\n      \"statuses\": [\r\n        {\r\n          \"code\": \"ProvisioningState/succeeded\",\r\n          \"level\": \"Info\",\r\n          \"displayStatus\": \"Provisioning succeeded\",\r\n          \"time\": \"2016-08-11T22:08:08.5802933+00:00\"\r\n        },\r\n        {\r\n          \"code\": \"PowerState/running\",\r\n          \"level\": \"Info\",\r\n          \"displayStatus\": \"VM running\"\r\n        }\r\n      ]\r\n    }\r\n  },\r\n  \"id\": \"/subscriptions/2c224e7e-3ef5-431d-a57b-e71f4662e3a6/resourceGroups/xplatTestGVMCreate2485/providers/Microsoft.Compute/virtualMachines/xplatvm\",\r\n  \"name\": \"xplatvm\",\r\n  \"type\": \"Microsoft.Compute/virtualMachines\",\r\n  \"location\": \"eastus\",\r\n  \"tags\": {\r\n    \"a\": \"b\",\r\n    \"b\": \"c\",\r\n    \"d\": \"\"\r\n  }\r\n}", { 'cache-control': 'no-cache',
  pragma: 'no-cache',
  'content-length': '5206',
  'content-type': 'application/json; charset=utf-8',
  expires: '-1',
  'strict-transport-security': 'max-age=31536000; includeSubDomains',
  'x-ms-served-by': 'f1952173-7412-4020-8c98-fffca6509750_131118073625769552',
  'x-ms-request-id': '37cb4135-6974-4299-88e9-79ea589a280c',
  server: 'Microsoft-HTTPAPI/2.0, Microsoft-HTTPAPI/2.0',
  'x-ms-ratelimit-remaining-subscription-reads': '14753',
  'x-ms-correlation-request-id': '538cfc0f-7791-493c-b7a6-f72d9d2ca1e4',
  'x-ms-routing-request-id': 'CANADAEAST:20160811T221849Z:538cfc0f-7791-493c-b7a6-f72d9d2ca1e4',
  date: 'Thu, 11 Aug 2016 22:18:48 GMT',
  connection: 'close' });
 return result; },
function (nock) { 
var result = 
nock('http://management.azure.com:443')
  .post('/subscriptions/2c224e7e-3ef5-431d-a57b-e71f4662e3a6/resourceGroups/xplatTestGVMCreate2485/providers/Microsoft.Storage/storageAccounts/xplatteststorage19139/listKeys?api-version=2016-01-01')
  .reply(200, "{\"keys\":[{\"keyName\":\"key1\",\"permissions\":\"Full\",\"value\":\"zPAaD6kz08Fmgk7qzU4d3pUB3Pv1j8vNxApeQhRALuKGYs5SsnMK/AQaKOr/kUQDHT9GvE3t9G+4qup/MSz28A==\"},{\"keyName\":\"key2\",\"permissions\":\"Full\",\"value\":\"Z3Pm6v9YHj09PQz18d/0nA3nONAbGNIZscB2au4GBrYZzO2I0ZEMRMnCet8nYWK23JTYDFHAxqn4/0EKRBm6bA==\"}]}\n", { 'cache-control': 'no-cache',
  pragma: 'no-cache',
  'content-length': '289',
  'content-type': 'application/json',
  expires: '-1',
  'x-ms-request-id': 'db9397c7-7b24-4d7f-b2a5-7af3f5c80462',
  server: 'Microsoft-Azure-Storage-Resource-Provider/1.0, Microsoft-HTTPAPI/2.0',
  'x-ms-ratelimit-remaining-subscription-writes': '1174',
  'x-ms-correlation-request-id': 'db9397c7-7b24-4d7f-b2a5-7af3f5c80462',
  'x-ms-routing-request-id': 'CANADAEAST:20160811T221850Z:db9397c7-7b24-4d7f-b2a5-7af3f5c80462',
  'strict-transport-security': 'max-age=31536000; includeSubDomains',
  date: 'Thu, 11 Aug 2016 22:18:49 GMT',
  connection: 'close' });
 return result; },
function (nock) { 
var result = 
nock('https://management.azure.com:443')
  .post('/subscriptions/2c224e7e-3ef5-431d-a57b-e71f4662e3a6/resourceGroups/xplatTestGVMCreate2485/providers/Microsoft.Storage/storageAccounts/xplatteststorage19139/listKeys?api-version=2016-01-01')
  .reply(200, "{\"keys\":[{\"keyName\":\"key1\",\"permissions\":\"Full\",\"value\":\"zPAaD6kz08Fmgk7qzU4d3pUB3Pv1j8vNxApeQhRALuKGYs5SsnMK/AQaKOr/kUQDHT9GvE3t9G+4qup/MSz28A==\"},{\"keyName\":\"key2\",\"permissions\":\"Full\",\"value\":\"Z3Pm6v9YHj09PQz18d/0nA3nONAbGNIZscB2au4GBrYZzO2I0ZEMRMnCet8nYWK23JTYDFHAxqn4/0EKRBm6bA==\"}]}\n", { 'cache-control': 'no-cache',
  pragma: 'no-cache',
  'content-length': '289',
  'content-type': 'application/json',
  expires: '-1',
  'x-ms-request-id': 'db9397c7-7b24-4d7f-b2a5-7af3f5c80462',
  server: 'Microsoft-Azure-Storage-Resource-Provider/1.0, Microsoft-HTTPAPI/2.0',
  'x-ms-ratelimit-remaining-subscription-writes': '1174',
  'x-ms-correlation-request-id': 'db9397c7-7b24-4d7f-b2a5-7af3f5c80462',
  'x-ms-routing-request-id': 'CANADAEAST:20160811T221850Z:db9397c7-7b24-4d7f-b2a5-7af3f5c80462',
  'strict-transport-security': 'max-age=31536000; includeSubDomains',
  date: 'Thu, 11 Aug 2016 22:18:49 GMT',
  connection: 'close' });
 return result; },
function (nock) { 
var result = 
nock('http://xplatteststorage19139.blob.core.windows.net:443')
  .head('/bootdiagnostics-xplatvm-2f596efa-d1b1-4844-821a-98ff7390063d/xplatvm.2f596efa-d1b1-4844-821a-98ff7390063d.serialconsole.log')
  .reply(200, "", { 'content-length': '60928',
  'content-type': 'text/plain',
  'last-modified': 'Thu, 11 Aug 2016 22:16:49 GMT',
  'accept-ranges': 'bytes',
  etag: '"0x8D3C2353061FE1A"',
  server: 'Windows-Azure-Blob/1.0 Microsoft-HTTPAPI/2.0',
  'x-ms-request-id': '5f9b9d9c-0001-00bc-161e-f4ed6f000000',
  'x-ms-version': '2015-04-05',
  'x-ms-write-protection': 'false',
  'x-ms-lease-status': 'unlocked',
  'x-ms-lease-state': 'available',
  'x-ms-blob-type': 'PageBlob',
  'x-ms-blob-sequence-number': '0',
  date: 'Thu, 11 Aug 2016 22:18:48 GMT',
  connection: 'close' });
 return result; },
function (nock) { 
var result = 
nock('https://xplatteststorage19139.blob.core.windows.net:443')
  .head('/bootdiagnostics-xplatvm-2f596efa-d1b1-4844-821a-98ff7390063d/xplatvm.2f596efa-d1b1-4844-821a-98ff7390063d.serialconsole.log')
  .reply(200, "", { 'content-length': '60928',
  'content-type': 'text/plain',
  'last-modified': 'Thu, 11 Aug 2016 22:16:49 GMT',
  'accept-ranges': 'bytes',
  etag: '"0x8D3C2353061FE1A"',
  server: 'Windows-Azure-Blob/1.0 Microsoft-HTTPAPI/2.0',
  'x-ms-request-id': '5f9b9d9c-0001-00bc-161e-f4ed6f000000',
  'x-ms-version': '2015-04-05',
  'x-ms-write-protection': 'false',
  'x-ms-lease-status': 'unlocked',
  'x-ms-lease-state': 'available',
  'x-ms-blob-type': 'PageBlob',
  'x-ms-blob-sequence-number': '0',
  date: 'Thu, 11 Aug 2016 22:18:48 GMT',
  connection: 'close' });
 return result; },
function (nock) { 
var result = 
nock('http://xplatteststorage19139.blob.core.windows.net:443')
  .get('/bootdiagnostics-xplatvm-2f596efa-d1b1-4844-821a-98ff7390063d/xplatvm.2f596efa-d1b1-4844-821a-98ff7390063d.serialconsole.log')
  .reply(200, "\u001b[H\u001b[J\u001b[1;1H[    0.000000] Initializing cgroup subsys cpuset\r\n[    0.000000] Initializing cgroup subsys cpu\r\n[    0.000000] Initializing cgroup subsys cpuacct\r\n[    0.000000] Linux version 4.2.0-41-generic (buildd@lgw01-52) (gcc version 5.2.1 20151010 (Ubuntu 5.2.1-22ubuntu2) ) #48-Ubuntu SMP Fri Jun 24 11:28:43 UTC 2016 (Ubuntu 4.2.0-41.48-generic 4.2.8-ckt11)\r\n[    0.000000] Command line: BOOT_IMAGE=/boot/vmlinuz-4.2.0-41-generic root=UUID=c6ca03a3-2d7b-430b-8769-5d086ee49acc ro console=tty1 console=ttyS0 earlyprintk=ttyS0 rootdelay=300\r\n[    0.000000] KERNEL supported cpus:\r\n[    0.000000]   Intel GenuineIntel\r\n[    0.000000]   AMD AuthenticAMD\r\n[    0.000000]   Centaur CentaurHauls\r\n[    0.000000] x86/fpu: xstate_offset[2]: 0240, xstate_sizes[2]: 0100\r\n[    0.000000] x86/fpu: Supporting XSAVE feature 0x01: 'x87 floating point registers'\r\n[    0.000000] x86/fpu: Supporting XSAVE feature 0x02: 'SSE registers'\r\n[    0.000000] x86/fpu: Supporting XSAVE feature 0x04: 'AVX registers'\r\n[    0.000000] x86/fpu: Enabled xstate features 0x7, context size is 0x340 bytes, using 'standard' format.\r\n[    0.000000] x86/fpu: Using 'eager' FPU context switches.\r\n[    0.000000] e820: BIOS-provided physical RAM map:\r\n[    0.000000] BIOS-e820: [mem 0x0000000000000000-0x000000000009fbff] usable\r\n[    0.000000] BIOS-e820: [mem 0x000000000009fc00-0x000000000009ffff] reserved\r\n[    0.000000] BIOS-e820: [mem 0x00000000000e0000-0x00000000000fffff] reserved\r\n[    0.000000] BIOS-e820: [mem 0x0000000000100000-0x000000001ffeffff] usable\r\n[    0.000000] BIOS-e820: [mem 0x000000001fff0000-0x000000001fffefff] ACPI data\r\n[    0.000000] BIOS-e820: [mem 0x000000001ffff000-0x000000001fffffff] ACPI NVS\r\n[    0.000000] BIOS-e820: [mem 0x0000000100000000-0x00000001bfffffff] usable\r\n[    0.000000] bootconsole [earlyser0] enabled\r\n[    0.000000] NX (Execute Disable) protection: active\r\n[    0.000000] SMBIOS 2.3 present.\r\n[    0.000000] Hypervisor detected: Microsoft HyperV\r\n[    0.000000] HyperV: features 0xe7f, hints 0x2c\r\n[    0.000000] HyperV: LAPIC Timer Frequency: 0xc3500\r\n[    0.000000] clocksource: hyperv_clocksource: mask: 0xffffffffffffffff max_cycles: 0x24e6a1710, max_idle_ns: 440795202120 ns\r\n[    0.000000] tsc: Marking TSC unstable due to running on Hyper-V\r\n[    0.000000] e820: last_pfn = 0x1c0000 max_arch_pfn = 0x400000000\r\n[    0.000000] x86/PAT: Configuration [0-7]: WB  WC  UC- UC  WB  WC  UC- WT  \r\n[    0.000000] e820: last_pfn = 0x1fff0 max_arch_pfn = 0x400000000\r\n[    0.000000] found SMP MP-table at [mem 0x000ff780-0x000ff78f] mapped at [ffff8800000ff780]\r\n[    0.000000] Scanning 1 areas for low memory corruption\r\n[    0.000000] init_memory_mapping: [mem 0x00000000-0x000fffff]\r\n[    0.000000] init_memory_mapping: [mem 0x1bfe00000-0x1bfffffff]\r\n[    0.000000] init_memory_mapping: [mem 0x1a0000000-0x1bfdfffff]\r\n[    0.000000] init_memory_mapping: [mem 0x00100000-0x1ffeffff]\r\n[    0.000000] init_memory_mapping: [mem 0x100000000-0x19fffffff]\r\n[    0.000000] RAMDISK: [mem 0x1d9ba000-0x1f789fff]\r\n[    0.000000] ACPI: Early table checksum verification disabled\r\n[    0.000000] ACPI: RSDP 0x00000000000F56F0 000014 (v00 ACPIAM)\r\n[    0.000000] ACPI: RSDT 0x000000001FFF0000 000040 (v01 VRTUAL MICROSFT 05001223 MSFT 00000097)\r\n[    0.000000] ACPI: FACP 0x000000001FFF0200 000081 (v02 VRTUAL MICROSFT 05001223 MSFT 00000097)\r\n[    0.000000] ACPI: DSDT 0x000000001FFF1724 002E78 (v01 MSFTVM MSFTVM02 00000002 INTL 02002026)\r\n[    0.000000] ACPI: FACS 0x000000001FFFF000 000040\r\n[    0.000000] ACPI: WAET 0x000000001FFF1480 000028 (v01 VRTUAL MICROSFT 05001223 MSFT 00000097)\r\n[    0.000000] ACPI: SLIC 0x000000001FFF14C0 000176 (v01 VRTUAL MICROSFT 05001223 MSFT 00000097)\r\n[    0.000000] ACPI: OEM0 0x000000001FFF16C0 000064 (v01 VRTUAL MICROSFT 05001223 MSFT 00000097)\r\n[    0.000000] ACPI: SRAT 0x000000001FFF0600 000090 (v02 VRTUAL MICROSFT 00000001 MSFT 00000001)\r\n[    0.000000] ACPI: APIC 0x000000001FFF0300 00024C (v01 VRTUAL MICROSFT 05001223 MSFT 00000097)\r\n[    0.000000] ACPI: OEMB 0x000000001FFFF040 000064 (v01 VRTUAL MICROSFT 05001223 MSFT 00000097)\r\n[    0.000000] SRAT: PXM 0 -> APIC 0x00 -> Node 0\r\n[    0.000000] SRAT: Node 0 PXM 0 [mem 0x00000000-0x1fffffff]\r\n[    0.000000] SRAT: Node 0 PXM 0 [mem 0x100000000-0x1bfffffff]\r\n[    0.000000] NUMA: Node 0 [mem 0x00000000-0x1fffffff] + [mem 0x100000000-0x1bfffffff] -> [mem 0x00000000-0x1bfffffff]\r\n[    0.000000] NODE_DATA(0) allocated [mem 0x1bfffa000-0x1bfffefff]\r\n[    0.000000] Zone ranges:\r\n[    0.000000]   DMA      [mem 0x0000000000001000-0x0000000000ffffff]\r\n[    0.000000]   DMA32    [mem 0x0000000001000000-0x00000000ffffffff]\r\n[    0.000000]   Normal   [mem 0x0000000100000000-0x00000001bfffffff]\r\n[    0.000000] Movable zone start for each node\r\n[    0.000000] Early memory node ranges\r\n[    0.000000]   node   0: [mem 0x0000000000001000-0x000000000009efff]\r\n[    0.000000]   node   0: [mem 0x0000000000100000-0x000000001ffeffff]\r\n[    0.000000]   node   0: [mem 0x0000000100000000-0x00000001bfffffff]\r\n[    0.000000] Initmem setup node 0 [mem 0x0000000000001000-0x00000001bfffffff]\r\n[    0.000000] ACPI: PM-Timer IO Port: 0x408\r\n[    0.000000] IOAPIC[0]: apic_id 0, version 17, address 0xfec00000, GSI 0-23\r\n[    0.000000] ACPI: INT_SRC_OVR (bus 0 bus_irq 0 global_irq 2 dfl dfl)\r\n[    0.000000] ACPI: INT_SRC_OVR (bus 0 bus_irq 9 global_irq 9 high level)\r\n[    0.000000] Using ACPI (MADT) for SMP configuration information\r\n[    0.000000] smpboot: Allowing 64 CPUs, 63 hotplug CPUs\r\n[    0.000000] PM: Registered nosave memory: [mem 0x00000000-0x00000fff]\r\n[    0.000000] PM: Registered nosave memory: [mem 0x0009f000-0x0009ffff]\r\n[    0.000000] PM: Registered nosave memory: [mem 0x000a0000-0x000dffff]\r\n[    0.000000] PM: Registered nosave memory: [mem 0x000e0000-0x000fffff]\r\n[    0.000000] PM: Registered nosave memory: [mem 0x1fff0000-0x1fffefff]\r\n[    0.000000] PM: Registered nosave memory: [mem 0x1ffff000-0x1fffffff]\r\n[    0.000000] PM: Registered nosave memory: [mem 0x20000000-0xffffffff]\r\n[    0.000000] e820: [mem 0x20000000-0xffffffff] available for PCI devices\r\n[    0.000000] Booting paravirtualized kernel on bare hardware\r\n[    0.000000] clocksource: refined-jiffies: mask: 0xffffffff max_cycles: 0xffffffff, max_idle_ns: 7645519600211568 ns\r\n[    0.000000] setup_percpu: NR_CPUS:256 nr_cpumask_bits:256 nr_cpu_ids:64 nr_node_ids:1\r\n[    0.000000] PERCPU: Embedded 33 pages/cpu @ffff8801bae00000 s96728 r8192 d30248 u262144\r\n[    0.000000] Built 1 zonelists in Node order, mobility grouping on.  Total pages: 903033\r\n[    0.000000] Policy zone: Normal\r\n[    0.000000] Kernel command line: BOOT_IMAGE=/boot/vmlinuz-4.2.0-41-generic root=UUID=c6ca03a3-2d7b-430b-8769-5d086ee49acc ro console=tty1 console=ttyS0 earlyprintk=ttyS0 rootdelay=300\r\n[    0.000000] log_buf_len individual max cpu contribution: 4096 bytes\r\n[    0.000000] log_buf_len total cpu_extra contributions: 258048 bytes\r\n[    0.000000] log_buf_len min size: 262144 bytes\r\n[    0.000000] log_buf_len: 524288 bytes\r\n[    0.000000] early log buf free: 252360(96%)\r\n[    0.000000] PID hash table entries: 4096 (order: 3, 32768 bytes)\r\n[    0.000000] Memory: 3487924K/3669560K available (8186K kernel code, 1239K rwdata, 3808K rodata, 1464K init, 1292K bss, 181636K reserved, 0K cma-reserved)\r\n[    0.000000] SLUB: HWalign=64, Order=0-3, MinObjects=0, CPUs=64, Nodes=1\r\n[    0.000000] Hierarchical RCU implementation.\r\n[    0.000000] \tBuild-time adjustment of leaf fanout to 64.\r\n[    0.000000] \tRCU restricting CPUs from NR_CPUS=256 to nr_cpu_ids=64.\r\n[    0.000000] RCU: Adjusting geometry for rcu_fanout_leaf=64, nr_cpu_ids=64\r\n[    0.000000] NR_IRQS:16640 nr_irqs:936 16\r\n[    0.000000] \tOffload RCU callbacks from all CPUs\r\n[    0.000000] \tOffload RCU callbacks from CPUs: 0-63.\r\n[    0.000000] Console: colour VGA+ 80x25\r\n[    0.000000] console [tty1] enabled\r\n[    0.000000] console [ttyS0] enabled\r\n[    0.000000] console [ttyS0] enabled\r\n[    0.000000] bootconsole [earlyser0] disabled\r\n[    0.000000] bootconsole [earlyser0] disabled\r\n[    0.000000] tsc: Fast TSC calibration failed\r\n[    0.000000] tsc: Unable to calibrate against PIT\r\n[    0.000000] tsc: using PMTIMER reference calibration\r\n[    0.000000] tsc: Detected 2394.452 MHz processor\r\n[    0.020032] Calibrating delay loop (skipped), value calculated using timer frequency.. 4788.90 BogoMIPS (lpj=9577808)\r\n[    0.024027] pid_max: default: 65536 minimum: 512\r\n[    0.025956] ACPI: Core revision 20150619\r\n[    0.029837] ACPI: All ACPI Tables successfully acquired\r\n[    0.033406] Security Framework initialized\r\n[    0.035167] AppArmor: AppArmor initialized\r\n[    0.036026] Yama: becoming mindful.\r\n[    0.038082] Dentry cache hash table entries: 524288 (order: 10, 4194304 bytes)\r\n[    0.040904] Inode-cache hash table entries: 262144 (order: 9, 2097152 bytes)\r\n[    0.044425] Mount-cache hash table entries: 8192 (order: 4, 65536 bytes)\r\n[    0.048023] Mountpoint-cache hash table entries: 8192 (order: 4, 65536 bytes)\r\n[    0.050286] Initializing cgroup subsys blkio\r\n[    0.052032] Initializing cgroup subsys memory\r\n[    0.053996] Initializing cgroup subsys devices\r\n[    0.056019] Initializing cgroup subsys freezer\r\n[    0.057851] Initializing cgroup subsys net_cls\r\n[    0.060019] Initializing cgroup subsys perf_event\r\n[    0.061907] Initializing cgroup subsys net_prio\r\n[    0.064018] Initializing cgroup subsys hugetlb\r\n[    0.066990] mce: CPU supports 1 MCE banks\r\n[    0.068033] Last level iTLB entries: 4KB 1024, 2MB 1024, 4MB 1024\r\n[    0.069974] Last level dTLB entries: 4KB 1024, 2MB 1024, 4MB 1024, 1GB 4\r\n[    0.090266] ftrace: allocating 30955 entries in 121 pages\r\n[    0.100115] Switched APIC routing to physical flat.\r\n[    0.120907] ..TIMER: vector=0x30 apic1=0 pin1=2 apic2=-1 pin2=-1\r\n[    0.124160] smpboot: CPU0: Intel(R) Xeon(R) CPU E5-2673 v3 @ 2.40GHz (fam: 06, model: 3f, stepping: 02)\r\n[    0.140037] Performance Events: unsupported p6 CPU model 63 no PMU driver, software events only.\r\n[    0.157279] x86: Booted up 1 node, 1 CPUs\r\n[    0.160009] smpboot: Total of 1 processors activated (4788.90 BogoMIPS)\r\n[    0.164014] NMI watchdog: disabled (cpu0): hardware events not enabled\r\n[    0.168003] NMI watchdog: Shutting down hard lockup detector on all cpus\r\n[    0.178005] devtmpfs: initialized\r\n[    0.182060] evm: security.selinux\r\n[    0.184006] evm: security.SMACK64\r\n[    0.188003] evm: security.SMACK64EXEC\r\n[    0.192008] evm: security.SMACK64TRANSMUTE\r\n[    0.196005] evm: security.SMACK64MMAP\r\n[    0.200001] evm: security.ima\r\n[    0.204001] evm: security.capability\r\n[    0.208112] PM: Registering ACPI NVS region [mem 0x1ffff000-0x1fffffff] (4096 bytes)\r\n[    0.212141] clocksource: jiffies: mask: 0xffffffff max_cycles: 0xffffffff, max_idle_ns: 7645041785100000 ns\r\n[    0.216266] pinctrl core: initialized pinctrl subsystem\r\n[    0.220444] RTC time: 22:07:07, date: 08/11/16\r\n[    0.224211] NET: Registered protocol family 16\r\n[    0.228248] cpuidle: using governor ladder\r\n[    0.232009] cpuidle: using governor menu\r\n[    0.236149] ACPI: bus type PCI registered\r\n[    0.240010] acpiphp: ACPI Hot Plug PCI Controller Driver version: 0.5\r\n[    0.244545] PCI: Using configuration type 1 for base access\r\n[    0.249733] ACPI: Added _OSI(Module Device)\r\n[    0.252013] ACPI: Added _OSI(Processor Device)\r\n[    0.256002] ACPI: Added _OSI(3.0 _SCP Extensions)\r\n[    0.260002] ACPI: Added _OSI(Processor Aggregator Device)\r\n[    0.268371] ACPI: Interpreter enabled\r\n[    0.272007] ACPI Exception: AE_NOT_FOUND, While evaluating Sleep State [\\_S1_] (20150619/hwxface-580)\r\n[    0.284005] ACPI Exception: AE_NOT_FOUND, While evaluating Sleep State [\\_S2_] (20150619/hwxface-580)\r\n[    0.296004] ACPI Exception: AE_NOT_FOUND, While evaluating Sleep State [\\_S3_] (20150619/hwxface-580)\r\n[    0.308003] ACPI Exception: AE_NOT_FOUND, While evaluating Sleep State [\\_S4_] (20150619/hwxface-580)\r\n[    0.320010] ACPI: (supports S0 S5)\r\n[    0.324006] ACPI: Using IOAPIC for interrupt routing\r\n[    0.328061] PCI: Using host bridge windows from ACPI; if necessary, use \"pci=nocrs\" and report a bug\r\n[    0.345494] ACPI: PCI Root Bridge [PCI0] (domain 0000 [bus 00-ff])\r\n[    0.348010] acpi PNP0A03:00: _OSC: OS supports [ASPM ClockPM Segments MSI]\r\n[    0.352015] acpi PNP0A03:00: _OSC failed (AE_NOT_FOUND); disabling ASPM\r\n[    0.360252] acpi PNP0A03:00: fail to add MMCONFIG information, can't access extended PCI configuration space under this bridge.\r\n[    0.364215] PCI host bridge to bus 0000:00\r\n[    0.368006] pci_bus 0000:00: root bus resource [bus 00-ff]\r\n[    0.372006] pci_bus 0000:00: root bus resource [mem 0xfe0000000-0xfffefffff window]\r\n[    0.376004] pci_bus 0000:00: root bus resource [io  0x0000-0x0cf7 window]\r\n[    0.380007] pci_bus 0000:00: root bus resource [io  0x0d00-0xffff window]\r\n[    0.384003] pci_bus 0000:00: root bus resource [mem 0x000a0000-0x000bffff window]\r\n[    0.388006] pci_bus 0000:00: root bus resource [mem 0x20000000-0xfffbffff window]\r\n[    0.399418] pci 0000:00:07.1: legacy IDE quirk: reg 0x10: [io  0x01f0-0x01f7]\r\n[    0.400005] pci 0000:00:07.1: legacy IDE quirk: reg 0x14: [io  0x03f6]\r\n[    0.404011] pci 0000:00:07.1: legacy IDE quirk: reg 0x18: [io  0x0170-0x0177]\r\n[    0.408005] pci 0000:00:07.1: legacy IDE quirk: reg 0x1c: [io  0x0376]\r\n[    0.412498] * Found PM-Timer Bug on the chipset. Due to workarounds for a bug,\r\n[    0.412498] * this clock source is slow. Consider trying other clock sources\r\n[    0.421393] pci 0000:00:07.3: quirk: [io  0x0400-0x043f] claimed by PIIX4 ACPI\r\n[    0.434532] ACPI: PCI Interrupt Link [LNKA] (IRQs 3 4 5 7 9 10 *11 12 14 15)\r\n[    0.466549] ACPI: PCI Interrupt Link [LNKB] (IRQs 3 4 5 7 9 10 11 12 14 15) *0, disabled.\r\n[    0.504260] ACPI: PCI Interrupt Link [LNKC] (IRQs 3 4 5 7 9 10 11 12 14 15) *0, disabled.\r\n[    0.544241] ACPI: PCI Interrupt Link [LNKD] (IRQs 3 4 5 7 9 10 11 12 14 15) *0, disabled.\r\n[    0.582629] ACPI: Enabled 1 GPEs in block 00 to 0F\r\n[    0.584205] vgaarb: setting as boot device: PCI:0000:00:08.0\r\n[    0.588000] vgaarb: device added: PCI:0000:00:08.0,decodes=io+mem,owns=io+mem,locks=none\r\n[    0.588008] vgaarb: loaded\r\n[    0.592002] vgaarb: bridge control possible 0000:00:08.0\r\n[    0.600046] SCSI subsystem initialized\r\n[    0.604111] ACPI: bus type USB registered\r\n[    0.608033] usbcore: registered new interface driver usbfs\r\n[    0.612015] usbcore: registered new interface driver hub\r\n[    0.616038] usbcore: registered new device driver usb\r\n[    0.620212] PCI: Using ACPI for IRQ routing\r\n[    0.624538] NetLabel: Initializing\r\n[    0.628002] NetLabel:  domain hash size = 128\r\n[    0.632001] NetLabel:  protocols = UNLABELED CIPSOv4\r\n[    0.636019] NetLabel:  unlabeled traffic allowed by default\r\n[    0.640132] clocksource: Switched to clocksource hyperv_clocksource\r\n[    0.664172] AppArmor: AppArmor Filesystem Enabled\r\n[    0.678151] pnp: PnP ACPI init\r\n[    0.689942] system 00:06: [io  0x01e0-0x01ef] has been reserved\r\n[    0.706150] system 00:06: [io  0x0160-0x016f] has been reserved\r\n[    0.721230] system 00:06: [io  0x0278-0x027f] has been reserved\r\n[    0.737724] system 00:06: [io  0x0378-0x037f] has been reserved\r\n[    0.753662] system 00:06: [io  0x0678-0x067f] has been reserved\r\n[    0.769231] system 00:06: [io  0x0778-0x077f] has been reserved\r\n[    0.785366] system 00:06: [io  0x04d0-0x04d1] has been reserved\r\n[    0.801196] system 00:07: [io  0x0400-0x043f] has been reserved\r\n[    0.816290] system 00:07: [io  0x0370-0x0371] has been reserved\r\n[    0.831313] system 00:07: [io  0x0440-0x044f] has been reserved\r\n[    0.847429] system 00:07: [mem 0xfec00000-0xfec00fff] could not be reserved\r\n[    0.866246] system 00:07: [mem 0xfee00000-0xfee00fff] has been reserved\r\n[    0.883464] system 00:08: [mem 0x00000000-0x0009ffff] could not be reserved\r\n[    0.900747] system 00:08: [mem 0x000c0000-0x000dffff] could not be reserved\r\n[    0.919459] system 00:08: [mem 0x000e0000-0x000fffff] could not be reserved\r\n[    0.939373] system 00:08: [mem 0x00100000-0x1fffffff] could not be reserved\r\n[    0.956547] system 00:08: [mem 0xfffc0000-0xffffffff] has been reserved\r\n[    0.975506] pnp: PnP ACPI: found 9 devices\r\n[    1.002633] clocksource: acpi_pm: mask: 0xffffff max_cycles: 0xffffff, max_idle_ns: 2085701024 ns\r\n[    1.030664] NET: Registered protocol family 2\r\n[    1.045410] TCP established hash table entries: 32768 (order: 6, 262144 bytes)\r\n[    1.065701] TCP bind hash table entries: 32768 (order: 7, 524288 bytes)\r\n[    1.084152] TCP: Hash tables configured (established 32768 bind 32768)\r\n[    1.102157] UDP hash table entries: 2048 (order: 4, 65536 bytes)\r\n[    1.118909] UDP-Lite hash table entries: 2048 (order: 4, 65536 bytes)\r\n[    1.138884] NET: Registered protocol family 1\r\n[    1.157646] pci 0000:00:00.0: Limiting direct PCI/PCI transfers\r\n[    1.175185] Trying to unpack rootfs image as initramfs...\r\n[    1.771822] Freeing initrd memory: 30528K (ffff88001d9ba000 - ffff88001f78a000)\r\n[    1.792880] PCI-DMA: Using software bounce buffering for IO (SWIOTLB)\r\n[    1.810932] software IO TLB [mem 0x199ba000-0x1d9ba000] (64MB) mapped at [ffff8800199ba000-ffff88001d9b9fff]\r\n[    1.839275] clocksource: tsc: mask: 0xffffffffffffffff max_cycles: 0x2283be6f12a, max_idle_ns: 440795258165 ns\r\n[    1.865491] RAPL PMU detected, API unit is 2^-32 Joules, 3 fixed counters 10737418240 ms ovfl timer\r\n[    1.890144] hw unit of domain pp0-core 2^-0 Joules\r\n[    1.904152] hw unit of domain package 2^-0 Joules\r\n[    1.918461] hw unit of domain dram 2^-16 Joules\r\n[    1.932058] microcode: CPU0 sig=0x306f2, pf=0x1, revision=0xffffffff\r\n[    1.950392] microcode: Microcode Update Driver: v2.00 <tigran@aivazian.fsnet.co.uk>, Peter Oruba\r\n[    1.976133] Scanning for low memory corruption every 60 seconds\r\n[    1.992898] futex hash table entries: 16384 (order: 8, 1048576 bytes)\r\n[    2.012044] Initialise system trusted keyring\r\n[    2.024616] audit: initializing netlink subsys (disabled)\r\n[    2.039370] audit: type=2000 audit(1470953228.036:1): initialized\r\n[    2.056192] HugeTLB registered 2 MB page size, pre-allocated 0 pages\r\n[    2.074433] zpool: loaded\r\n[    2.082711] zbud: loaded\r\n[    2.092097] VFS: Disk quotas dquot_6.6.0\r\n[    2.103423] VFS: Dquot-cache hash table entries: 512 (order 0, 4096 bytes)\r\n[    2.122473] fuse init (API version 7.23)\r\n[    2.134324] Key type big_key registered\r\n[    2.145518] Key type asymmetric registered\r\n[    2.157101] Asymmetric key parser 'x509' registered\r\n[    2.170817] Block layer SCSI generic (bsg) driver version 0.4 loaded (major 249)\r\n[    2.191657] io scheduler noop registered\r\n[    2.203041] io scheduler deadline registered (default)\r\n[    2.218355] io scheduler cfq registered\r\n[    2.229272] pci_hotplug: PCI Hot Plug PCI Core version: 0.5\r\n[    2.244565] pciehp: PCI Express Hot Plug Controller Driver version: 0.4\r\n[    2.262111] input: Power Button as /devices/LNXSYSTM:00/LNXPWRBN:00/input/input0\r\n[    2.282029] ACPI: Power Button [PWRF]\r\n[    2.292901] GHES: HEST is not enabled!\r\n[    2.304105] Serial: 8250/16550 driver, 32 ports, IRQ sharing enabled\r\n[    2.370859] 00:03: ttyS0 at I/O 0x3f8 (irq = 4, base_baud = 115200) is a 16550A\r\n[    2.441534] 00:04: ttyS1 at I/O 0x2f8 (irq = 3, base_baud = 115200) is a 16550A\r\n[    2.462734] Linux agpgart interface v0.103\r\n[    2.477192] brd: module loaded\r\n[    2.487908] loop: module loaded\r\n[    2.497875] ata_piix 0000:00:07.1: Hyper-V Virtual Machine detected, ATA device ignore set\r\n[    2.521106] scsi host0: ata_piix\r\n[    2.530673] scsi host1: ata_piix\r\n[    2.540468] ata1: PATA max UDMA/33 cmd 0x1f0 ctl 0x3f6 bmdma 0xffa0 irq 14\r\n[    2.558621] ata2: PATA max UDMA/33 cmd 0x170 ctl 0x376 bmdma 0xffa8 irq 15\r\n[    2.577528] libphy: Fixed MDIO Bus: probed\r\n[    2.590278] tun: Universal TUN/TAP device driver, 1.6\r\n[    2.604336] tun: (C) 1999-2004 Max Krasnyansky <maxk@qualcomm.com>\r\n[    2.621084] PPP generic driver version 2.4.2\r\n[    2.634263] ehci_hcd: USB 2.0 'Enhanced' Host Controller (EHCI) Driver\r\n[    2.651721] ehci-pci: EHCI PCI platform driver\r\n[    2.664446] ehci-platform: EHCI generic platform driver\r\n[    2.678529] ohci_hcd: USB 1.1 'Open' Host Controller (OHCI) Driver\r\n[    2.694473] ohci-pci: OHCI PCI platform driver\r\n[    2.706929] ohci-platform: OHCI generic platform driver\r\n[    2.721593] uhci_hcd: USB Universal Host Controller Interface driver\r\n[    2.740152] i8042: PNP: PS/2 Controller [PNP0303:PS2K,PNP0f03:PS2M] at 0x60,0x64 irq 1,12\r\n[    2.764312] ata2.00: ATAPI: Virtual CD, , max MWDMA2\r\n[    2.782127] serio: i8042 KBD port at 0x60,0x64 irq 1\r\n[    2.796107] ata2.00: configured for MWDMA2\r\n[    2.808443] serio: i8042 AUX port at 0x60,0x64 irq 12\r\n[    2.822991] scsi 1:0:0:0: CD-ROM            Msft     Virtual CD/ROM   1.0  PQ: 0 ANSI: 5\r\n[    2.845736] mousedev: PS/2 mouse device common for all mice\r\n[    2.862174] rtc_cmos 00:00: RTC can wake from S4\r\n[    2.876444] sr 1:0:0:0: [sr0] scsi3-mmc drive: 0x/0x tray\r\n[    2.891413] cdrom: Uniform CD-ROM driver Revision: 3.20\r\n[    2.926020] input: AT Translated Set 2 keyboard as /devices/platform/i8042/serio0/input/input1\r\n[    2.948699] sr 1:0:0:0: Attached scsi generic sg0 type 5\r\n[    2.963936] rtc_cmos 00:00: rtc core: registered rtc_cmos as rtc0\r\n[    2.983215] rtc_cmos 00:00: alarms up to one month, 114 bytes nvram\r\n[    3.001691] i2c /dev entries driver\r\n[    3.011336] device-mapper: uevent: version 1.0.3\r\n[    3.022994] device-mapper: ioctl: 4.33.0-ioctl (2015-8-18) initialised: dm-devel@redhat.com\r\n[    3.044136] ledtrig-cpu: registered to indicate activity on CPUs\r\n[    3.058387] PCCT header not found.\r\n[    3.068826] NET: Registered protocol family 10\r\n[    3.081745] NET: Registered protocol family 17\r\n[    3.093920] Key type dns_resolver registered\r\n[    3.106435] Loading compiled-in X.509 certificates\r\n[    3.120680] Loaded X.509 cert 'Build time autogenerated kernel key: 496c94160eff313b4f6dec3de299bde8f4a608ce'\r\n[    3.146387] registered taskstats version 1\r\n[    3.158012] zswap: loading zswap\r\n[    3.167765] zswap: using zbud pool\r\n[    3.177783] zswap: using lzo compressor\r\n[    3.190165] Key type trusted registered\r\n[    3.202967] Key type encrypted registered\r\n[    3.214579] AppArmor: AppArmor sha1 policy hashing enabled\r\n[    3.229071] ima: No TPM chip found, activating TPM-bypass!\r\n[    3.243732] evm: HMAC attrs: 0x1\r\n[    3.253406]   Magic number: 12:238:148\r\n[    3.264182] bdi 1:0: hash matches\r\n[    3.274657] rtc_cmos 00:00: setting system clock to 2016-08-11 22:07:11 UTC (1470953231)\r\n[    3.295948] BIOS EDD facility v0.16 2004-Jun-25, 0 devices found\r\n[    3.312401] EDD information not available.\r\n[    3.329499] Freeing unused kernel memory: 1464K (ffffffff81f37000 - ffffffff820a5000)\r\n[    3.349768] Write protecting the kernel read-only data: 14336k\r\n[    3.366496] Freeing unused kernel memory: 2044K (ffff880001801000 - ffff880001a00000)\r\n[    3.387325] Freeing unused kernel memory: 288K (ffff880001db8000 - ffff880001e00000)\r\nLoading, please wait...\r\nstarting version 225\r\n[    3.431370] random: udevadm urandom read with 4 bits of entropy available\r\n[    3.503336] clocksource: hyperv_clocksource_tsc_page: mask: 0xffffffffffffffff max_cycles: 0x24e6a1710, max_idle_ns: 440795202120 ns\r\n[    3.542040] Floppy drive(s): fd0 is 1.44M\r\n[    3.626777] AVX2 version of gcm_enc/dec engaged.\r\n[    3.640999] AES CTR mode by8 optimization enabled\r\n[    3.677401] FDC 0 is an 82078.\r\n[    3.725567] clocksource: Switched to clocksource hyperv_clocksource_tsc_page\r\n[    3.747877] hv_vmbus: Hyper-V Host Build:9600-6.3-18-0.18190; Vmbus version:3.0\r\n[    3.775002] hv_utils: Registering HyperV Utility Driver\r\n[    3.790989] hv_vmbus: registering driver hv_util\r\n[    3.811917] hv_vmbus: registering driver hv_storvsc\r\n[    3.836512] hidraw: raw HID events driver (C) Jiri Kosina\r\n[    3.855376] hv_vmbus: registering driver hid_hyperv\r\n[    3.876820] scsi host2: storvsc_host_t\r\n[    3.888250] scsi 2:0:0:0: Direct-Access     Msft     Virtual Disk     1.0  PQ: 0 ANSI: 4\r\n[    3.910482] sd 2:0:0:0: Attached scsi generic sg1 type 0\r\n[    3.927207] sd 2:0:0:0: [sda] 61440000 512-byte logical blocks: (31.4 GB/29.2 GiB)\r\n[    3.946828] sd 2:0:0:0: [sda] Write Protect is off\r\n[    3.961326] sd 2:0:0:0: [sda] Write cache: enabled, read cache: enabled, supports DPO and FUA\r\n[    3.986109] input: Microsoft Vmbus HID-compliant Mouse as /devices/0006:045E:0621.0001/input/input4\r\n[    4.018070] psmouse serio1: trackpoint: failed to get extended button data\r\n[    4.040464]  sda: sda1\r\n[    4.048746] hv_vmbus: registering driver hv_netvsc\r\n[    4.062328] hid-generic 0006:045E:0621.0001: input: <UNKNOWN> HID v0.01 Mouse [Microsoft Vmbus HID-compliant Mouse] on \r\n[    4.090111] sd 2:0:0:0: [sda] Attached SCSI disk\r\n[    4.112572] scsi host3: storvsc_host_t\r\n[    4.124452] scsi 3:0:1:0: Direct-Access     Msft     Virtual Disk     1.0  PQ: 0 ANSI: 4\r\n[    4.146018] sd 3:0:1:0: Attached scsi generic sg2 type 0\r\n[    4.162046] sd 3:0:1:0: [sdb] 104857600 512-byte logical blocks: (53.6 GB/50.0 GiB)\r\n[    4.181862] sd 3:0:1:0: [sdb] 4096-byte physical blocks\r\n[    4.196870] sd 3:0:1:0: [sdb] Write Protect is off\r\n[    4.210338] hv_netvsc: hv_netvsc channel opened successfully\r\n[    4.226167] sd 3:0:1:0: [sdb] Write cache: enabled, read cache: enabled, supports DPO and FUA\r\n[    4.254386]  sdb: sdb1\r\n[    4.263635] sd 3:0:1:0: [sdb] Attached SCSI disk\r\n[    4.393557] hv_netvsc vmbus_16: Send section size: 6144, Section count:2560\r\n[    4.413311] hv_netvsc vmbus_16: Device MAC 00:0d:3a:13:bf:e7 link state up\r\n[    4.440539] scsi host4: storvsc_host_t\r\n[    4.452233] scsi 4:0:0:0: scsi scan: INQUIRY result too short (5), using 36\r\n[    4.470731] scsi 4:0:0:1: scsi scan: INQUIRY result too short (5), using 36\r\n[    4.489332] scsi 4:0:1:0: scsi scan: INQUIRY result too short (5), using 36\r\n[    4.508256] scsi 4:0:1:1: scsi scan: INQUIRY result too short (5), using 36\r\n[    4.526047] scsi host5: storvsc_host_t\r\n[    4.537159] scsi 4:1:0:0: scsi scan: INQUIRY result too short (5), using 36\r\n[    4.555985] scsi 5:0:0:0: scsi scan: INQUIRY result too short (5), using 36\r\n[    4.575155] scsi 4:1:0:1: scsi scan: INQUIRY result too short (5), using 36\r\n[    4.593815] scsi 5:0:0:1: scsi scan: INQUIRY result too short (5), using 36\r\n[    4.612120] scsi 4:1:1:0: scsi scan: INQUIRY result too short (5), using 36\r\n[    4.631006] scsi 5:0:1:0: scsi scan: INQUIRY result too short (5), using 36\r\n[    4.650691] scsi 4:1:1:1: scsi scan: INQUIRY result too short (5), using 36\r\n[    4.668726] scsi 5:0:1:1: scsi scan: INQUIRY result too short (5), using 36\r\n[    4.687928] scsi 4:2:0:0: scsi scan: INQUIRY result too short (5), using 36\r\n[    4.706970] scsi 5:1:0:0: scsi scan: INQUIRY result too short (5), using 36\r\n[    4.725531] scsi 4:2:0:1: scsi scan: INQUIRY result too short (5), using 36\r\n[    4.747925] scsi 5:1:0:1: scsi scan: INQUIRY result too short (5), using 36\r\n[    4.766545] scsi 5:1:1:0: scsi scan: INQUIRY result too short (5), using 36\r\n[    4.785136] scsi 4:2:1:0: scsi scan: INQUIRY result too short (5), using 36\r\n[    4.805074] scsi 5:1:1:1: scsi scan: INQUIRY result too short (5), using 36\r\n[    4.825181] scsi 4:2:1:1: scsi scan: INQUIRY result too short (5), using 36\r\n[    4.843943] scsi 5:2:0:0: scsi scan: INQUIRY result too short (5), using 36\r\n[    4.862303] scsi 4:3:0:0: scsi scan: INQUIRY result too short (5), using 36\r\n[    4.881042] scsi 5:2:0:1: scsi scan: INQUIRY result too short (5), using 36\r\n[    4.899004] scsi 4:3:0:1: scsi scan: INQUIRY result too short (5), using 36\r\n[    4.917560] scsi 5:2:1:0: scsi scan: INQUIRY result too short (5), using 36\r\n[    4.935421] scsi 4:3:1:0: scsi scan: INQUIRY result too short (5), using 36\r\n[    4.960392] scsi 5:2:1:1: scsi scan: INQUIRY result too short (5), using 36\r\n[    4.980133] scsi 4:3:1:1: scsi scan: INQUIRY result too short (5), using 36\r\n[    4.997838] scsi 5:3:0:0: scsi scan: INQUIRY result too short (5), using 36\r\n[    5.018871] scsi 4:4:0:0: scsi scan: INQUIRY result too short (5), using 36\r\n[    5.036322] scsi 5:3:0:1: scsi scan: INQUIRY result too short (5), using 36\r\n[    5.055152] scsi 4:4:0:1: scsi scan: INQUIRY result too short (5), using 36\r\n[    5.072958] scsi 5:3:1:0: scsi scan: INQUIRY result too short (5), using 36\r\n[    5.089712] scsi 4:4:1:0: scsi scan: INQUIRY result too short (5), using 36\r\n[    5.106070] scsi 5:3:1:1: scsi scan: INQUIRY result too short (5), using 36\r\n[    5.123906] scsi 4:4:1:1: scsi scan: INQUIRY result too short (5), using 36\r\n[    5.142809] scsi 5:4:0:0: scsi scan: INQUIRY result too short (5), using 36\r\n[    5.161700] scsi 4:5:0:0: scsi scan: INQUIRY result too short (5), using 36\r\n[    5.180374] scsi 5:4:0:1: scsi scan: INQUIRY result too short (5), using 36\r\n[    5.198592] scsi 4:5:0:1: scsi scan: INQUIRY result too short (5), using 36\r\n[    5.216693] scsi 5:4:1:0: scsi scan: INQUIRY result too short (5), using 36\r\n[    5.235511] scsi 4:5:1:0: scsi scan: INQUIRY result too short (5), using 36\r\n[    5.254286] scsi 5:4:1:1: scsi scan: INQUIRY result too short (5), using 36\r\n[    5.274510] scsi 4:5:1:1: scsi scan: INQUIRY result too short (5), using 36\r\n[    5.293665] scsi 5:5:0:0: scsi scan: INQUIRY result too short (5), using 36\r\n[    5.312620] scsi 4:6:0:0: scsi scan: INQUIRY result too short (5), using 36\r\n[    5.331523] scsi 5:5:0:1: scsi scan: INQUIRY result too short (5), using 36\r\n[    5.350072] scsi 4:6:0:1: scsi scan: INQUIRY result too short (5), using 36\r\n[    5.368121] scsi 5:5:1:0: scsi scan: INQUIRY result too short (5), using 36\r\n[    5.386531] scsi 4:6:1:0: scsi scan: INQUIRY result too short (5), using 36\r\n[    5.404935] scsi 5:5:1:1: scsi scan: INQUIRY result too short (5), using 36\r\n[    5.423375] scsi 4:6:1:1: scsi scan: INQUIRY result too short (5), using 36\r\n[    5.442650] scsi 5:6:0:0: scsi scan: INQUIRY result too short (5), using 36\r\n[    5.461118] scsi 4:7:0:0: scsi scan: INQUIRY result too short (5), using 36\r\n[    5.479667] scsi 5:6:0:1: scsi scan: INQUIRY result too short (5), using 36\r\n[    5.497628] scsi 4:7:0:1: scsi scan: INQUIRY result too short (5), using 36\r\n[    5.515036] scsi 5:6:1:0: scsi scan: INQUIRY result too short (5), using 36\r\n[    5.535195] scsi 4:7:1:0: scsi scan: INQUIRY result too short (5), using 36\r\n[    5.553824] scsi 5:6:1:1: scsi scan: INQUIRY result too short (5), using 36\r\n[    5.572025] scsi 4:7:1:1: scsi scan: INQUIRY result too short (5), using 36\r\n[    5.590242] scsi 5:7:0:0: scsi scan: INQUIRY result too short (5), using 36\r\n[    5.608179] scsi 5:7:0:1: scsi scan: INQUIRY result too short (5), using 36\r\n[    5.628425] scsi 5:7:1:0: scsi scan: INQUIRY result too short (5), using 36\r\n[    5.647267] scsi 5:7:1:1: scsi scan: INQUIRY result too short (5), using 36\r\nBegin: Loading essential drivers ... done.\r\r\nBegin: Running /scripts/init-premount ... done.\r\r\nBegin: Mounting root file system ... Begin: Running /scripts/local-top ... done.\r\r\nBegin: Running /scripts/local-premount ... done.\r\r\nBegin: Checking root file system ... fsck from util-linux 2.26.2\r\r\ncloudimg-rootfs: clean, 73671/245760 files, 353697/524032 blocks\r\r\ndone.\r\r\n[    7.303524] EXT4-fs (sda1): mounted filesystem with ordered data mode. Opts: (null)\r\ndone.\r\r\nBegin: Running /scripts/local-bottom ... done.\r\r\nBegin: Running /scripts/init-bottom ... Warning: overlayroot: debug is busted\r\r\ndone.\r\r\n[    8.812218] random: nonblocking pool is initialized\r\n[    8.908071] psmouse serio1: trackpoint: IBM TrackPoint firmware: 0x01, buttons: 0/0\r\n[    8.927892] input: TPPS/2 IBM TrackPoint as /devices/platform/i8042/serio1/input/input3\r\n[   11.039980] systemd[1]: Failed to insert module 'kdbus': Function not implemented\r\n[   11.405867] systemd[1]: systemd 225 running in system mode. (+PAM +AUDIT +SELINUX +IMA +APPARMOR +SMACK +SYSVINIT +UTMP +LIBCRYPTSETUP +GCRYPT +GNUTLS +ACL +XZ -LZ4 +SECCOMP +BLKID -ELFUTILS +KMOD -IDN)\r\n[   11.450610] systemd[1]: Detected virtualization microsoft.\r\n[   11.464149] systemd[1]: Detected architecture x86-64.\r\n\r\r\nWelcome to \u001b[1mUbuntu 15.10\u001b[0m![   11.484883] systemd[1]: Set hostname to <ubuntu>.\r\n\r\r\n\r\r\n[   11.500955] systemd[1]: Initializing machine ID from random generator.\r\n[   11.517439] systemd[1]: Installed transient /etc/machine-id file.\r\n-.mount\r\r\n[   12.329696] systemd[1]: sshd-keygen.service: Cannot add dependency job, ignoring: Unit sshd-keygen.service failed to load: No such file or directory.\r\netc-machine\\x2did.mount\r\r\n[   12.372152] systemd[1]: sshd-keygen.service: Cannot add dependency job, ignoring: Unit sshd-keygen.service failed to load: No such file or directory.\r\n[   12.407064] systemd[1]: display-manager.service: Cannot add dependency job, ignoring: Unit display-manager.service failed to load: No such file or directory.\r\n[   12.440782] systemd[1]: Reached target User and Group Name Lookups.\r\n[\u001b[32m  OK  \u001b[0m[   12.461034] systemd[1]: Set up automount Arbitrary Executable File Formats File System Automount Point.\r\n] Reached target User and Group Name Lookups.\r\r\n[\u001b[32m  OK  \u001b[0m[   12.496135] systemd[1]: Reached target Encrypted Volumes.\r\n] Set up automount Arbitrary Executab...ats File System Automount Point.\r\r\n[   12.521954] systemd[1]: Started Forward Password Requests to Wall Directory Watch.\r\n[\u001b[32m  OK  \u001b[0m] Reached target Encrypted Volumes.\r\r\n[\u001b[32m  OK  \u001b[0m[   12.554614] systemd[1]: Reached target Remote File Systems (Pre).\r\n] Started Forward Password Requests to Wall Directory Watch.\r\r\n[\u001b[32m  OK  \u001b[0m[   12.584760] systemd[1]: Reached target Swap.\r\n] Reached target Remote File Systems (Pre).\r\r\n[[   12.607598] systemd[1]: Created slice Root Slice.\r\n\u001b[32m  OK  \u001b[0m] Reached target Swap.\r\r\n[\u001b[32m  OK  \u001b[0m[   12.632097] systemd[1]: Listening on /dev/initctl Compatibility Named Pipe.\r\n] Created slice Root Slice.\r\r\n[\u001b[32m  OK  \u001b[0m[   12.659210] systemd[1]: Listening on udev Kernel Socket.\r\n] Listening on /dev/initctl Compatibility Named Pipe.\r\r\n[[   12.683864] systemd[1]: Listening on udev Control Socket.\r\n\u001b[32m  OK  \u001b[0m] Listening on udev Kernel Socket.\r\r\n[\u001b[32m  OK  \u001b[0m[   12.712077] systemd[1]: Created slice User and Session Slice.\r\n] Listening on udev Control Socket.\r\r\n[\u001b[32m  OK  \u001b[0m[   12.738979] systemd[1]: Listening on Journal Audit Socket.\r\n] Created slice User and Session Slice.\r\r\n[\u001b[32m  OK  \u001b[0m[   12.766194] systemd[1]: Listening on Journal Socket (/dev/log).\r\n] Listening on Journal Audit Socket.\r\r\n[\u001b[32m  OK  \u001b[0m[   12.794293] systemd[1]: Listening on Journal Socket.\r\n] Listening on Journal Socket (/dev/log).\r\r\n[\u001b[32m  OK  \u001b[0m[   12.819624] systemd[1]: Created slice System Slice.\r\n] Listening on Journal Socket.\r\r\n[\u001b[32m  OK  \u001b[0m[   12.843808] systemd[1]: Starting Uncomplicated firewall...\r\n] Created slice System Slice.\r\r\n         Starting Uncomplicated firewall...[   12.875228] systemd[1]: Mounting Debug File System...\r\n\r\r\n         Mounting Debug File System...[   12.900210] systemd[1]: Created slice system-serial\\x2dgetty.slice.\r\n\r\r\n[\u001b[32m  OK  \u001b[0m] Created slice system-serial\\x2dgetty.slice.\r\r\n[   12.967780] systemd[1]: Created slice system-getty.slice.\r\n[\u001b[32m  OK  \u001b[0m[   12.988336] systemd[1]: Starting Remount Root and Kernel File Systems...\r\n] Created slice system-getty.slice.\r\r\n         Starting Remount Root and Kernel File Systems...\r\r\n[   13.027416] systemd[1]: Starting Load Kernel Modules...\r\n        
[   13.045506] EXT4-fs (sda1): re-mounted. Opts: discard\r\nStarting Load Kernel Modules...[   13.067940] systemd[1]: Starting udev Coldplug all Devices...\r\n\r\r\n         Starting udev Coldplug all Devices...[   13.097193] systemd[1]: Reached target Slices.\r\n\r\r\n[\u001b[32m  OK  \u001b[0m[   13.118961] systemd[1]: Mounting Huge Pages File System...\r\n] Reached target Slices.\r\r\n         Mounting Huge Pages File System...[   13.150207] systemd[1]: Mounting POSIX Message Queue File System...\r\n\r\r\n         Mounting POSIX Message Queue File System...[   13.182166] systemd[1]: Starting Create list of required static device nodes for the current kernel...\r\n\r\r\n         Starting Create list of required st... nodes for the current kernel...[   13.222726] systemd[1]: Starting Setup Virtual Console...\r\n\r\r\n        
[   13.242449] systemd[1]: Starting Increase datagram queue length...\r\nStarting Setup Virtual Console...\r\r\n         Starting Increase datagram queue length...[   13.278423] systemd[1]: Mounted Huge Pages File System.\r\n\r\r\n[\u001b[32m  OK  \u001b[0m[   13.299391] systemd[1]: Mounted Debug File System.\r\n] Mounted Huge Pages File System.\r\r\ndev-hugepages.mount[   13.322616] systemd[1]: Mounted POSIX Message Queue File System.\r\n\r\r\n[\u001b[32m  OK  \u001b[0m] Mounted Debug File System.\r\r\nsys-kernel-debug.mount[   13.353861] systemd[1]: Started Uncomplicated firewall.\r\n\r\r\n[\u001b[32m  OK  \u001b[0m] Mounted POSIX Message Queue File System.\r\r\n[\u001b[32m  OK  \u001b[0m] Started Uncomplicated firewall.\r[   13.391569] systemd[1]: Started Remount Root and Kernel File Systems.\r\n\r\ndev-mqueue.mount\r\r\nufw.service[   13.430968] systemd[1]: Started Load Kernel Modules.\r\n\r\r\n[\u001b[32m  OK  \u001b[0m] Started Remount Root and Kernel File Systems.\r[   13.457269] systemd[1]: Started Setup Virtual Console.\r\n\r\n[\u001b[32m  OK  \u001b[0m] Started Load Kernel Modules.\r\r\nsystemd-remount-fs.service[   13.492770] systemd[1]: Started Increase datagram queue length.\r\n\r\r\n[\u001b[32m  OK  \u001b[0m] Started Setup Virtual Console.\r\r\nsystemd-modules-load.service\r\r\n[\u001b[32m  OK  \u001b[0m] Started Increase datagram queue length.\r[   13.571054] systemd[1]: Started udev Coldplug all Devices.\r\n\r\nsystemd-vconsole-setup.service\r\r\nsystemd-setup-dgram-qlen.service[   13.608289] systemd[1]: Listening on Syslog Socket.\r\n\r\r\n[\u001b[32m  OK  \u001b[0m] Started udev Coldplug all Devices.\r\r\nsystemd-udev-trigger.service[   13.639787] systemd[1]: Starting Journal Service...\r\n\r\r\n[\u001b[32m  OK  \u001b[0m] Listening on Syslog Socket.\r[   13.663800] systemd[1]: Starting Apply Kernel Variables...\r\n\r\n         Starting Journal Service...\r\r\n         Starting Apply Kernel Variables...[   13.697645] systemd[1]: Mounting FUSE Control File System...\r\n\r\r\n         Mounting FUSE Control File System...[   13.727100] systemd[1]: Starting Load/Save Random Seed...\r\n\r\r\n         Starting Load/Save Random Seed...[   13.754637] systemd[1]: Starting Ensure /etc/mtab is a symlink to /proc/mounts...\r\n\r\r\n         Starting Ensure /etc/mtab is a symlink to /proc/mounts...\r\r\n[\u001b[32m  OK  \u001b[0m] Mounted FUSE Control File System.\r\r\n[\u001b[32m  OK  \u001b[0m] Started Apply Kernel Variables.\r\r\nsys-fs-fuse-connections.mount\r\r\nsystemd-sysctl.service\r\r\n[\u001b[32m  OK  \u001b[0m] Started Ensure /etc/mtab is a symlink to /proc/mounts.\r\r\ndebian-fixup.service\r\r\n[\u001b[32m  OK  \u001b[0m] Started Create list of required sta...ce nodes for the current kernel.\r\r\n         Starting Create Static Device Nodes in /dev...\r\r\nkmod-static-nodes.service\r\r\n[\u001b[32m  OK  \u001b[0m] Started Load/Save Random Seed.\r\r\nsystemd-random-seed.service\r\r\n[\u001b[32m  OK  \u001b[0m] Started Journal Service.\r\r\n         Starting Flush Journal to Persistent Storage...\r\r\nsystemd-journald.service\r\r\n[\u001b[32m  OK  \u001b[0m] Started Flush Journal to Persistent Storage.\r\r\nsystemd-journal-flush.service\r\r\n[\u001b[32m  OK  \u001b[0m] Started Create Static Device Nodes in /dev.\r\r\n         Starting udev Kernel Device Manager...\r\r\nsystemd-tmpfiles-setup-dev.service\r\r\n[\u001b[32m  OK  \u001b[0m] Started udev Kernel Device Manager.\r\r\n[\u001b[32m  OK  \u001b[0m] Reached target Local File Systems (Pre).\r\r\nsystemd-udevd.service\r\r\n         Mounting /etc/network/interfaces.dynamic.d...\r\r\n[\u001b[32m  OK  \u001b[0m] Mounted /etc/network/interfaces.dynamic.d.\r\r\n[\u001b[32m  OK  \u001b[0m] Reached target Local File Systems.\r\r\n         Starting Commit a transient machine-id on disk...\r\r\n         Starting Set console keymap...\r\r\n         Starting Wait for all \"auto\" /etc/n... up for network-online.target...\r\r\n         Starting LSB: AppArmor initialization...\r\r\n[\u001b[32m  OK  \u001b[0m] Reached target Remote File Systems.\r\r\n         Starting Clean up any mess left by 0dns-up...\r\r\n         Starting Create Volatile Files and Directories...\r\r\n         Starting Tell Plymouth To Write Out Runtime Data...\r\r\n[\u001b[32m  OK  \u001b[0m] Started Commit a transient machine-id on disk.\r\r\n[\u001b[32m  OK  \u001b[0m] Started Create Volatile Files and Directories.\r\r\n         Starting Update UTMP about System Boot/Shutdown...\r\r\netc-network-interfaces.dynamic.d.mount\r\r\n         Starting Network Time Synchronization...\r\r\n[\u001b[32m  OK  \u001b[0m] Started Update UTMP about System Boot/Shutdown.\r\r\n[\u001b[32m  OK  \u001b[0m] Started Clean up any mess left by 0dns-up.\r\r\n         Starting Nameserver information manager...\r\r\n[\u001b[32m  OK  \u001b[0m] Started Nameserver information manager.\r\r\nsystemd-machine-id-commit.service\r\r\n[\u001b[32m  OK  \u001b[0m] Started Set console keymap.\r\r\n[\u001b[32m  OK  \u001b[0m] Started Network Time Synchronization.\r\r\n[\u001b[32m  OK  \u001b[0m] Reached target System Time Synchronized.\r\r\nsystemd-tmpfiles-setup.service\r\r\nsystemd-update-utmp.service\r\r\nresolvconf.service\r\r\n[\u001b[32m  OK  \u001b[0m] Started Tell Plymouth To Write Out Runtime Data.\r\r\nsystemd-timesyncd.service\r\r\n[   15.611467] piix4_smbus 0000:00:07.3: SMBus base address uninitialized - upgrade BIOS or use force_addr=0xaddr\r\n[\u001b[32m  OK  \u001b[0m] Found device /dev/ttyS0.\r\r\n[\u001b[32m  OK  \u001b[0m] Created slice system-ifup.slice.\r\r\n[\u001b[32m  OK  \u001b[0m] Found device /sys/subsystem/net/devices/eth0.\r\r\n[   15.943163] intel_rapl: no valid rapl domains found in package 0\r\n[\u001b[32m  OK  \u001b[0m] Started LSB: AppArmor initialization.\r\r\n[\u001b[32m  OK  \u001b[0m] Started ifup for eth0.\r\r\n         Starting LSB: Raise network interfaces....\r\r\napparmor.service\r\r\nifup@eth0.service\r\r\n[\u001b[32m  OK  \u001b[0m] Started LSB: Raise network interfaces..\r\r\n[\u001b[32m  OK  \u001b[0m] Reached target System Initialization.\r\r\n[\u001b[32m  OK  \u001b[0m] Listening on ACPID Listen Socket.\r\r\n[\u001b[32m  OK  \u001b[0m] Started Trigger resolvconf update for networkd DNS.\r\r\n[\u001b[32m  OK  \u001b[0m] Reached target Paths.\r\r\n         Starting Seed the pseudo random number generator on first boot...\r\r\n[\u001b[32m  OK  \u001b[0m] Listening on UUID daemon activation socket.\r\r\n         Starting lxd-unix.socket.\r\r\n[\u001b[32m  OK  \u001b[0m] Started Daily Cleanup of Temporary Directories.\r\r\n[\u001b[32m  OK  \u001b[0m] Reached target Timers.\r\r\n[\u001b[32m  OK  \u001b[0m] Listening on D-Bus System Message Bus Socket.\r\r\n[\u001b[32m  OK  \u001b[0m] Reached target Network.\r\r\n[\u001b[32m  OK  \u001b[0m] Listening on lxd-unix.socket.\r\r\n[\u001b[32m  OK  \u001b[0m] Reached target Sockets.\r\r\n[\u001b[32m  OK  \u001b[0m] Reached target Basic System.\r\r\n         Starting Restore /etc/resolv.conf i...e the ppp link was shut down....\r\r\n         Starting LSB: Record successful boot for GRUB...\r\r\n[\u001b[32m  OK  \u001b[0m] Started D-Bus System Message Bus.\r\r\nnetworking.service\r\r\n         Starting LSB: daemon to balance interrupts for SMP systems...\r\r\n[dbus.service\r\r\n\u001b[32m  OK  \u001b[0m] Started Hyper-V File Copy Protocol Daemon.\r\r\n         Starting LSB: Starts the Micro Name Service Cache Daemon...\r\r\n         Starting Login Service...\r\r\n         Starting LSB: automatic crash report generation...\r\r\n[\u001b[32m  OK  \u001b[0m] Started Regular background program processing daemon.\r\r\n         Starting LSB: Set the CPU Frequency Scaling governor to \"ondemand\"...\r\r\n         Starting Thermal Daemon Service...\r\r\n[\u001b[32m  OK  \u001b[0m] Started Cgroup management daemon.\r\r\n[\u001b[32m  OK  \u001b[0m] Started Hyper-V VSS Protocol Daemon.\r\r\n[\u001b[32m  OK  \u001b[0m] Started FUSE filesystem for LXC.\r\r\n         Starting Accounts Service...\r\r\n         Starting System Logging Service...\r\r\n[\u001b[32m  OK  \u001b[0m] Started Hyper-V KVP Protocol Daemon.\r\r\n         Starting Initial cloud-init job (pre-networking)...\r\r\n[\u001b[32m  OK  \u001b[0m] Started Deferred execution scheduler.\r\r\n[\u001b[32m  OK  \u001b[0m] Started Wait for all \"auto\" /etc/ne...be up for network-online.target.\r\r\n[\u001b[32m  OK  \u001b[0m] Started Restore /etc/resolv.conf if...ore the ppp link was shut down..\r\r\n[\u001b[32m  OK  \u001b[0m] Started LSB: Record successful boot for GRUB.\r\r\n[\u001b[32m  OK  \u001b[0m] Reached target Network is Online.\r\r\n         Starting LXC network bridge setup...\r\r\n         Starting /etc/rc.local Compatibility...\r\r\n[\u001b[32m  OK  \u001b[0m] Started /etc/rc.local Compatibility.\r\r\n[\u001b[32m  OK  \u001b[0m] Started Login Service.\r\r\n[\u001b[32m  OK  \u001b[0m] Started LSB: Set the CPU Frequency Scaling governor to \"ondemand\".\r\r\n[\u001b[32m  OK  \u001b[0m] Started LSB: automatic crash report generation.\r\r\n[\u001b[32m  OK  \u001b[0m] Started LSB: Starts the Micro Name Service Cache Daemon.\r\r\nhv-fcopy-daemon.service\r\r\ncron.service\r\r\ncgmanager.service\r\r\nhv-vss-daemon.service\r\r\nlxcfs.service\r\r\nhv-kvp-daemon.service\r\r\natd.service\r\r\nifup-wait-all-auto.service\r\r\ngrub-common.service\r\r\nrc-local.service\r\r\nsystemd-logind.service\r\r\nrun-cgmanager-fs.mount\r\r\nondemand.service\r\r\napport.service\r\r\nvar-lib-lxcfs.mount\r\r\n[\u001b[32m  OK  \u001b[0m] Started LSB: daemon to balance interrupts for SMP systems.\r\r\nunscd.service\r\r\nirqbalance.service\r\r\n[\u001b[32m  OK  \u001b[0m] Started System Logging Service.\r\r\nrsyslog.service\r\r\n[\u001b[32m  OK  \u001b[0m] Started Thermal Daemon Service.\r\r\nthermald.service\r\r\n         Starting Authenticate and Authorize Users to Run Privileged Tasks...\r\r\n[\u001b[32m  OK  \u001b[0m] Started Authenticate and Authorize Users to Run Privileged Tasks.\r\r\n[\u001b[32m  OK  \u001b[0m] Started LXC network bridge setup.\r\r\n         Starting LXC Container Initialization and Autoboot Code...\r\r\npolkitd.service\r\r\n[\u001b[32m  OK  \u001b[0m] Started Accounts Service.\r\r\nlxc-net.service\r\r\naccounts-daemon.service\r\r\n[\u001b[32m  OK  \u001b[0m] Started LXC Container Initialization and Autoboot Code.\r\r\n         Starting Container hypervisor based on LXC - boot time check...\r\r\nlxc.service\r\r\n[\u001b[32m  OK  \u001b[0m] Started Seed the pseudo random number generator on first boot.\r\r\n[\u001b[32m  OK  \u001b[0m] Started Initial cloud-init job (pre-networking).\r\r\n         Starting Initial cloud-init job (metadata service crawler)...\r\r\ncloud-init-local.service\r\r\n[   29.586376] cloud-init[735]: Cloud-init v. 0.7.7 running 'init-local' at Thu, 11 Aug 2016 22:07:38 +0000. Up 29.32 seconds.\r\r\n[   30.196104] blk_update_request: I/O error, dev fd0, sector 0\r\n[   30.248092] blk_update_request: I/O error, dev fd0, sector 0\r\n[\u001b[32m  OK  \u001b[0m] Started Container hypervisor based on LXC - boot time check.\r\r\ntmp-tmp4lwum5da.mount\r\r\n[   31.136191] cloud-init[969]: + i=eth0\r\r\n[   31.139888] cloud-init[969]: + x=0\r\r\n[   31.144775] cloud-init[969]: + ifdown eth0\r\r\n[   31.178537] cloud-init[969]: Killed old client process\r\r\n[   32.179589] cloud-init[969]: Internet Systems Consortium DHCP Client 4.3.1\r\r\n[   32.180261] cloud-init[969]: Copyright 2004-2014 Internet Systems Consortium.\r\r\n[   32.180867] cloud-init[969]: All rights reserved.\r\r\n[   32.181413] cloud-init[969]: For info, please visit https://www.isc.org/software/dhcp/\r\r\n[   32.198507] cloud-init[969]: Listening on LPF/eth0/00:0d:3a:13:bf:e7\r\r\n[   32.199069] cloud-init[969]: Sending on   LPF/eth0/00:0d:3a:13:bf:e7\r\r\n[   32.199636] cloud-init[969]: Sending on   Socket/fallback\r\r\n[   34.047592] cloud-init[969]: DHCPRELEASE on eth0 to 168.63.129.16 port 67 (xid=0x44046ea7)\r\r\n[   34.102608] cloud-init[969]: + ifup eth0\r\r\n[   34.126144] cloud-init[969]: Internet Systems Consortium DHCP Client 4.3.1\r\r\n[   34.132487] cloud-init[969]: Copyright 2004-2014 Internet Systems Consortium.\r\r\n[   34.132985] cloud-init[969]: All rights reserved.\r\r\n[   34.133504] cloud-init[969]: For info, please visit https://www.isc.org/software/dhcp/\r\r\n[   34.148994] cloud-init[969]: Listening on LPF/eth0/00:0d:3a:13:bf:e7\r\r\n[   34.149503] cloud-init[969]: Sending on   LPF/eth0/00:0d:3a:13:bf:e7\r\r\n[   34.150005] cloud-init[969]: Sending on   Socket/fallback\r\r\n[   34.162967] cloud-init[969]: DHCPDISCOVER on eth0 to 255.255.255.255 port 67 interval 3 (xid=0x975ff412)\r\r\n[   34.189786] cloud-init[969]: DHCPREQUEST of 10.0.0.4 on eth0 to 255.255.255.255 port 67 (xid=0x12f45f97)\r\r\n[   34.190339] cloud-init[969]: DHCPOFFER of 10.0.0.4 from 168.63.129.16\r\r\n[   34.218892] cloud-init[969]: DHCPACK of 10.0.0.4 from 168.63.129.16\r\r\n[   34.759570] cloud-init[969]: bound to 10.0.0.4 -- renewal in 4294967294 seconds.\r\r\n[   34.788242] cloud-init[969]: + exit 0\r\r\n[\u001b[32m  OK  \u001b[0m] Started Azure Linux Agent.\r\r\nwalinuxagent.service\r\r\n2016/08/11 22:07:45.402479 INFO Azure Linux Agent Version:2.1.3\r\r\n2016/08/11 22:07:45.412596 INFO OS: ubuntu 15.10\r\r\n2016/08/11 22:07:45.412798 INFO Python: 3.4.3\r\r\n2016/08/11 22:07:45.413037 INFO Run daemon\r\r\n2016/08/11 22:07:45.413227 INFO run Ubuntu provision handler\r\r\n2016/08/11 22:07:45.413418 INFO Waiting cloud-init to copy ovf-env.xml.\r\r\n2016/08/11 22:07:45.416219 INFO Detect protocol endpoints\r\r\n2016/08/11 22:07:45.416472 INFO WireServer endpoint is not found. Rerun dhcp handler\r\r\n2016/08/11 22:07:45.416656 INFO Send dhcp request\r\r\n2016/08/11 22:07:45.515512 INFO Configure routes\r\r\n2016/08/11 22:07:45.516002 INFO Gateway:10.0.0.1\r\r\n2016/08/11 22:07:45.516192 INFO Routes:None\r\r\n2016/08/11 22:07:45.522330 INFO Wire server endpoint:168.63.129.16\r\r\n2016/08/11 22:07:45.526517 INFO Fabric preferred wire protocol version:2015-04-05\r\r\n2016/08/11 22:07:45.527057 INFO Wire protocol version:2012-11-30\r\r\n2016/08/11 22:07:45.527230 WARNING Server prefered version:2015-04-05\r\r\n[   40.748112] blk_update_request: I/O error, dev fd0, sector 0\r\n[   40.804110] blk_update_request: I/O error, dev fd0, sector 0\r\ntmp-tmpvrsly4t7.mount\r\r\n2016/08/11 22:07:49.971592 INFO Sleep 15 seconds to prevent throttling\r\r\n[   43.533663] cloud-init[969]: Cloud-init v. 0.7.7 running 'init' at Thu, 11 Aug 2016 22:07:38 +0000. Up 29.86 seconds.\r\r\n[   43.537789] cloud-init[969]: ci-info: ++++++++++++++++++++++++++++++++++++++Net device info+++++++++++++++++++++++++++++++++++++++\r\r\n[   43.559251] cloud-init[969]: ci-info: +--------+------+------------------------------+---------------+-------+-------------------+\r\r\n[   43.559486] cloud-init[969]: ci-info: | Device |  Up  |           Address            |      Mask     | Scope |     Hw-Address    |\r\r\n[   43.559707] cloud-init[969]: ci-info: +--------+------+------------------------------+---------------+-------+-------------------+\r\r\n[   43.559964] cloud-init[969]: ci-info: |   lo   | True |          127.0.0.1           |   255.0.0.0   |   .   |         .         |\r\r\n[   43.560210] cloud-init[969]: ci-info: |   lo   | True |           ::1/128            |       .       |  host |         .         |\r\r\n[   43.560428] cloud-init[969]: ci-info: |  eth0  | True |           10.0.0.4           | 255.255.255.0 |   .   | 00:0d:3a:13:bf:e7 |\r\r\n[   43.560642] cloud-init[969]: ci-info: |  eth0  | True | fe80::20d:3aff:fe13:bfe7/64  |       .       |  link | 00:0d:3a:13:bf:e7 |\r\r\n[   43.560863] cloud-init[969]: ci-info: | lxcbr0 | True |           10.0.1.1           | 255.255.255.0 |   .   | 22:34:8f:bc:7d:65 |\r\r\n[   43.561070] cloud-init[969]: ci-info: | lxcbr0 | True | fe80::2034:8fff:febc:7d65/64 |       .       |  link | 22:34:8f:bc:7d:65 |\r\r\n[   43.561276] cloud-init[969]: ci-info: +--------+------+------------------------------+---------------+-------+-------------------+\r\r\n[   43.561480] cloud-init[969]: ci-info: +++++++++++++++++++++++++++++Route IPv4 info++++++++++++++++++++++++++++++\r\r\n[   43.561687] cloud-init[969]: ci-info: +-------+---------------+----------+-----------------+-----------+-------+\r\r\n[   43.561891] cloud-init[969]: ci-info: | Route |  Destination  | Gateway  |     Genmask     | Interface | Flags |\r\r\n[   43.562096] cloud-init[969]: ci-info: +-------+---------------+----------+-----------------+-----------+-------+\r\r\n[   43.564031] cloud-init[969]: ci-info: |   0   |    0.0.0.0    | 10.0.0.1 |     0.0.0.0     |    eth0   |   UG  |\r\r\n[   43.564279] cloud-init[969]: ci-info: |   1   |    10.0.0.0   | 0.0.0.0  |  255.255.255.0  |    eth0   |   U   |\r\r\n[   43.564496] cloud-init[969]: ci-info: |   2   |    10.0.1.0   | 0.0.0.0  |  255.255.255.0  |   lxcbr0  |   U   |\r\r\n[   43.564705] cloud-init[969]: ci-info: |   3   | 168.63.129.16 | 10.0.0.1 | 255.255.255.255 |    eth0   |  UGH  |\r\r\n[   43.564911] cloud-init[969]: ci-info: +-------+---------------+----------+-----------------+-----------+-------+\r\r\n[   43.565124] cloud-init[969]: Generating public/private rsa key pair.\r\r\n[   43.565330] cloud-init[969]: Your identification has been saved in /etc/ssh/ssh_host_rsa_key.\r\r\n[   43.565537] cloud-init[969]: Your public key has been saved in /etc/ssh/ssh_host_rsa_key.pub.\r\r\n[   43.565748] cloud-init[969]: The key fingerprint is:\r\r\n[   43.565958] cloud-init[969]: SHA256:1v44PITyMB+UdU/LrvhL+n92vpsWDIg1NAJKTW8E/UM root@xplatvm\r\r\n[   43.568034] cloud-init[969]: The key's randomart image is:\r\r\n[   43.568297] cloud-init[969]: +---[RSA 2048]----+\r\r\n[   43.568522] cloud-init[969]: |     .o++o.o     |\r\r\n[   43.568737] cloud-init[969]: |    . ..o.oEo .  |\r\r\n[   43.568946] cloud-init[969]: |     .   ==.o+ . |\r\r\n[   43.569153] cloud-init[969]: |        +o + .+  |\r\r\n[   43.569358] cloud-init[969]: |       .S.. ..o  |\r\r\n[   43.569567] cloud-init[969]: |      +.o..   .o |\r\r\n[   43.569770] cloud-init[969]: |       * +....  .|\r\r\n[   43.569974] cloud-init[969]: |        o ==.  .=|\r\r\n[   43.570180] cloud-init[969]: |          o==ooB=|\r\r\n[   43.572042] cloud-init[969]: +----[SHA256]-----+\r\r\n[   43.572304] cloud-init[969]: Generating public/private dsa key pair.\r\r\n[   43.572529] cloud-init[969]: Your identification has been saved in /etc/ssh/ssh_host_dsa_key.\r\r\n[   43.572745] cloud-init[969]: Your public key has been saved in /etc/ssh/ssh_host_dsa_key.pub.\r\r\n[   43.572956] cloud-init[969]: The key fingerprint is:\r\r\n[   43.573164] cloud-init[969]: SHA256:+pZ0bkPSt6IuAQwZR4ytXeVymqRVDmH01Qs5ulBIEx4 root@xplatvm\r\r\n[   43.573370] cloud-init[969]: The key's randomart image is:\r\r\n[   43.573574] cloud-init[969]: +---[DSA 1024]----+\r\r\n[   43.573782] cloud-init[969]: |  .BooE=o .o     |\r\r\n[   43.573985] cloud-init[969]: |  +.oooO..+ .    |\r\r\n[   43.576034] cloud-init[969]: |   = .=.=. o .   |\r\r\n[   43.576289] cloud-init[969]: |  . ++.=.   .    |\r\r\n[   43.576514] cloud-init[969]: |    ..o.So       |\r\r\n[   43.576727] cloud-init[969]: |      ..+ + .    |\r\r\n[   43.576933] cloud-init[969]: |      .o * . .   |\r\r\n[   43.577138] cloud-init[969]: |      ..o = .    |\r\r\n[   43.577343] cloud-init[969]: |       ++o o     |\r\r\n[   43.577550] cloud-init[969]: +----[SHA256]-----+\r\r\n[   43.577752] cloud-init[969]: Generating public/private ecdsa key pair.\r\r\n[   43.577956] cloud-init[969]: Your identification has been saved in /etc/ssh/ssh_host_ecdsa_key.\r\r\n[   43.583330] cloud-init[969]: Your public key has been saved in /etc/ssh/ssh_host_ecdsa_key.pub.\r\r\n[   43.584031] cloud-init[969]: The key fingerprint is:\r\r\n[   43.584283] cloud-init[969]: SHA256:pCBtEEdgoUBPJU26EfD2pX/r5S8KG2KuVaYxpwXdjKs root@xplatvm\r\r\n[   43.589034] cloud-init[969]: The key's randomart image is:\r\r\n[   43.589296] cloud-init[969]: +---[ECDSA 256]---+\r\r\n[   43.589523] cloud-init[969]: |ooBO*o           |\r\r\n[   43.589745] cloud-init[969]: |.o+++.. +        |\r\r\n[   43.612945] cloud-init[969]: |. .*+. +.o       |\r\r\n[   43.613165] cloud-init[969]: |  .o+.+o.        |\r\r\n[   43.613379] cloud-init[969]: |   . =.*S        |\r\r\n[   43.613587] cloud-init[969]: |      %          |\r\r\n[   43.613793] cloud-init[969]: |     E + . .     |\r\r\n[   43.613999] cloud-init[969]: |    + . = +.     |\r\r\n[   43.614248] cloud-init[969]: |   ... ..+..o.   |\r\r\n[   43.614459] cloud-init[969]: +----[SHA256]-----+\r\r\n[   43.614665] cloud-init[969]: Generating public/private ed25519 key pair.\r\r\n[   43.614875] cloud-init[969]: Your identification has been saved in /etc/ssh/ssh_host_ed25519_key.\r\r\n[   43.615082] cloud-init[969]: Your public key has been saved in /etc/ssh/ssh_host_ed25519_key.pub.\r\r\n[   43.615291] cloud-init[969]: The key fingerprint is:\r\r\n[   43.615496] cloud-init[969]: SHA256:Fgy8/kxssfvViR52luYHblNtUw9bnQiX4sRghMK06FM root@xplatvm\r\r\n[   43.615701] cloud-init[969]: The key's randomart image is:\r\r\n[   43.615903] cloud-init[969]: +--[ED25519 256]--+\r\r\n[   43.616143] cloud-init[969]: |    oo. o+o   .  |\r\r\n[   43.616348] cloud-init[969]: |    .oo+.  = o   |\r\r\n[   43.620035] cloud-init[969]: |   . E..o o + . o|\r\r\n[   43.620299] cloud-init[969]: |  . . . .. . ...+|\r\r\n[   43.620524] cloud-init[969]: |   o . .So     ++|\r\r\n[   43.620738] cloud-init[969]: |    . ..=    oo+=|\r\r\n[   43.620949] cloud-init[969]: |       = .  =.B+.|\r\r\n[   43.621156] cloud-init[969]: |        +  + *+ .|\r\r\n[   43.621361] cloud-init[969]: |         .. ...o |\r\r\n[   33.621574] cloud-init[969]: +----[SHA256]-----+\r\r\n[\u001b[32m  OK  \u001b[0m] Started Initial cloud-init job (metadata service crawler).\r\r\n[\u001b[32m  OK  \u001b[0m] Reached target Cloud-config availability.\r\r\n         Starting Apply the settings specified in cloud-config...\r\r\n         Starting Permit User Sessions...\r\r\n[\u001b[32m  OK  \u001b[0m] Started OpenBSD Secure Shell server.\r\r\n[\u001b[32m  OK  \u001b[0m] Started Permit User Sessions.\r\r\n         Starting Wait for Plymouth Boot Screen to Quit...\r\r\n         Starting Terminate Plymouth Boot Screen...\r\r\ncloud-init.service\r\r\nssh.service\r\r\nsystemd-user-sessions.service\r\r\n[   50.588326] cloud-init[1239]: Generating locales...\r\n[   50.787064] cloud-init[1239]: en_US.UTF-8... up-to-date\r\n[   50.808871] cloud-init[1239]: Generation complete.\r\n\r\r\nUbuntu 15.10 xplatvm ttyS0\r\n\r\nxplatvm login:
[   53.541439] cloud-init[1239]: Cloud-init v. 0.7.7 running 'modules:config' at Thu, 11 Aug 2016 22:07:53 +0000. Up 44.30 seconds.\r\nci-info: ++Authorized keys from /home/azureuser/.ssh/authorized_keys for user azureuser+++\r\nci-info: +---------+-------------------------------------------------+---------+---------+\r\nci-info: | Keytype |                Fingerprint (md5)                | Options | Comment |\r\nci-info: +---------+-------------------------------------------------+---------+---------+\r\nci-info: | ssh-rsa | 8f:df:8f:18:ba:cd:cc:63:7c:1f:ea:ae:ba:09:40:65 |    -    |    -    |\r\nci-info: +---------+-------------------------------------------------+---------+---------+\r\n<14>Aug 11 22:08:03 ec2: \r\n<14>Aug 11 22:08:03 ec2: #############################################################\r\n<14>Aug 11 22:08:03 ec2: -----BEGIN SSH HOST KEY FINGERPRINTS-----\r\n<14>Aug 11 22:08:03 ec2: 1024 SHA256:+pZ0bkPSt6IuAQwZR4ytXeVymqRVDmH01Qs5ulBIEx4 root@xplatvm (DSA)\r\n<14>Aug 11 22:08:03 ec2: 256 SHA256:pCBtEEdgoUBPJU26EfD2pX/r5S8KG2KuVaYxpwXdjKs root@xplatvm (ECDSA)\r\n<14>Aug 11 22:08:03 ec2: 256 SHA256:Fgy8/kxssfvViR52luYHblNtUw9bnQiX4sRghMK06FM root@xplatvm (ED25519)\r\n<14>Aug 11 22:08:03 ec2: 2048 SHA256:1v44PITyMB+UdU/LrvhL+n92vpsWDIg1NAJKTW8E/UM root@xplatvm (RSA)\r\n<14>Aug 11 22:08:03 ec2: -----END SSH HOST KEY FINGERPRINTS-----\r\n<14>Aug 11 22:08:03 ec2: #############################################################\r\n-----BEGIN SSH HOST KEY KEYS-----\r\necdsa-sha2-nistp256 AAAAE2VjZHNhLXNoYTItbmlzdHAyNTYAAAAIbmlzdHAyNTYAAABBBK+RVEqAiIAgDWszE96sCA8Xas4eoLScf1FpoA9D67CbbMtreMuhalRQ8mTYAXbjSuJwKYaQIdu/D5q70IBwkxg= root@xplatvm\r\nssh-ed25519 AAAAC3NzaC1lZDI1NTE5AAAAIFRYMlvxMiAgWWCI5Gsav2Bjia2Yw2XpUufJyJ1GdNWE root@xplatvm\r\nssh-rsa AAAAB3NzaC1yc2EAAAADAQABAAABAQDXkX01Rwu4I6YkFpgL8I7ioJAI3EyQi3cAdt8t8p80dbACNZqh9/ETiJ4OMkk+xBtYhHYXc4Lo/twpm0XEh/pfHghhytB330Wb7wQLZqZp4sLl7FynP9VgNWdzbb4D9KOMie1bkfOMCmuWSGvviNQFapyO5cE/Wqn0XVvpbFf8hG086QCj1cqJTJ2KmGh3UFfCX85H6Xf6XhhoD6hXLB0s1gF0Ga5DZ6vQx9eGNnk9evI+DrmJnc9KLd2gIy/8GWPp821ArQBdtC/uVrSGE31LAhm1kJTExhxFkVvdF/cbDm55DXOJpoMR3eidGv5rsNh9K0VE8lAzITd/fxhulj5P root@xplatvm\r\n-----END SSH HOST KEY KEYS-----\r\n[   54.431266] cloud-init[1347]: Cloud-init v. 0.7.7 running 'modules:final' at Thu, 11 Aug 2016 22:08:03 +0000. Up 53.91 seconds.\r\n[   54.478201] cloud-init[1347]: Cloud-init v. 0.7.7 finished at Thu, 11 Aug 2016 22:08:03 +0000. Datasource DataSourceAzureNet [seed=/dev/sr0].  Up 54.41 seconds\r\n2016/08/11 22:08:05.705038 INFO Wait for ssh host key to be generated.\r\n2016/08/11 22:08:05.721164 INFO Finished provisioning\r\n2016/08/11 22:08:08.379840 INFO Event: name=WALA, op=Provision, message=Provision succeed\r\n2016/08/11 22:08:08.395945 INFO Detect protocol endpoints\r\n2016/08/11 22:08:08.406477 INFO Start env monitor service.\r\n2016/08/11 22:08:08.421896 INFO Configure routes\r\n2016/08/11 22:08:08.431265 INFO Event: name=WALA, op=HeartBeat, message=\r\n2016/08/11 22:08:08.443599 INFO Gateway:10.0.0.1\r\n2016/08/11 22:08:07.750484 INFO Routes:None\r\n2016/08/11 22:08:08.474965 INFO Set block dev timeout: sda with timeout: 300\r\n2016/08/11 22:08:08.488042 INFO Set block dev timeout: sdb with timeout: 300\r\n2016/08/11 22:08:09.479703 INFO Handle new ext handler config\r\n2016/08/11 22:08:09.491468 INFO No ext handler config found\r\n2016/08/11 22:08:09.873903 INFO Successfully reported vm agent status\r\n2016/08/11 22:09:54.229372 INFO Handle new ext handler config\r\n2016/08/11 22:09:54.240783 INFO No ext handler config found\r\n2016/08/11 22:09:54.307370 INFO Successfully reported vm agent status\r\n2016/08/11 22:15:52.683681 INFO Handle new ext handler config\r\n2016/08/11 22:15:52.697289 INFO No ext handler config found\r\n2016/08/11 22:15:52.871649 INFO Successfully reported vm agent status\r\n\u0000\u0000\u0000\u0000\u0000\u0000\u0000\u0000\u0000\u0000\u0000\u0000\u0000\u0000\u0000\u0000\u0000\u0000\u0000\u0000\u0000\u0000\u0000\u0000\u0000\u0000\u0000\u0000\u0000\u0000\u0000\u0000\u0000\u0000\u0000\u0000\u0000\u0000\u0000\u0000\u0000\u0000\u0000\u0000\u0000\u0000\u0000\u0000\u0000\u0000\u0000\u0000\u0000\u0000\u0000\u0000\u0000\u0000\u0000\u0000\u0000\u0000\u0000\u0000\u0000\u0000\u0000\u0000\u0000\u0000\u0000\u0000\u0000\u0000\u0000\u0000\u0000\u0000\u0000\u0000\u0000\u0000\u0000\u0000\u0000\u0000\u0000\u0000\u0000\u0000\u0000\u0000\u0000\u0000\u0000\u0000\u0000\u0000\u0000\u0000\u0000\u0000\u0000\u0000\u0000\u0000\u0000\u0000\u0000\u0000\u0000\u0000\u0000\u0000\u0000\u0000\u0000\u0000\u0000\u0000\u0000\u0000\u0000\u0000\u0000\u0000\u0000\u0000\u0000\u0000\u0000\u0000\u0000\u0000\u0000\u0000\u0000\u0000\u0000\u0000\u0000\u0000\u0000\u0000\u0000\u0000\u0000\u0000\u0000\u0000\u0000\u0000\u0000\u0000\u0000\u0000\u0000\u0000\u0000\u0000\u0000\u0000\u0000\u0000\u0000\u0000\u0000\u0000\u0000\u0000\u0000\u0000\u0000\u0000\u0000\u0000\u0000\u0000\u0000\u0000\u0000\u0000\u0000\u0000\u0000\u0000\u0000\u0000\u0000\u0000\u0000\u0000\u0000\u0000\u0000\u0000\u0000\u0000\u0000\u0000\u0000\u0000\u0000\u0000\u0000\u0000\u0000\u0000\u0000\u0000\u0000\u0000\u0000\u0000\u0000\u0000\u0000\u0000\u0000\u0000\u0000\u0000\u0000\u0000\u0000\u0000\u0000\u0000\u0000\u0000\u0000\u0000\u0000\u0000\u0000\u0000\u0000\u0000\u0000\u0000\u0000\u0000\u0000\u0000\u0000\u0000\u0000\u0000\u0000\u0000\u0000\u0000\u0000\u0000\u0000\u0000\u0000\u0000\u0000\u0000\u0000\u0000\u0000\u0000\u0000\u0000\u0000\u0000\u0000\u0000\u0000\u0000\u0000\u0000\u0000\u0000\u0000\u0000\u0000\u0000\u0000\u0000\u0000\u0000\u0000\u0000\u0000\u0000\u0000\u0000\u0000\u0000\u0000\u0000\u0000\u0000\u0000\u0000\u0000\u0000\u0000\u0000\u0000\u0000\u0000", { 'content-length': '60928',
  'content-type': 'text/plain',
  'last-modified': 'Thu, 11 Aug 2016 22:16:49 GMT',
  'accept-ranges': 'bytes',
  etag: '"0x8D3C2353061FE1A"',
  server: 'Windows-Azure-Blob/1.0 Microsoft-HTTPAPI/2.0',
  'x-ms-request-id': 'a879b60f-0001-0106-3f1e-f44b33000000',
  'x-ms-version': '2015-04-05',
  'x-ms-write-protection': 'false',
  'x-ms-lease-status': 'unlocked',
  'x-ms-lease-state': 'available',
  'x-ms-blob-type': 'PageBlob',
  'x-ms-blob-sequence-number': '0',
  date: 'Thu, 11 Aug 2016 22:18:49 GMT',
  connection: 'close' });
 return result; },
function (nock) { 
var result = 
nock('https://xplatteststorage19139.blob.core.windows.net:443')
  .get('/bootdiagnostics-xplatvm-2f596efa-d1b1-4844-821a-98ff7390063d/xplatvm.2f596efa-d1b1-4844-821a-98ff7390063d.serialconsole.log')
