// This file has been autogenerated.

var profile = require('../../../lib/util/profile');

exports.getMockedProfile = function () {
  var newProfile = new profile.Profile();

  newProfile.addSubscription(new profile.Subscription({
    id: '2c224e7e-3ef5-431d-a57b-e71f4662e3a6',
    name: 'Node CLI Test',
    user: {
      name: 'user@domain.example',
      type: 'user'
    },
    tenantId: '72f988bf-86f1-41af-91ab-2d7cd011db47',
    state: 'Enabled',
    registeredProviders: ['mobileservice'],
    _eventsCount: '1',
    isDefault: true
  }, newProfile.environments['AzureCloud']));

  return newProfile;
};

exports.setEnvironment = function() {
  process.env['AZURE_VM_TEST_LOCATION'] = 'eastus';
  process.env['SSHCERT'] = 'test/myCert.pem';
};

exports.scopes = [[function (nock) { 
var result = 
nock('http://management.azure.com:443')
  .get('/subscriptions/2c224e7e-3ef5-431d-a57b-e71f4662e3a6/resourceGroups/xplatTestGVMCreate7502/providers/Microsoft.Compute/virtualMachines/xplatvm?$expand=instanceView&api-version=2016-03-30')
  .reply(200, "{\r\n  \"properties\": {\r\n    \"vmId\": \"13204df6-c66e-4598-aa70-c98f92bf8339\",\r\n    \"availabilitySet\": {\r\n      \"id\": \"/subscriptions/2c224e7e-3ef5-431d-a57b-e71f4662e3a6/resourceGroups/xplatTestGVMCreate7502/providers/Microsoft.Compute/availabilitySets/XPLATTESTAAVAIL7645\"\r\n    },\r\n    \"hardwareProfile\": {\r\n      \"vmSize\": \"Standard_D1\"\r\n    },\r\n    \"storageProfile\": {\r\n      \"imageReference\": {\r\n        \"publisher\": \"canonical\",\r\n        \"offer\": \"UbuntuServer\",\r\n        \"sku\": \"15.10\",\r\n        \"version\": \"latest\"\r\n      },\r\n      \"osDisk\": {\r\n        \"osType\": \"Linux\",\r\n        \"name\": \"clicd5523b0a8673778-os-1470941145285\",\r\n        \"createOption\": \"FromImage\",\r\n        \"vhd\": {\r\n          \"uri\": \"https://xplatteststorage11670.blob.core.windows.net/xplatteststoragecnt16297/clicd5523b0a8673778-os-1470941145285.vhd\"\r\n        },\r\n        \"caching\": \"ReadWrite\"\r\n      },\r\n      \"dataDisks\": []\r\n    },\r\n    \"osProfile\": {\r\n      \"computerName\": \"xplatvm\",\r\n      \"adminUsername\": \"azureuser\",\r\n      \"linuxConfiguration\": {\r\n        \"disablePasswordAuthentication\": false,\r\n        \"ssh\": {\r\n          \"publicKeys\": [\r\n            {\r\n              \"path\": \"/home/azureuser/.ssh/authorized_keys\",\r\n              \"keyData\": \"MIID/zCCAuegAwIBAgIJAMUAa+XVLvAeMA0GCSqGSIb3DQEBBQUAMIGVMQswCQYD\\r\\nVQQGEwJJbjESMBAGA1UECAwJS2FybmF0YWthMRIwEAYDVQQHDAlCYW5nYWxvcmUx\\r\\nEDAOBgNVBAoMB2JyaWxsaW8xEjAQBgNVBAsMCW1pY3Jvc29mdDEQMA4GA1UEAwwH\\r\\nYnJpbGxpbzEmMCQGCSqGSIb3DQEJARYXc3JlZWthbnRoYnNAeWFob28uY28uaW4w\\r\\nHhcNMTUwMzA1MTE1MzEyWhcNMTYwMzA0MTE1MzEyWjCBlTELMAkGA1UEBhMCSW4x\\r\\nEjAQBgNVBAgMCUthcm5hdGFrYTESMBAGA1UEBwwJQmFuZ2Fsb3JlMRAwDgYDVQQK\\r\\nDAdicmlsbGlvMRIwEAYDVQQLDAltaWNyb3NvZnQxEDAOBgNVBAMMB2JyaWxsaW8x\\r\\nJjAkBgkqhkiG9w0BCQEWF3NyZWVrYW50aGJzQHlhaG9vLmNvLmluMIIBIjANBgkq\\r\\nhkiG9w0BAQEFAAOCAQ8AMIIBCgKCAQEAyUNKaOuT0NK+S8Ck81zy9xJ6hXfZvAC6\\r\\nlhbmf/6s/WVimJ/TX5NMhQJwC9k6ZIF92KfYrojHNvHDufSZ3EtKUVwRFCDjmgMT\\r\\nDL09WkGaZt7gROYFK0iZ4KrYGovUwlwum9fHB24OJiOV4bi0ek62/rHx9fjYZpvp\\r\\naIH2PV/hN8SCZ0x7HJMberD4gVoU/Kv42nNvwjLUW6IZfVx/Gv5OeFDtWHfSvUEF\\r\\ndadHKTPn3Ab20Iu6gZIbLO9Vuf38/IpaYGfnFCouHdzmiTiLieYNe3CUPcOJNSv7\\r\\n1G8KYpx3uNJRkJPab5OsRyJw75Gvzkr9OgaPss9tVD6Gt68u3WQtVQIDAQABo1Aw\\r\\nTjAdBgNVHQ4EFgQUogvhXB+xZ2JJPfLO6cVs4ForzscwHwYDVR0jBBgwFoAUogvh\\r\\nXB+xZ2JJPfLO6cVs4ForzscwDAYDVR0TBAUwAwEB/zANBgkqhkiG9w0BAQUFAAOC\\r\\nAQEAdDj7qUNJ45xlF5cjd+4x5NHvAD1VTjOKu+Xh/uzSSjXqB2F0aOMWA9lx0qaQ\\r\\noJgHkGxj3zz/W7ik/cVGL2O+vRIOKv/y0OPogEmS3Hw+P+O6OGE7x1G6YN0zLVoL\\r\\nu4BN/BEYmjttxM9I7qqL7C5cJoE+K3s/w1/pt/68ohJcr7F9Ohi7cso62xuGY1Rm\\r\\nksAh2EUDsU9JV/P+C9AMpLSrb03JJYzVj4w1RHbrmw2AjFyGXdQYkggyXisg+Ifr\\r\\n5gbNN7HigpHf7b2i3CQBUqp9m23frh5AhnLI2qp3UXgc52U5ieLdi/t6j0TTZqqY\\r\\nHhHqofKrj938HHlBNpC5/LVh3w==\\r\\n\"\r\n            }\r\n          ]\r\n        }\r\n      },\r\n      \"secrets\": []\r\n    },\r\n    \"networkProfile\": {\"networkInterfaces\":[{\"id\":\"/subscriptions/2c224e7e-3ef5-431d-a57b-e71f4662e3a6/resourceGroups/xplatTestGVMCreate7502/providers/Microsoft.Network/networkInterfaces/xplattestnic\"}]},\r\n    \"diagnosticsProfile\": {\r\n      \"bootDiagnostics\": {\r\n        \"enabled\": true,\r\n        \"storageUri\": \"https://xplatteststorage11670.blob.core.windows.net/\"\r\n      }\r\n    },\r\n    \"provisioningState\": \"Succeeded\",\r\n    \"instanceView\": {\r\n      \"platformUpdateDomain\": 0,\r\n      \"platformFaultDomain\": 0,\r\n      \"vmAgent\": {\r\n        \"vmAgentVersion\": \"2.1.3\",\r\n        \"statuses\": [\r\n          {\r\n            \"code\": \"ProvisioningState/succeeded\",\r\n            \"level\": \"Info\",\r\n            \"displayStatus\": \"Ready\",\r\n            \"message\": \"Guest Agent is running\",\r\n            \"time\": \"2016-08-11T20:00:32+00:00\"\r\n          }\r\n        ],\r\n        \"extensionHandlers\": []\r\n      },\r\n      \"disks\": [\r\n        {\r\n          \"name\": \"clicd5523b0a8673778-os-1470941145285\",\r\n          \"statuses\": [\r\n            {\r\n              \"code\": \"ProvisioningState/succeeded\",\r\n              \"level\": \"Info\",\r\n              \"displayStatus\": \"Provisioning succeeded\",\r\n              \"time\": \"2016-08-11T18:45:50.2127253+00:00\"\r\n            }\r\n          ]\r\n        }\r\n      ],\r\n      \"bootDiagnostics\": {\r\n        \"consoleScreenshotBlobUri\": \"https://xplatteststorage11670.blob.core.windows.net/bootdiagnostics-xplatvm-13204df6-c66e-4598-aa70-c98f92bf8339/xplatvm.13204df6-c66e-4598-aa70-c98f92bf8339.screenshot.bmp\",\r\n        \"serialConsoleLogBlobUri\": \"https://xplatteststorage11670.blob.core.windows.net/bootdiagnostics-xplatvm-13204df6-c66e-4598-aa70-c98f92bf8339/xplatvm.13204df6-c66e-4598-aa70-c98f92bf8339.serialconsole.log\"\r\n      },\r\n      \"statuses\": [\r\n        {\r\n          \"code\": \"ProvisioningState/succeeded\",\r\n          \"level\": \"Info\",\r\n          \"displayStatus\": \"Provisioning succeeded\",\r\n          \"time\": \"2016-08-11T18:47:30.3992807+00:00\"\r\n        },\r\n        {\r\n          \"code\": \"PowerState/running\",\r\n          \"level\": \"Info\",\r\n          \"displayStatus\": \"VM running\"\r\n        }\r\n      ]\r\n    }\r\n  },\r\n  \"id\": \"/subscriptions/2c224e7e-3ef5-431d-a57b-e71f4662e3a6/resourceGroups/xplatTestGVMCreate7502/providers/Microsoft.Compute/virtualMachines/xplatvm\",\r\n  \"name\": \"xplatvm\",\r\n  \"type\": \"Microsoft.Compute/virtualMachines\",\r\n  \"location\": \"eastus\",\r\n  \"tags\": {\r\n    \"a\": \"b\",\r\n    \"b\": \"c\",\r\n    \"d\": \"\"\r\n  }\r\n}", { 'cache-control': 'no-cache',
  pragma: 'no-cache',
  'content-length': '5207',
  'content-type': 'application/json; charset=utf-8',
  expires: '-1',
  'strict-transport-security': 'max-age=31536000; includeSubDomains',
  'x-ms-served-by': 'f1952173-7412-4020-8c98-fffca6509750_131118073625769552',
  'x-ms-request-id': '372cd04a-077b-454d-8ac7-883e9a16ac94',
  server: 'Microsoft-HTTPAPI/2.0, Microsoft-HTTPAPI/2.0',
  'x-ms-ratelimit-remaining-subscription-reads': '14989',
  'x-ms-correlation-request-id': 'd563467c-8b79-4f5c-b831-0fb836646901',
  'x-ms-routing-request-id': 'CANADAEAST:20160811T200039Z:d563467c-8b79-4f5c-b831-0fb836646901',
  date: 'Thu, 11 Aug 2016 20:00:39 GMT',
  connection: 'close' });
 return result; },
function (nock) { 
var result = 
nock('https://management.azure.com:443')
  .get('/subscriptions/2c224e7e-3ef5-431d-a57b-e71f4662e3a6/resourceGroups/xplatTestGVMCreate7502/providers/Microsoft.Compute/virtualMachines/xplatvm?$expand=instanceView&api-version=2016-03-30')
  .reply(200, "{\r\n  \"properties\": {\r\n    \"vmId\": \"13204df6-c66e-4598-aa70-c98f92bf8339\",\r\n    \"availabilitySet\": {\r\n      \"id\": \"/subscriptions/2c224e7e-3ef5-431d-a57b-e71f4662e3a6/resourceGroups/xplatTestGVMCreate7502/providers/Microsoft.Compute/availabilitySets/XPLATTESTAAVAIL7645\"\r\n    },\r\n    \"hardwareProfile\": {\r\n      \"vmSize\": \"Standard_D1\"\r\n    },\r\n    \"storageProfile\": {\r\n      \"imageReference\": {\r\n        \"publisher\": \"canonical\",\r\n        \"offer\": \"UbuntuServer\",\r\n        \"sku\": \"15.10\",\r\n        \"version\": \"latest\"\r\n      },\r\n      \"osDisk\": {\r\n        \"osType\": \"Linux\",\r\n        \"name\": \"clicd5523b0a8673778-os-1470941145285\",\r\n        \"createOption\": \"FromImage\",\r\n        \"vhd\": {\r\n          \"uri\": \"https://xplatteststorage11670.blob.core.windows.net/xplatteststoragecnt16297/clicd5523b0a8673778-os-1470941145285.vhd\"\r\n        },\r\n        \"caching\": \"ReadWrite\"\r\n      },\r\n      \"dataDisks\": []\r\n    },\r\n    \"osProfile\": {\r\n      \"computerName\": \"xplatvm\",\r\n      \"adminUsername\": \"azureuser\",\r\n      \"linuxConfiguration\": {\r\n        \"disablePasswordAuthentication\": false,\r\n        \"ssh\": {\r\n          \"publicKeys\": [\r\n            {\r\n              \"path\": \"/home/azureuser/.ssh/authorized_keys\",\r\n              \"keyData\": \"MIID/zCCAuegAwIBAgIJAMUAa+XVLvAeMA0GCSqGSIb3DQEBBQUAMIGVMQswCQYD\\r\\nVQQGEwJJbjESMBAGA1UECAwJS2FybmF0YWthMRIwEAYDVQQHDAlCYW5nYWxvcmUx\\r\\nEDAOBgNVBAoMB2JyaWxsaW8xEjAQBgNVBAsMCW1pY3Jvc29mdDEQMA4GA1UEAwwH\\r\\nYnJpbGxpbzEmMCQGCSqGSIb3DQEJARYXc3JlZWthbnRoYnNAeWFob28uY28uaW4w\\r\\nHhcNMTUwMzA1MTE1MzEyWhcNMTYwMzA0MTE1MzEyWjCBlTELMAkGA1UEBhMCSW4x\\r\\nEjAQBgNVBAgMCUthcm5hdGFrYTESMBAGA1UEBwwJQmFuZ2Fsb3JlMRAwDgYDVQQK\\r\\nDAdicmlsbGlvMRIwEAYDVQQLDAltaWNyb3NvZnQxEDAOBgNVBAMMB2JyaWxsaW8x\\r\\nJjAkBgkqhkiG9w0BCQEWF3NyZWVrYW50aGJzQHlhaG9vLmNvLmluMIIBIjANBgkq\\r\\nhkiG9w0BAQEFAAOCAQ8AMIIBCgKCAQEAyUNKaOuT0NK+S8Ck81zy9xJ6hXfZvAC6\\r\\nlhbmf/6s/WVimJ/TX5NMhQJwC9k6ZIF92KfYrojHNvHDufSZ3EtKUVwRFCDjmgMT\\r\\nDL09WkGaZt7gROYFK0iZ4KrYGovUwlwum9fHB24OJiOV4bi0ek62/rHx9fjYZpvp\\r\\naIH2PV/hN8SCZ0x7HJMberD4gVoU/Kv42nNvwjLUW6IZfVx/Gv5OeFDtWHfSvUEF\\r\\ndadHKTPn3Ab20Iu6gZIbLO9Vuf38/IpaYGfnFCouHdzmiTiLieYNe3CUPcOJNSv7\\r\\n1G8KYpx3uNJRkJPab5OsRyJw75Gvzkr9OgaPss9tVD6Gt68u3WQtVQIDAQABo1Aw\\r\\nTjAdBgNVHQ4EFgQUogvhXB+xZ2JJPfLO6cVs4ForzscwHwYDVR0jBBgwFoAUogvh\\r\\nXB+xZ2JJPfLO6cVs4ForzscwDAYDVR0TBAUwAwEB/zANBgkqhkiG9w0BAQUFAAOC\\r\\nAQEAdDj7qUNJ45xlF5cjd+4x5NHvAD1VTjOKu+Xh/uzSSjXqB2F0aOMWA9lx0qaQ\\r\\noJgHkGxj3zz/W7ik/cVGL2O+vRIOKv/y0OPogEmS3Hw+P+O6OGE7x1G6YN0zLVoL\\r\\nu4BN/BEYmjttxM9I7qqL7C5cJoE+K3s/w1/pt/68ohJcr7F9Ohi7cso62xuGY1Rm\\r\\nksAh2EUDsU9JV/P+C9AMpLSrb03JJYzVj4w1RHbrmw2AjFyGXdQYkggyXisg+Ifr\\r\\n5gbNN7HigpHf7b2i3CQBUqp9m23frh5AhnLI2qp3UXgc52U5ieLdi/t6j0TTZqqY\\r\\nHhHqofKrj938HHlBNpC5/LVh3w==\\r\\n\"\r\n            }\r\n          ]\r\n        }\r\n      },\r\n      \"secrets\": []\r\n    },\r\n    \"networkProfile\": {\"networkInterfaces\":[{\"id\":\"/subscriptions/2c224e7e-3ef5-431d-a57b-e71f4662e3a6/resourceGroups/xplatTestGVMCreate7502/providers/Microsoft.Network/networkInterfaces/xplattestnic\"}]},\r\n    \"diagnosticsProfile\": {\r\n      \"bootDiagnostics\": {\r\n        \"enabled\": true,\r\n        \"storageUri\": \"https://xplatteststorage11670.blob.core.windows.net/\"\r\n      }\r\n    },\r\n    \"provisioningState\": \"Succeeded\",\r\n    \"instanceView\": {\r\n      \"platformUpdateDomain\": 0,\r\n      \"platformFaultDomain\": 0,\r\n      \"vmAgent\": {\r\n        \"vmAgentVersion\": \"2.1.3\",\r\n        \"statuses\": [\r\n          {\r\n            \"code\": \"ProvisioningState/succeeded\",\r\n            \"level\": \"Info\",\r\n            \"displayStatus\": \"Ready\",\r\n            \"message\": \"Guest Agent is running\",\r\n            \"time\": \"2016-08-11T20:00:32+00:00\"\r\n          }\r\n        ],\r\n        \"extensionHandlers\": []\r\n      },\r\n      \"disks\": [\r\n        {\r\n          \"name\": \"clicd5523b0a8673778-os-1470941145285\",\r\n          \"statuses\": [\r\n            {\r\n              \"code\": \"ProvisioningState/succeeded\",\r\n              \"level\": \"Info\",\r\n              \"displayStatus\": \"Provisioning succeeded\",\r\n              \"time\": \"2016-08-11T18:45:50.2127253+00:00\"\r\n            }\r\n          ]\r\n        }\r\n      ],\r\n      \"bootDiagnostics\": {\r\n        \"consoleScreenshotBlobUri\": \"https://xplatteststorage11670.blob.core.windows.net/bootdiagnostics-xplatvm-13204df6-c66e-4598-aa70-c98f92bf8339/xplatvm.13204df6-c66e-4598-aa70-c98f92bf8339.screenshot.bmp\",\r\n        \"serialConsoleLogBlobUri\": \"https://xplatteststorage11670.blob.core.windows.net/bootdiagnostics-xplatvm-13204df6-c66e-4598-aa70-c98f92bf8339/xplatvm.13204df6-c66e-4598-aa70-c98f92bf8339.serialconsole.log\"\r\n      },\r\n      \"statuses\": [\r\n        {\r\n          \"code\": \"ProvisioningState/succeeded\",\r\n          \"level\": \"Info\",\r\n          \"displayStatus\": \"Provisioning succeeded\",\r\n          \"time\": \"2016-08-11T18:47:30.3992807+00:00\"\r\n        },\r\n        {\r\n          \"code\": \"PowerState/running\",\r\n          \"level\": \"Info\",\r\n          \"displayStatus\": \"VM running\"\r\n        }\r\n      ]\r\n    }\r\n  },\r\n  \"id\": \"/subscriptions/2c224e7e-3ef5-431d-a57b-e71f4662e3a6/resourceGroups/xplatTestGVMCreate7502/providers/Microsoft.Compute/virtualMachines/xplatvm\",\r\n  \"name\": \"xplatvm\",\r\n  \"type\": \"Microsoft.Compute/virtualMachines\",\r\n  \"location\": \"eastus\",\r\n  \"tags\": {\r\n    \"a\": \"b\",\r\n    \"b\": \"c\",\r\n    \"d\": \"\"\r\n  }\r\n}", { 'cache-control': 'no-cache',
  pragma: 'no-cache',
  'content-length': '5207',
  'content-type': 'application/json; charset=utf-8',
  expires: '-1',
  'strict-transport-security': 'max-age=31536000; includeSubDomains',
  'x-ms-served-by': 'f1952173-7412-4020-8c98-fffca6509750_131118073625769552',
  'x-ms-request-id': '372cd04a-077b-454d-8ac7-883e9a16ac94',
  server: 'Microsoft-HTTPAPI/2.0, Microsoft-HTTPAPI/2.0',
  'x-ms-ratelimit-remaining-subscription-reads': '14989',
  'x-ms-correlation-request-id': 'd563467c-8b79-4f5c-b831-0fb836646901',
  'x-ms-routing-request-id': 'CANADAEAST:20160811T200039Z:d563467c-8b79-4f5c-b831-0fb836646901',
  date: 'Thu, 11 Aug 2016 20:00:39 GMT',
  connection: 'close' });
 return result; },
function (nock) { 
var result = 
nock('http://management.azure.com:443')
  .post('/subscriptions/2c224e7e-3ef5-431d-a57b-e71f4662e3a6/resourceGroups/xplatTestGVMCreate7502/providers/Microsoft.Storage/storageAccounts/xplatteststorage11670/listKeys?api-version=2016-01-01')
  .reply(200, "{\"keys\":[{\"keyName\":\"key1\",\"permissions\":\"Full\",\"value\":\"l8xNn1nzvERPv4S4eUhYmneQvspJfQezd4fwjA5sVP/U2hStOC62LdAE2fhKtKIHqM91LFpbojQzKP34C0rLFA==\"},{\"keyName\":\"key2\",\"permissions\":\"Full\",\"value\":\"KdKQXeVh+A2seTwFXXEwOKKxJg1mt+VtlzUS+hcT+Okc3jEUIQgTsJIKXcDBK5zms5adoxfjsieRP/QwzDYi8A==\"}]}\n", { 'cache-control': 'no-cache',
  pragma: 'no-cache',
  'content-length': '289',
  'content-type': 'application/json',
  expires: '-1',
  'x-ms-request-id': '885ad793-dc84-488e-bbe1-41387433b25a',
  server: 'Microsoft-Azure-Storage-Resource-Provider/1.0, Microsoft-HTTPAPI/2.0',
  'x-ms-ratelimit-remaining-subscription-writes': '1198',
  'x-ms-correlation-request-id': '885ad793-dc84-488e-bbe1-41387433b25a',
  'x-ms-routing-request-id': 'CANADAEAST:20160811T200040Z:885ad793-dc84-488e-bbe1-41387433b25a',
  'strict-transport-security': 'max-age=31536000; includeSubDomains',
  date: 'Thu, 11 Aug 2016 20:00:40 GMT',
  connection: 'close' });
 return result; },
function (nock) { 
var result = 
nock('https://management.azure.com:443')
  .post('/subscriptions/2c224e7e-3ef5-431d-a57b-e71f4662e3a6/resourceGroups/xplatTestGVMCreate7502/providers/Microsoft.Storage/storageAccounts/xplatteststorage11670/listKeys?api-version=2016-01-01')
  .reply(200, "{\"keys\":[{\"keyName\":\"key1\",\"permissions\":\"Full\",\"value\":\"l8xNn1nzvERPv4S4eUhYmneQvspJfQezd4fwjA5sVP/U2hStOC62LdAE2fhKtKIHqM91LFpbojQzKP34C0rLFA==\"},{\"keyName\":\"key2\",\"permissions\":\"Full\",\"value\":\"KdKQXeVh+A2seTwFXXEwOKKxJg1mt+VtlzUS+hcT+Okc3jEUIQgTsJIKXcDBK5zms5adoxfjsieRP/QwzDYi8A==\"}]}\n", { 'cache-control': 'no-cache',
  pragma: 'no-cache',
  'content-length': '289',
  'content-type': 'application/json',
  expires: '-1',
  'x-ms-request-id': '885ad793-dc84-488e-bbe1-41387433b25a',
  server: 'Microsoft-Azure-Storage-Resource-Provider/1.0, Microsoft-HTTPAPI/2.0',
  'x-ms-ratelimit-remaining-subscription-writes': '1198',
  'x-ms-correlation-request-id': '885ad793-dc84-488e-bbe1-41387433b25a',
  'x-ms-routing-request-id': 'CANADAEAST:20160811T200040Z:885ad793-dc84-488e-bbe1-41387433b25a',
  'strict-transport-security': 'max-age=31536000; includeSubDomains',
  date: 'Thu, 11 Aug 2016 20:00:40 GMT',
  connection: 'close' });
 return result; },
function (nock) { 
var result = 
nock('http://xplatteststorage11670.blob.core.windows.net:443')
  .head('/bootdiagnostics-xplatvm-13204df6-c66e-4598-aa70-c98f92bf8339/xplatvm.13204df6-c66e-4598-aa70-c98f92bf8339.serialconsole.log')
  .reply(200, "", { 'content-length': '64000',
  'content-type': 'text/plain',
  'last-modified': 'Thu, 11 Aug 2016 19:59:10 GMT',
  'accept-ranges': 'bytes',
  etag: '"0x8D3C221F5CD0A49"',
  server: 'Windows-Azure-Blob/1.0 Microsoft-HTTPAPI/2.0',
  'x-ms-request-id': '77c161d7-0001-0044-790b-f41aa1000000',
  'x-ms-version': '2015-04-05',
  'x-ms-write-protection': 'false',
  'x-ms-lease-status': 'unlocked',
  'x-ms-lease-state': 'available',
  'x-ms-blob-type': 'PageBlob',
  'x-ms-blob-sequence-number': '0',
  date: 'Thu, 11 Aug 2016 20:00:38 GMT',
  connection: 'close' });
 return result; },
function (nock) { 
var result = 
nock('https://xplatteststorage11670.blob.core.windows.net:443')
  .head('/bootdiagnostics-xplatvm-13204df6-c66e-4598-aa70-c98f92bf8339/xplatvm.13204df6-c66e-4598-aa70-c98f92bf8339.serialconsole.log')
  .reply(200, "", { 'content-length': '64000',
  'content-type': 'text/plain',
  'last-modified': 'Thu, 11 Aug 2016 19:59:10 GMT',
  'accept-ranges': 'bytes',
  etag: '"0x8D3C221F5CD0A49"',
  server: 'Windows-Azure-Blob/1.0 Microsoft-HTTPAPI/2.0',
  'x-ms-request-id': '77c161d7-0001-0044-790b-f41aa1000000',
  'x-ms-version': '2015-04-05',
  'x-ms-write-protection': 'false',
  'x-ms-lease-status': 'unlocked',
  'x-ms-lease-state': 'available',
  'x-ms-blob-type': 'PageBlob',
  'x-ms-blob-sequence-number': '0',
  date: 'Thu, 11 Aug 2016 20:00:38 GMT',
  connection: 'close' });
 return result; },
function (nock) { 
var result = 
nock('http://xplatteststorage11670.blob.core.windows.net:443')
  .get('/bootdiagnostics-xplatvm-13204df6-c66e-4598-aa70-c98f92bf8339/xplatvm.13204df6-c66e-4598-aa70-c98f92bf8339.serialconsole.log')
  .reply(200, "\u001b[H\u001b[J\u001b[1;1H[    0.000000] Initializing cgroup subsys cpuset\r\n[    0.000000] Initializing cgroup subsys cpu\r\n[    0.000000] Initializing cgroup subsys cpuacct\r\n[    0.000000] Linux version 4.2.0-41-generic (buildd@lgw01-52) (gcc version 5.2.1 20151010 (Ubuntu 5.2.1-22ubuntu2) ) #48-Ubuntu SMP Fri Jun 24 11:28:43 UTC 2016 (Ubuntu 4.2.0-41.48-generic 4.2.8-ckt11)\r\n[    0.000000] Command line: BOOT_IMAGE=/boot/vmlinuz-4.2.0-41-generic root=UUID=c6ca03a3-2d7b-430b-8769-5d086ee49acc ro console=tty1 console=ttyS0 earlyprintk=ttyS0 rootdelay=300\r\n[    0.000000] KERNEL supported cpus:\r\n[    0.000000]   Intel GenuineIntel\r\n[    0.000000]   AMD AuthenticAMD\r\n[    0.000000]   Centaur CentaurHauls\r\n[    0.000000] x86/fpu: xstate_offset[2]: 0240, xstate_sizes[2]: 0100\r\n[    0.000000] x86/fpu: Supporting XSAVE feature 0x01: 'x87 floating point registers'\r\n[    0.000000] x86/fpu: Supporting XSAVE feature 0x02: 'SSE registers'\r\n[    0.000000] x86/fpu: Supporting XSAVE feature 0x04: 'AVX registers'\r\n[    0.000000] x86/fpu: Enabled xstate features 0x7, context size is 0x340 bytes, using 'standard' format.\r\n[    0.000000] x86/fpu: Using 'eager' FPU context switches.\r\n[    0.000000] e820: BIOS-provided physical RAM map:\r\n[    0.000000] BIOS-e820: [mem 0x0000000000000000-0x000000000009fbff] usable\r\n[    0.000000] BIOS-e820: [mem 0x000000000009fc00-0x000000000009ffff] reserved\r\n[    0.000000] BIOS-e820: [mem 0x00000000000e0000-0x00000000000fffff] reserved\r\n[    0.000000] BIOS-e820: [mem 0x0000000000100000-0x000000001ffeffff] usable\r\n[    0.000000] BIOS-e820: [mem 0x000000001fff0000-0x000000001fffefff] ACPI data\r\n[    0.000000] BIOS-e820: [mem 0x000000001ffff000-0x000000001fffffff] ACPI NVS\r\n[    0.000000] BIOS-e820: [mem 0x0000000100000000-0x00000001bfffffff] usable\r\n[    0.000000] bootconsole [earlyser0] enabled\r\n[    0.000000] NX (Execute Disable) protection: active\r\n[    0.000000] SMBIOS 2.3 present.\r\n[    0.000000] Hypervisor detected: Microsoft HyperV\r\n[    0.000000] HyperV: features 0xe7f, hints 0x2c\r\n[    0.000000] HyperV: LAPIC Timer Frequency: 0xc3500\r\n[    0.000000] clocksource: hyperv_clocksource: mask: 0xffffffffffffffff max_cycles: 0x24e6a1710, max_idle_ns: 440795202120 ns\r\n[    0.000000] tsc: Marking TSC unstable due to running on Hyper-V\r\n[    0.000000] e820: last_pfn = 0x1c0000 max_arch_pfn = 0x400000000\r\n[    0.000000] x86/PAT: Configuration [0-7]: WB  WC  UC- UC  WB  WC  UC- WT  \r\n[    0.000000] e820: last_pfn = 0x1fff0 max_arch_pfn = 0x400000000\r\n[    0.000000] found SMP MP-table at [mem 0x000ff780-0x000ff78f] mapped at [ffff8800000ff780]\r\n[    0.000000] Scanning 1 areas for low memory corruption\r\n[    0.000000] init_memory_mapping: [mem 0x00000000-0x000fffff]\r\n[    0.000000] init_memory_mapping: [mem 0x1bfe00000-0x1bfffffff]\r\n[    0.000000] init_memory_mapping: [mem 0x1a0000000-0x1bfdfffff]\r\n[    0.000000] init_memory_mapping: [mem 0x00100000-0x1ffeffff]\r\n[    0.000000] init_memory_mapping: [mem 0x100000000-0x19fffffff]\r\n[    0.000000] RAMDISK: [mem 0x1d9ba000-0x1f789fff]\r\n[    0.000000] ACPI: Early table checksum verification disabled\r\n[    0.000000] ACPI: RSDP 0x00000000000F56F0 000014 (v00 ACPIAM)\r\n[    0.000000] ACPI: RSDT 0x000000001FFF0000 000040 (v01 VRTUAL MICROSFT 05001223 MSFT 00000097)\r\n[    0.000000] ACPI: FACP 0x000000001FFF0200 000081 (v02 VRTUAL MICROSFT 05001223 MSFT 00000097)\r\n[    0.000000] ACPI: DSDT 0x000000001FFF1724 002E78 (v01 MSFTVM MSFTVM02 00000002 INTL 02002026)\r\n[    0.000000] ACPI: FACS 0x000000001FFFF000 000040\r\n[    0.000000] ACPI: WAET 0x000000001FFF1480 000028 (v01 VRTUAL MICROSFT 05001223 MSFT 00000097)\r\n[    0.000000] ACPI: SLIC 0x000000001FFF14C0 000176 (v01 VRTUAL MICROSFT 05001223 MSFT 00000097)\r\n[    0.000000] ACPI: OEM0 0x000000001FFF16C0 000064 (v01 VRTUAL MICROSFT 05001223 MSFT 00000097)\r\n[    0.000000] ACPI: SRAT 0x000000001FFF0600 000090 (v02 VRTUAL MICROSFT 00000001 MSFT 00000001)\r\n[    0.000000] ACPI: APIC 0x000000001FFF0300 00024C (v01 VRTUAL MICROSFT 05001223 MSFT 00000097)\r\n[    0.000000] ACPI: OEMB 0x000000001FFFF040 000064 (v01 VRTUAL MICROSFT 05001223 MSFT 00000097)\r\n[    0.000000] SRAT: PXM 0 -> APIC 0x00 -> Node 0\r\n[    0.000000] SRAT: Node 0 PXM 0 [mem 0x00000000-0x1fffffff]\r\n[    0.000000] SRAT: Node 0 PXM 0 [mem 0x100000000-0x1bfffffff]\r\n[    0.000000] NUMA: Node 0 [mem 0x00000000-0x1fffffff] + [mem 0x100000000-0x1bfffffff] -> [mem 0x00000000-0x1bfffffff]\r\n[    0.000000] NODE_DATA(0) allocated [mem 0x1bfffa000-0x1bfffefff]\r\n[    0.000000] Zone ranges:\r\n[    0.000000]   DMA      [mem 0x0000000000001000-0x0000000000ffffff]\r\n[    0.000000]   DMA32    [mem 0x0000000001000000-0x00000000ffffffff]\r\n[    0.000000]   Normal   [mem 0x0000000100000000-0x00000001bfffffff]\r\n[    0.000000] Movable zone start for each node\r\n[    0.000000] Early memory node ranges\r\n[    0.000000]   node   0: [mem 0x0000000000001000-0x000000000009efff]\r\n[    0.000000]   node   0: [mem 0x0000000000100000-0x000000001ffeffff]\r\n[    0.000000]   node   0: [mem 0x0000000100000000-0x00000001bfffffff]\r\n[    0.000000] Initmem setup node 0 [mem 0x0000000000001000-0x00000001bfffffff]\r\n[    0.000000] ACPI: PM-Timer IO Port: 0x408\r\n[    0.000000] IOAPIC[0]: apic_id 0, version 17, address 0xfec00000, GSI 0-23\r\n[    0.000000] ACPI: INT_SRC_OVR (bus 0 bus_irq 0 global_irq 2 dfl dfl)\r\n[    0.000000] ACPI: INT_SRC_OVR (bus 0 bus_irq 9 global_irq 9 high level)\r\n[    0.000000] Using ACPI (MADT) for SMP configuration information\r\n[    0.000000] smpboot: Allowing 64 CPUs, 63 hotplug CPUs\r\n[    0.000000] PM: Registered nosave memory: [mem 0x00000000-0x00000fff]\r\n[    0.000000] PM: Registered nosave memory: [mem 0x0009f000-0x0009ffff]\r\n[    0.000000] PM: Registered nosave memory: [mem 0x000a0000-0x000dffff]\r\n[    0.000000] PM: Registered nosave memory: [mem 0x000e0000-0x000fffff]\r\n[    0.000000] PM: Registered nosave memory: [mem 0x1fff0000-0x1fffefff]\r\n[    0.000000] PM: Registered nosave memory: [mem 0x1ffff000-0x1fffffff]\r\n[    0.000000] PM: Registered nosave memory: [mem 0x20000000-0xffffffff]\r\n[    0.000000] e820: [mem 0x20000000-0xffffffff] available for PCI devices\r\n[    0.000000] Booting paravirtualized kernel on bare hardware\r\n[    0.000000] clocksource: refined-jiffies: mask: 0xffffffff max_cycles: 0xffffffff, max_idle_ns: 7645519600211568 ns\r\n[    0.000000] setup_percpu: NR_CPUS:256 nr_cpumask_bits:256 nr_cpu_ids:64 nr_node_ids:1\r\n[    0.000000] PERCPU: Embedded 33 pages/cpu @ffff8801bae00000 s96728 r8192 d30248 u262144\r\n[    0.000000] Built 1 zonelists in Node order, mobility grouping on.  Total pages: 903033\r\n[    0.000000] Policy zone: Normal\r\n[    0.000000] Kernel command line: BOOT_IMAGE=/boot/vmlinuz-4.2.0-41-generic root=UUID=c6ca03a3-2d7b-430b-8769-5d086ee49acc ro console=tty1 console=ttyS0 earlyprintk=ttyS0 rootdelay=300\r\n[    0.000000] log_buf_len individual max cpu contribution: 4096 bytes\r\n[    0.000000] log_buf_len total cpu_extra contributions: 258048 bytes\r\n[    0.000000] log_buf_len min size: 262144 bytes\r\n[    0.000000] log_buf_len: 524288 bytes\r\n[    0.000000] early log buf free: 252360(96%)\r\n[    0.000000] PID hash table entries: 4096 (order: 3, 32768 bytes)\r\n[    0.000000] Memory: 3487924K/3669560K available (8186K kernel code, 1239K rwdata, 3808K rodata, 1464K init, 1292K bss, 181636K reserved, 0K cma-reserved)\r\n[    0.000000] SLUB: HWalign=64, Order=0-3, MinObjects=0, CPUs=64, Nodes=1\r\n[    0.000000] Hierarchical RCU implementation.\r\n[    0.000000] \tBuild-time adjustment of leaf fanout to 64.\r\n[    0.000000] \tRCU restricting CPUs from NR_CPUS=256 to nr_cpu_ids=64.\r\n[    0.000000] RCU: Adjusting geometry for rcu_fanout_leaf=64, nr_cpu_ids=64\r\n[    0.000000] NR_IRQS:16640 nr_irqs:936 16\r\n[    0.000000] \tOffload RCU callbacks from all CPUs\r\n[    0.000000] \tOffload RCU callbacks from CPUs: 0-63.\r\n[    0.000000] Console: colour VGA+ 80x25\r\n[    0.000000] console [tty1] enabled\r\n[    0.000000] console [ttyS0] enabled\r\n[    0.000000] console [ttyS0] enabled\r\n[    0.000000] bootconsole [earlyser0] disabled\r\n[    0.000000] bootconsole [earlyser0] disabled\r\n[    0.000000] tsc: Fast TSC calibration failed\r\n[    0.000000] tsc: Unable to calibrate against PIT\r\n[    0.000000] tsc: using PMTIMER reference calibration\r\n[    0.000000] tsc: Detected 2394.445 MHz processor\r\n[    0.016026] Calibrating delay loop (skipped), value calculated using timer frequency.. 4788.89 BogoMIPS (lpj=9577780)\r\n[    0.020013] pid_max: default: 65536 minimum: 512\r\n[    0.021231] ACPI: Core revision 20150619\r\n[    0.024335] ACPI: All ACPI Tables successfully acquired\r\n[    0.028071] Security Framework initialized\r\n[    0.029334] AppArmor: AppArmor initialized\r\n[    0.030472] Yama: becoming mindful.\r\n[    0.032270] Dentry cache hash table entries: 524288 (order: 10, 4194304 bytes)\r\n[    0.035018] Inode-cache hash table entries: 262144 (order: 9, 2097152 bytes)\r\n[    0.036308] Mount-cache hash table entries: 8192 (order: 4, 65536 bytes)\r\n[    0.037987] Mountpoint-cache hash table entries: 8192 (order: 4, 65536 bytes)\r\n[    0.040251] Initializing cgroup subsys blkio\r\n[    0.041737] Initializing cgroup subsys memory\r\n[    0.042968] Initializing cgroup subsys devices\r\n[    0.044014] Initializing cgroup subsys freezer\r\n[    0.045246] Initializing cgroup subsys net_cls\r\n[    0.046420] Initializing cgroup subsys perf_event\r\n[    0.048028] Initializing cgroup subsys net_prio\r\n[    0.049173] Initializing cgroup subsys hugetlb\r\n[    0.051145] mce: CPU supports 1 MCE banks\r\n[    0.052028] Last level iTLB entries: 4KB 1024, 2MB 1024, 4MB 1024\r\n[    0.053278] Last level dTLB entries: 4KB 1024, 2MB 1024, 4MB 1024, 1GB 4\r\n[    0.068800] ftrace: allocating 30955 entries in 121 pages\r\n[    0.076121] Switched APIC routing to physical flat.\r\n[    0.087327] ..TIMER: vector=0x30 apic1=0 pin1=2 apic2=-1 pin2=-1\r\n[    0.088097] smpboot: CPU0: Intel(R) Xeon(R) CPU E5-2673 v3 @ 2.40GHz (fam: 06, model: 3f, stepping: 02)\r\n[    0.104026] Performance Events: unsupported p6 CPU model 63 no PMU driver, software events only.\r\n[    0.120007] NMI watchdog: disabled (cpu0): hardware events not enabled\r\n[    0.124003] NMI watchdog: Shutting down hard lockup detector on all cpus\r\n[    0.128045] x86: Booted up 1 node, 1 CPUs\r\n[    0.132002] smpboot: Total of 1 processors activated (4788.89 BogoMIPS)\r\n[    0.137941] devtmpfs: initialized\r\n[    0.141645] evm: security.selinux\r\n[    0.144004] evm: security.SMACK64\r\n[    0.148005] evm: security.SMACK64EXEC\r\n[    0.152002] evm: security.SMACK64TRANSMUTE\r\n[    0.156000] evm: security.SMACK64MMAP\r\n[    0.160000] evm: security.ima\r\n[    0.164002] evm: security.capability\r\n[    0.168092] PM: Registering ACPI NVS region [mem 0x1ffff000-0x1fffffff] (4096 bytes)\r\n[    0.172093] clocksource: jiffies: mask: 0xffffffff max_cycles: 0xffffffff, max_idle_ns: 7645041785100000 ns\r\n[    0.176186] pinctrl core: initialized pinctrl subsystem\r\n[    0.180326] RTC time: 18:46:21, date: 08/11/16\r\n[    0.184137] NET: Registered protocol family 16\r\n[    0.188152] cpuidle: using governor ladder\r\n[    0.192004] cpuidle: using governor menu\r\n[    0.196087] ACPI: bus type PCI registered\r\n[    0.200002] acpiphp: ACPI Hot Plug PCI Controller Driver version: 0.5\r\n[    0.204273] PCI: Using configuration type 1 for base access\r\n[    0.209138] ACPI: Added _OSI(Module Device)\r\n[    0.212002] ACPI: Added _OSI(Processor Device)\r\n[    0.216001] ACPI: Added _OSI(3.0 _SCP Extensions)\r\n[    0.220001] ACPI: Added _OSI(Processor Aggregator Device)\r\n[    0.229605] ACPI: Interpreter enabled\r\n[    0.232005] ACPI Exception: AE_NOT_FOUND, While evaluating Sleep State [\\_S1_] (20150619/hwxface-580)\r\n[    0.244002] ACPI Exception: AE_NOT_FOUND, While evaluating Sleep State [\\_S2_] (20150619/hwxface-580)\r\n[    0.256001] ACPI Exception: AE_NOT_FOUND, While evaluating Sleep State [\\_S3_] (20150619/hwxface-580)\r\n[    0.268003] ACPI Exception: AE_NOT_FOUND, While evaluating Sleep State [\\_S4_] (20150619/hwxface-580)\r\n[    0.280005] ACPI: (supports S0 S5)\r\n[    0.284001] ACPI: Using IOAPIC for interrupt routing\r\n[    0.288025] PCI: Using host bridge windows from ACPI; if necessary, use \"pci=nocrs\" and report a bug\r\n[    0.300059] ACPI: PCI Root Bridge [PCI0] (domain 0000 [bus 00-ff])\r\n[    0.304005] acpi PNP0A03:00: _OSC: OS supports [ASPM ClockPM Segments MSI]\r\n[    0.308004] acpi PNP0A03:00: _OSC failed (AE_NOT_FOUND); disabling ASPM\r\n[    0.312324] acpi PNP0A03:00: fail to add MMCONFIG information, can't access extended PCI configuration space under this bridge.\r\n[    0.316102] PCI host bridge to bus 0000:00\r\n[    0.320015] pci_bus 0000:00: root bus resource [bus 00-ff]\r\n[    0.324002] pci_bus 0000:00: root bus resource [mem 0xfe0000000-0xfffefffff window]\r\n[    0.328001] pci_bus 0000:00: root bus resource [io  0x0000-0x0cf7 window]\r\n[    0.332001] pci_bus 0000:00: root bus resource [io  0x0d00-0xffff window]\r\n[    0.336004] pci_bus 0000:00: root bus resource [mem 0x000a0000-0x000bffff window]\r\n[    0.340001] pci_bus 0000:00: root bus resource [mem 0x20000000-0xfffbffff window]\r\n[    0.350721] pci 0000:00:07.1: legacy IDE quirk: reg 0x10: [io  0x01f0-0x01f7]\r\n[    0.352002] pci 0000:00:07.1: legacy IDE quirk: reg 0x14: [io  0x03f6]\r\n[    0.356001] pci 0000:00:07.1: legacy IDE quirk: reg 0x18: [io  0x0170-0x0177]\r\n[    0.360003] pci 0000:00:07.1: legacy IDE quirk: reg 0x1c: [io  0x0376]\r\n[    0.364346] * Found PM-Timer Bug on the chipset. Due to workarounds for a bug,\r\n[    0.364346] * this clock source is slow. Consider trying other clock sources\r\n[    0.372140] pci 0000:00:07.3: quirk: [io  0x0400-0x043f] claimed by PIIX4 ACPI\r\n[    0.383705] ACPI: PCI Interrupt Link [LNKA] (IRQs 3 4 5 7 9 10 *11 12 14 15)\r\n[    0.404170] ACPI: PCI Interrupt Link [LNKB] (IRQs 3 4 5 7 9 10 11 12 14 15) *0, disabled.\r\n[    0.429450] ACPI: PCI Interrupt Link [LNKC] (IRQs 3 4 5 7 9 10 11 12 14 15) *0, disabled.\r\n[    0.453487] ACPI: PCI Interrupt Link [LNKD] (IRQs 3 4 5 7 9 10 11 12 14 15) *0, disabled.\r\n[    0.477688] ACPI: Enabled 1 GPEs in block 00 to 0F\r\n[    0.480146] vgaarb: setting as boot device: PCI:0000:00:08.0\r\n[    0.484000] vgaarb: device added: PCI:0000:00:08.0,decodes=io+mem,owns=io+mem,locks=none\r\n[    0.484002] vgaarb: loaded\r\n[    0.488001] vgaarb: bridge control possible 0000:00:08.0\r\n[    0.492194] SCSI subsystem initialized\r\n[    0.496084] ACPI: bus type USB registered\r\n[    0.500024] usbcore: registered new interface driver usbfs\r\n[    0.504012] usbcore: registered new interface driver hub\r\n[    0.508035] usbcore: registered new device driver usb\r\n[    0.512207] PCI: Using ACPI for IRQ routing\r\n[    0.516393] NetLabel: Initializing\r\n[    0.520001] NetLabel:  domain hash size = 128\r\n[    0.524001] NetLabel:  protocols = UNLABELED CIPSOv4\r\n[    0.528011] NetLabel:  unlabeled traffic allowed by default\r\n[    0.532093] clocksource: Switched to clocksource hyperv_clocksource\r\n[    0.546875] AppArmor: AppArmor Filesystem Enabled\r\n[    0.555043] pnp: PnP ACPI init\r\n[    0.562100] system 00:06: [io  0x01e0-0x01ef] has been reserved\r\n[    0.572080] system 00:06: [io  0x0160-0x016f] has been reserved\r\n[    0.582082] system 00:06: [io  0x0278-0x027f] has been reserved\r\n[    0.591930] system 00:06: [io  0x0378-0x037f] has been reserved\r\n[    0.601660] system 00:06: [io  0x0678-0x067f] has been reserved\r\n[    0.611392] system 00:06: [io  0x0778-0x077f] has been reserved\r\n[    0.621000] system 00:06: [io  0x04d0-0x04d1] has been reserved\r\n[    0.630940] system 00:07: [io  0x0400-0x043f] has been reserved\r\n[    0.640915] system 00:07: [io  0x0370-0x0371] has been reserved\r\n[    0.650899] system 00:07: [io  0x0440-0x044f] has been reserved\r\n[    0.660712] system 00:07: [mem 0xfec00000-0xfec00fff] could not be reserved\r\n[    0.672110] system 00:07: [mem 0xfee00000-0xfee00fff] has been reserved\r\n[    0.682867] system 00:08: [mem 0x00000000-0x0009ffff] could not be reserved\r\n[    0.694806] system 00:08: [mem 0x000c0000-0x000dffff] could not be reserved\r\n[    0.706166] system 00:08: [mem 0x000e0000-0x000fffff] could not be reserved\r\n[    0.717689] system 00:08: [mem 0x00100000-0x1fffffff] could not be reserved\r\n[    0.729071] system 00:08: [mem 0xfffc0000-0xffffffff] has been reserved\r\n[    0.740089] pnp: PnP ACPI: found 9 devices\r\n[    0.752654] clocksource: acpi_pm: mask: 0xffffff max_cycles: 0xffffff, max_idle_ns: 2085701024 ns\r\n[    0.766838] NET: Registered protocol family 2\r\n[    0.774529] TCP established hash table entries: 32768 (order: 6, 262144 bytes)\r\n[    0.786777] TCP bind hash table entries: 32768 (order: 7, 524288 bytes)\r\n[    0.797895] TCP: Hash tables configured (established 32768 bind 32768)\r\n[    0.808615] UDP hash table entries: 2048 (order: 4, 65536 bytes)\r\n[    0.818537] UDP-Lite hash table entries: 2048 (order: 4, 65536 bytes)\r\n[    0.829270] NET: Registered protocol family 1\r\n[    0.836666] pci 0000:00:00.0: Limiting direct PCI/PCI transfers\r\n[    0.846578] Trying to unpack rootfs image as initramfs...\r\n[    1.246113] Freeing initrd memory: 30528K (ffff88001d9ba000 - ffff88001f78a000)\r\n[    1.260562] PCI-DMA: Using software bounce buffering for IO (SWIOTLB)\r\n[    1.272695] software IO TLB [mem 0x199ba000-0x1d9ba000] (64MB) mapped at [ffff8800199ba000-ffff88001d9b9fff]\r\n[    1.291107] clocksource: tsc: mask: 0xffffffffffffffff max_cycles: 0x2283b809189, max_idle_ns: 440795283637 ns\r\n[    1.308403] RAPL PMU detected, API unit is 2^-32 Joules, 3 fixed counters 10737418240 ms ovfl timer\r\n[    1.323521] hw unit of domain pp0-core 2^-0 Joules\r\n[    1.331724] hw unit of domain package 2^-0 Joules\r\n[    1.340032] hw unit of domain dram 2^-16 Joules\r\n[    1.347935] microcode: CPU0 sig=0x306f2, pf=0x1, revision=0xffffffff\r\n[    1.358606] microcode: Microcode Update Driver: v2.00 <tigran@aivazian.fsnet.co.uk>, Peter Oruba\r\n[    1.372867] Scanning for low memory corruption every 60 seconds\r\n[    1.383388] futex hash table entries: 16384 (order: 8, 1048576 bytes)\r\n[    1.394514] Initialise system trusted keyring\r\n[    1.402223] audit: initializing netlink subsys (disabled)\r\n[    1.411327] audit: type=2000 audit(1470941182.408:1): initialized\r\n[    1.421809] HugeTLB registered 2 MB page size, pre-allocated 0 pages\r\n[    1.433403] zpool: loaded\r\n[    1.438509] zbud: loaded\r\n[    1.443334] VFS: Disk quotas dquot_6.6.0\r\n[    1.450235] VFS: Dquot-cache hash table entries: 512 (order 0, 4096 bytes)\r\n[    1.462060] fuse init (API version 7.23)\r\n[    1.469146] Key type big_key registered\r\n[    1.475984] Key type asymmetric registered\r\n[    1.488956] Asymmetric key parser 'x509' registered\r\n[    1.497373] Block layer SCSI generic (bsg) driver version 0.4 loaded (major 249)\r\n[    1.509408] io scheduler noop registered\r\n[    1.516238] io scheduler deadline registered (default)\r\n[    1.524982] io scheduler cfq registered\r\n[    1.531849] pci_hotplug: PCI Hot Plug PCI Core version: 0.5\r\n[    1.541325] pciehp: PCI Express Hot Plug Controller Driver version: 0.4\r\n[    1.553003] input: Power Button as /devices/LNXSYSTM:00/LNXPWRBN:00/input/input0\r\n[    1.565074] ACPI: Power Button [PWRF]\r\n[    1.571611] GHES: HEST is not enabled!\r\n[    1.578251] Serial: 8250/16550 driver, 32 ports, IRQ sharing enabled\r\n[    1.625174] 00:03: ttyS0 at I/O 0x3f8 (irq = 4, base_baud = 115200) is a 16550A\r\n[    1.672048] 00:04: ttyS1 at I/O 0x2f8 (irq = 3, base_baud = 115200) is a 16550A\r\n[    1.685010] Linux agpgart interface v0.103\r\n[    1.696468] brd: module loaded\r\n[    1.704029] loop: module loaded\r\n[    1.710899] ata_piix 0000:00:07.1: Hyper-V Virtual Machine detected, ATA device ignore set\r\n[    1.729851] scsi host0: ata_piix\r\n[    1.737543] scsi host1: ata_piix\r\n[    1.744421] ata1: PATA max UDMA/33 cmd 0x1f0 ctl 0x3f6 bmdma 0xffa0 irq 14\r\n[    1.757545] ata2: PATA max UDMA/33 cmd 0x170 ctl 0x376 bmdma 0xffa8 irq 15\r\n[    1.771201] libphy: Fixed MDIO Bus: probed\r\n[    1.780102] tun: Universal TUN/TAP device driver, 1.6\r\n[    1.789190] tun: (C) 1999-2004 Max Krasnyansky <maxk@qualcomm.com>\r\n[    1.801636] PPP generic driver version 2.4.2\r\n[    1.810331] ehci_hcd: USB 2.0 'Enhanced' Host Controller (EHCI) Driver\r\n[    1.822736] ehci-pci: EHCI PCI platform driver\r\n[    1.831196] ehci-platform: EHCI generic platform driver\r\n[    1.840219] ohci_hcd: USB 1.1 'Open' Host Controller (OHCI) Driver\r\n[    1.851862] ohci-pci: OHCI PCI platform driver\r\n[    1.860918] ohci-platform: OHCI generic platform driver\r\n[    1.870111] uhci_hcd: USB Universal Host Controller Interface driver\r\n[    1.883864] i8042: PNP: PS/2 Controller [PNP0303:PS2K,PNP0f03:PS2M] at 0x60,0x64 irq 1,12\r\n[    1.903211] serio: i8042 KBD port at 0x60,0x64 irq 1\r\n[    1.914256] serio: i8042 AUX port at 0x60,0x64 irq 12\r\n[    1.927530] mousedev: PS/2 mouse device common for all mice\r\n[    1.939011] ata2.00: ATAPI: Virtual CD, , max MWDMA2\r\n[    1.948884] rtc_cmos 00:00: RTC can wake from S4\r\n[    1.978519] input: AT Translated Set 2 keyboard as /devices/platform/i8042/serio0/input/input1\r\n[    1.995455] ata2.00: configured for MWDMA2\r\n[    2.007805] scsi 1:0:0:0: CD-ROM            Msft     Virtual CD/ROM   1.0  PQ: 0 ANSI: 5\r\n[    2.029245] rtc_cmos 00:00: rtc core: registered rtc_cmos as rtc0\r\n[    2.042215] rtc_cmos 00:00: alarms up to one month, 114 bytes nvram\r\n[    2.058348] sr 1:0:0:0: [sr0] scsi3-mmc drive: 0x/0x tray\r\n[    2.069634] cdrom: Uniform CD-ROM driver Revision: 3.20\r\n[    2.079399] i2c /dev entries driver\r\n[    2.087214] device-mapper: uevent: version 1.0.3\r\n[    2.096433] sr 1:0:0:0: Attached scsi generic sg0 type 5\r\n[    2.115177] device-mapper: ioctl: 4.33.0-ioctl (2015-8-18) initialised: dm-devel@redhat.com\r\n[    2.129652] ledtrig-cpu: registered to indicate activity on CPUs\r\n[    2.141370] PCCT header not found.\r\n[    2.148529] NET: Registered protocol family 10\r\n[    2.158914] NET: Registered protocol family 17\r\n[    2.180437] Key type dns_resolver registered\r\n[    2.190787] Loading compiled-in X.509 certificates\r\n[    2.202449] Loaded X.509 cert 'Build time autogenerated kernel key: 496c94160eff313b4f6dec3de299bde8f4a608ce'\r\n[    2.223629] registered taskstats version 1\r\n[    2.234150] zswap: loading zswap\r\n[    2.242092] zswap: using zbud pool\r\n[    2.255995] zswap: using lzo compressor\r\n[    2.267175] Key type trusted registered\r\n[    2.281565] Key type encrypted registered\r\n[    2.295075] AppArmor: AppArmor sha1 policy hashing enabled\r\n[    2.305976] ima: No TPM chip found, activating TPM-bypass!\r\n[    2.316784] evm: HMAC attrs: 0x1\r\n[    2.326962]   Magic number: 12:982:796\r\n[    2.335973] rtc_cmos 00:00: setting system clock to 2016-08-11 18:46:24 UTC (1470941184)\r\n[    2.353279] BIOS EDD facility v0.16 2004-Jun-25, 0 devices found\r\n[    2.370759] EDD information not available.\r\n[    2.381547] Freeing unused kernel memory: 1464K (ffffffff81f37000 - ffffffff820a5000)\r\n[    2.396096] Write protecting the kernel read-only data: 14336k\r\n[    2.408237] Freeing unused kernel memory: 2044K (ffff880001801000 - ffff880001a00000)\r\n[    2.423386] Freeing unused kernel memory: 288K (ffff880001db8000 - ffff880001e00000)\r\nLoading, please wait...\r\nstarting version 225\r\n[    2.455091] random: udevadm urandom read with 3 bits of entropy available\r\n[    2.500785] Floppy drive(s): fd0 is 1.44M\r\n[    2.514105] clocksource: hyperv_clocksource_tsc_page: mask: 0xffffffffffffffff max_cycles: 0x24e6a1710, max_idle_ns: 440795202120 ns\r\n[    2.579938] AVX2 version of gcm_enc/dec engaged.\r\n[    2.589080] AES CTR mode by8 optimization enabled\r\n[    2.601524] FDC 0 is an 82078.\r\n[    2.632713] clocksource: Switched to clocksource hyperv_clocksource_tsc_page\r\n[    2.667561] hv_vmbus: Hyper-V Host Build:9600-6.3-18-0.18190; Vmbus version:3.0\r\n[    2.685486] hv_vmbus: registering driver hv_storvsc\r\n[    2.697165] hv_utils: Registering HyperV Utility Driver\r\n[    2.707384] hv_vmbus: registering driver hv_util\r\n[    2.721761] hidraw: raw HID events driver (C) Jiri Kosina\r\n[    2.735354] hv_vmbus: registering driver hid_hyperv\r\n[    2.752356] scsi host2: storvsc_host_t\r\n[    2.764460] scsi 2:0:0:0: Direct-Access     Msft     Virtual Disk     1.0  PQ: 0 ANSI: 4\r\n[    2.779254] sd 2:0:0:0: [sda] 61440000 512-byte logical blocks: (31.4 GB/29.2 GiB)\r\n[    2.791510] sd 2:0:0:0: Attached scsi generic sg1 type 0\r\n[    2.800959] sd 2:0:0:0: [sda] Write Protect is off\r\n[    2.809700] input: Microsoft Vmbus HID-compliant Mouse as /devices/0006:045E:0621.0001/input/input4\r\n[    2.824150] sd 2:0:0:0: [sda] Write cache: enabled, read cache: enabled, supports DPO and FUA\r\n[    2.841169] hid 0006:045E:0621.0001: input: <UNKNOWN> HID v0.01 Mouse [Microsoft Vmbus HID-compliant Mouse] on \r\n[    2.866858] hv_vmbus: registering driver hv_netvsc\r\n[    2.877015]  sda: sda1\r\n[    2.882467] sd 2:0:0:0: [sda] Attached SCSI disk\r\n[    2.891254] scsi host3: storvsc_host_t\r\n[    2.898515] scsi 3:0:1:0: Direct-Access     Msft     Virtual Disk     1.0  PQ: 0 ANSI: 4\r\n[    2.914752] sd 3:0:1:0: Attached scsi generic sg2 type 0\r\n[    2.924164] sd 3:0:1:0: [sdb] 104857600 512-byte logical blocks: (53.6 GB/50.0 GiB)\r\n[    2.936818] sd 3:0:1:0: [sdb] 4096-byte physical blocks\r\n[    2.949939] sd 3:0:1:0: [sdb] Write Protect is off\r\n[    2.959181] sd 3:0:1:0: [sdb] Write cache: enabled, read cache: enabled, supports DPO and FUA\r\n[    2.981558] psmouse serio1: trackpoint: failed to get extended button data\r\n[    2.993368] hv_netvsc: hv_netvsc channel opened successfully\r\n[    3.010147]  sdb: sdb1\r\n[    3.015644] sd 3:0:1:0: [sdb] Attached SCSI disk\r\n[    3.157470] hv_netvsc vmbus_16: Send section size: 6144, Section count:2560\r\n[    3.170160] hv_netvsc vmbus_16: Device MAC 00:0d:3a:14:bf:a1 link state up\r\n[    3.188417] scsi host4: storvsc_host_t\r\n[    3.195876] scsi 4:0:0:0: scsi scan: INQUIRY result too short (5), using 36\r\n[    3.208548] scsi 4:0:0:1: scsi scan: INQUIRY result too short (5), using 36\r\n[    3.220332] scsi 4:0:1:0: scsi scan: INQUIRY result too short (5), using 36\r\n[    3.231878] scsi 4:0:1:1: scsi scan: INQUIRY result too short (5), using 36\r\n[    3.243573] scsi 4:1:0:0: scsi scan: INQUIRY result too short (5), using 36\r\n[    3.256101] scsi 4:1:0:1: scsi scan: INQUIRY result too short (5), using 36\r\n[    3.268333] scsi host5: storvsc_host_t\r\n[    3.275212] scsi 4:1:1:0: scsi scan: INQUIRY result too short (5), using 36\r\n[    3.288415] scsi 5:0:0:0: scsi scan: INQUIRY result too short (5), using 36\r\n[    3.302459] scsi 4:1:1:1: scsi scan: INQUIRY result too short (5), using 36\r\n[    3.314770] scsi 4:2:0:0: scsi scan: INQUIRY result too short (5), using 36\r\n[    3.326494] scsi 5:0:0:1: scsi scan: INQUIRY result too short (5), using 36\r\n[    3.338756] scsi 4:2:0:1: scsi scan: INQUIRY result too short (5), using 36\r\n[    3.350542] scsi 5:0:1:0: scsi scan: INQUIRY result too short (5), using 36\r\n[    3.363043] scsi 4:2:1:0: scsi scan: INQUIRY result too short (5), using 36\r\n[    3.374762] scsi 5:0:1:1: scsi scan: INQUIRY result too short (5), using 36\r\n[    3.389118] scsi 4:2:1:1: scsi scan: INQUIRY result too short (5), using 36\r\n[    3.401215] scsi 5:1:0:0: scsi scan: INQUIRY result too short (5), using 36\r\n[    3.413225] scsi 4:3:0:0: scsi scan: INQUIRY result too short (5), using 36\r\n[    3.424759] scsi 5:1:0:1: scsi scan: INQUIRY result too short (5), using 36\r\n[    3.436399] scsi 4:3:0:1: scsi scan: INQUIRY result too short (5), using 36\r\n[    3.447915] scsi 5:1:1:0: scsi scan: INQUIRY result too short (5), using 36\r\n[    3.459573] scsi 4:3:1:0: scsi scan: INQUIRY result too short (5), using 36\r\n[    3.471611] scsi 5:1:1:1: scsi scan: INQUIRY result too short (5), using 36\r\n[    3.483793] scsi 4:3:1:1: scsi scan: INQUIRY result too short (5), using 36\r\n[    3.495821] scsi 4:4:0:0: scsi scan: INQUIRY result too short (5), using 36\r\n[    3.507525] scsi 5:2:0:0: scsi scan: INQUIRY result too short (5), using 36\r\n[    3.519425] scsi 4:4:0:1: scsi scan: INQUIRY result too short (5), using 36\r\n[    3.531271] scsi 5:2:0:1: scsi scan: INQUIRY result too short (5), using 36\r\n[    3.543130] scsi 4:4:1:0: scsi scan: INQUIRY result too short (5), using 36\r\n[    3.555686] scsi 5:2:1:0: scsi scan: INQUIRY result too short (5), using 36\r\n[    3.569493] scsi 4:4:1:1: scsi scan: INQUIRY result too short (5), using 36\r\n[    3.581475] scsi 5:2:1:1: scsi scan: INQUIRY result too short (5), using 36\r\n[    3.593630] scsi 4:5:0:0: scsi scan: INQUIRY result too short (5), using 36\r\n[    3.604912] scsi 5:3:0:0: scsi scan: INQUIRY result too short (5), using 36\r\n[    3.616803] scsi 4:5:0:1: scsi scan: INQUIRY result too short (5), using 36\r\n[    3.628496] scsi 5:3:0:1: scsi scan: INQUIRY result too short (5), using 36\r\n[    3.640123] scsi 4:5:1:0: scsi scan: INQUIRY result too short (5), using 36\r\n[    3.651562] scsi 5:3:1:0: scsi scan: INQUIRY result too short (5), using 36\r\n[    3.663810] scsi 4:5:1:1: scsi scan: INQUIRY result too short (5), using 36\r\n[    3.677623] scsi 5:3:1:1: scsi scan: INQUIRY result too short (5), using 36\r\n[    3.689441] scsi 4:6:0:0: scsi scan: INQUIRY result too short (5), using 36\r\n[    3.702638] scsi 5:4:0:0: scsi scan: INQUIRY result too short (5), using 36\r\n[    3.714223] scsi 5:4:0:1: scsi scan: INQUIRY result too short (5), using 36\r\n[    3.725699] scsi 4:6:0:1: scsi scan: INQUIRY result too short (5), using 36\r\n[    3.737247] scsi 5:4:1:0: scsi scan: INQUIRY result too short (5), using 36\r\n[    3.748904] scsi 4:6:1:0: scsi scan: INQUIRY result too short (5), using 36\r\n[    3.760677] scsi 5:4:1:1: scsi scan: INQUIRY result too short (5), using 36\r\n[    3.772739] scsi 4:6:1:1: scsi scan: INQUIRY result too short (5), using 36\r\n[    3.784404] scsi 5:5:0:0: scsi scan: INQUIRY result too short (5), using 36\r\n[    3.796453] scsi 4:7:0:0: scsi scan: INQUIRY result too short (5), using 36\r\n[    3.808040] scsi 5:5:0:1: scsi scan: INQUIRY result too short (5), using 36\r\n[    3.819859] scsi 4:7:0:1: scsi scan: INQUIRY result too short (5), using 36\r\n[    3.831212] scsi 5:5:1:0: scsi scan: INQUIRY result too short (5), using 36\r\n[    3.842782] scsi 4:7:1:0: scsi scan: INQUIRY result too short (5), using 36\r\n[    3.854431] scsi 5:5:1:1: scsi scan: INQUIRY result too short (5), using 36\r\n[    3.866068] scsi 4:7:1:1: scsi scan: INQUIRY result too short (5), using 36\r\n[    3.878261] scsi 5:6:0:0: scsi scan: INQUIRY result too short (5), using 36\r\n[    3.889585] scsi 5:6:0:1: scsi scan: INQUIRY result too short (5), using 36\r\n[    3.901510] scsi 5:6:1:0: scsi scan: INQUIRY result too short (5), using 36\r\n[    3.913019] scsi 5:6:1:1: scsi scan: INQUIRY result too short (5), using 36\r\n[    3.924760] scsi 5:7:0:0: scsi scan: INQUIRY result too short (5), using 36\r\n[    3.936159] scsi 5:7:0:1: scsi scan: INQUIRY result too short (5), using 36\r\n[    3.947660] scsi 5:7:1:0: scsi scan: INQUIRY result too short (5), using 36\r\n[    3.959315] scsi 5:7:1:1: scsi scan: INQUIRY result too short (5), using 36\r\nBegin: Loading essential drivers ... done.\r\r\nBegin: Running /scripts/init-premount ... done.\r\r\nBegin: Mounting root file system ... Begin: Running /scripts/local-top ... done.\r\r\nBegin: Running /scripts/local-premount ... done.\r\r\nBegin: Checking root file system ... fsck from util-linux 2.26.2\r\r\ncloudimg-rootfs: clean, 73671/245760 files, 353697/524032 blocks\r\r\ndone.\r\r\n[    5.607374] EXT4-fs (sda1): mounted filesystem with ordered data mode. Opts: (null)\r\ndone.\r\r\nBegin: Running /scripts/local-bottom ... done.\r\r\nBegin: Running /scripts/init-bottom ... Warning: overlayroot: debug is busted\r\r\ndone.\r\r\n[    6.675857] random: nonblocking pool is initialized\r\n[    7.856045] psmouse serio1: trackpoint: IBM TrackPoint firmware: 0x01, buttons: 0/0\r\n[    7.869687] input: TPPS/2 IBM TrackPoint as /devices/platform/i8042/serio1/input/input3\r\n[    8.337333] systemd[1]: Failed to insert module 'kdbus': Function not implemented\r\n[    8.792049] systemd[1]: systemd 225 running in system mode. (+PAM +AUDIT +SELINUX +IMA +APPARMOR +SMACK +SYSVINIT +UTMP +LIBCRYPTSETUP +GCRYPT +GNUTLS +ACL +XZ -LZ4 +SECCOMP +BLKID -ELFUTILS +KMOD -IDN)\r\n[    8.817976] systemd[1]: Detected virtualization microsoft.\r\n[    8.826648] systemd[1]: Detected architecture x86-64.\r\n\r\r\nWelcome to \u001b[1mUbuntu 15.10\u001b[0m!\r\r\n\r\r\n[    8.862672] systemd[1]: Set hostname to <ubuntu>.\r\n[    8.921205] systemd[1]: Initializing machine ID from random generator.\r\n[    8.931383] systemd[1]: Installed transient /etc/machine-id file.\r\n-.mount\r\r\netc-machine\\x2did.mount[    9.887444] systemd[1]: sshd-keygen.service: Cannot add dependency job, ignoring: Unit sshd-keygen.service failed to load: No such file or directory.\r\n\r\r\n[    9.908960] systemd[1]: sshd-keygen.service: Cannot add dependency job, ignoring: Unit sshd-keygen.service failed to load: No such file or directory.\r\n[    9.928623] systemd[1]: display-manager.service: Cannot add dependency job, ignoring: Unit display-manager.service failed to load: No such file or directory.\r\n[    9.950262] systemd[1]: Set up automount Arbitrary Executable File Formats File System Automount Point.\r\n[\u001b[32m  OK  \u001b[0m[    9.967495] systemd[1]: Created slice Root Slice.\r\n] Set up automount Arbitrary Executab...ats File System Automount Point.\r\r\n[    9.982868] systemd[1]: Listening on Journal Socket (/dev/log).\r\n[\u001b[32m  OK  \u001b[0m] Created slice Root Slice.\r\r\n[\u001b[32m  OK  \u001b[0m[   10.000471] systemd[1]: Created slice User and Session Slice.\r\n] Listening on Journal Socket (/dev/log).\r\r\n[\u001b[32m  OK  \u001b[0m[   10.017299] systemd[1]: Reached target Swap.\r\n] Created slice User and Session Slice.\r\r\n[[   10.029825] systemd[1]: Reached target User and Group Name Lookups.\r\n\u001b[32m  OK  \u001b[0m] Reached target Swap.\r\r\n[\u001b[32m  OK  \u001b[0m[   10.046936] systemd[1]: Listening on Journal Audit Socket.\r\n] Reached target User and Group Name Lookups.\r\r\n[\u001b[32m  OK  \u001b[0m[   10.063762] systemd[1]: Listening on udev Control Socket.\r\n] Listening on Journal Audit Socket.\r\r\n[\u001b[32m  OK  \u001b[0m[   10.080355] systemd[1]: Created slice System Slice.\r\n] Listening on udev Control Socket.\r\r\n[\u001b[32m  OK  \u001b[0m[   10.096056] systemd[1]: Created slice system-serial\\x2dgetty.slice.\r\n] Created slice System Slice.\r\r\n[\u001b[32m  OK  \u001b[0m]
[   10.113490] systemd[1]: Reached target Slices.\r\nCreated slice system-serial\\x2dgetty.slice.\r\r\n[\u001b[32m  OK  \u001b[0m] Reached target Slices.\r[   10.129831] systemd[1]: Reached target Encrypted Volumes.\r\n\r\n[\u001b[32m  OK  \u001b[0m[   10.142090] systemd[1]: Listening on udev Kernel Socket.\r\n] Reached target Encrypted Volumes.\r\r\n[\u001b[32m  OK  \u001b[0m]
[   10.158952] systemd[1]: Reached target Remote File Systems (Pre).\r\nListening on udev Kernel Socket.\r\r\n[\u001b[32m  OK  \u001b[0m[   10.175708] systemd[1]: Started Forward Password Requests to Wall Directory Watch.\r\n] Reached target Remote File Systems (Pre).\r\r\n[\u001b[32m  OK  \u001b[0m]
[   10.196762] systemd[1]: Created slice system-getty.slice.\r\nStarted Forward Password Requests to Wall Directory Watch.\r\r\n[\u001b[32m  OK  \u001b[0m[   10.215197] systemd[1]: Listening on Journal Socket.\r\n] Created slice system-getty.slice.\r\r\n[\u001b[32m  OK  \u001b[0m] Listening on Journal Socket.\r\r\n[   10.281729] systemd[1]: Starting udev Coldplug all Devices...\r\n         Starting udev Coldplug all Devices...[   10.297695] systemd[1]: Starting Setup Virtual Console...\r\n\r\r\n         Starting Setup Virtual Console...[   10.314388] systemd[1]: Starting Remount Root and Kernel File Systems...\r\n\r\r\n         Starting Remount Root and Kernel File Systems...[   10.334805] systemd[1]: Starting Uncomplicated firewall...\r\n\r\r\n         Starting Uncomplicated firewall...[   10.351923] systemd[1]: Mounting Huge Pages File System...\r\n\r\r\n         Mounting Huge Pages File System...[   10.368898] systemd[1]: Mounting POSIX Message Queue File System...\r\n\r\r\n         Mounting POSIX Message Queue File System...[   10.389688] systemd[1]: Starting Create list of required static device nodes for the current kernel...\r\n\r\r\n        
[   10.410278] EXT4-fs (sda1): re-mounted. Opts: discard\r\nStarting Create list of required st... nodes for the current kernel...[   10.427017] systemd[1]: Mounting Debug File System...\r\n\r\r\n         Mounting Debug File System...\r[   10.446879] systemd[1]: Starting Load Kernel Modules...\r\n\r\n         Starting Load Kernel Modules...[   10.465655] systemd[1]: Listening on /dev/initctl Compatibility Named Pipe.\r\n\r\r\n[\u001b[32m  OK  \u001b[0m]
[   10.483636] systemd[1]: Starting Increase datagram queue length...\r\nListening on /dev/initctl Compatibility Named Pipe.\r\r\n         Starting Increase datagram queue length...[   10.508298] systemd[1]: Mounted Huge Pages File System.\r\n\r\r\n[\u001b[32m  OK  \u001b[0m]
[   10.522855] systemd[1]: Mounted Debug File System.\r\nMounted Huge Pages File System.\r\r\ndev-hugepages.mount[   10.537837] systemd[1]: Mounted POSIX Message Queue File System.\r\n\r\r\n[\u001b[32m  OK  \u001b[0m] Mounted Debug File System.\r\r\nsys-kernel-debug.mount[   10.558085] systemd[1]: Started Setup Virtual Console.\r\n\r\r\n[\u001b[32m  OK  \u001b[0m] Mounted POSIX Message Queue File System.\r\r\n[\u001b[32m  OK  \u001b[0m] Started Setup Virtual Console.\r[   10.586775] systemd[1]: Started Remount Root and Kernel File Systems.\r\n\r\ndev-mqueue.mount\r[   10.612472] systemd[1]: Started Uncomplicated firewall.\r\n\r\n[\u001b[32m  OK  \u001b[0m] Started Remount Root and Kernel File Systems.\r\r\n[   10.632632] systemd[1]: Started Create list of required static device nodes for the current kernel.\r\n[\u001b[32m  OK  \u001b[0m] Started Uncomplicated firewall.\r\r\nsystemd-vconsole-setup.service\r\r\nsystemd-remount-fs.service\r\r\nufw.service[   10.665189] systemd[1]: Started Load Kernel Modules.\r\n\r\r\n[\u001b[32m  OK  \u001b[0m] Started Create list of required sta...ce nodes for the current kernel.\r[   10.683160] systemd[1]: Started Increase datagram queue length.\r\n\r\n[\u001b[32m  OK  \u001b[0m] Started Load Kernel Modules.\r\r\nkmod-static-nodes.service\r[   10.704770] systemd[1]: Started udev Coldplug all Devices.\r\n\r\n[\u001b[32m  OK  \u001b[0m] Started Increase datagram queue length.\r\r\nsystemd-modules-load.service\r\r\n[\u001b[32m  OK  \u001b[0m] Started udev Coldplug all Devices.\r[   10.744495] systemd[1]: Listening on Syslog Socket.\r\n\r\nsystemd-setup-dgram-qlen.service[   10.757540] systemd[1]: Starting Journal Service...\r\n\r\r\n[\u001b[32m  OK  \u001b[0m] Listening on Syslog Socket.\r\r\n[   10.779664] systemd[1]: Starting Apply Kernel Variables...\r\nsystemd-udev-trigger.service\r\r\n         Starting Journal Service...\r[   10.799492] systemd[1]: Mounting FUSE Control File System...\r\n\r\n         Starting Apply Kernel Variables...\r\r\n         Mounting FUSE Control File System...\r\r\n         Starting Create Static Device Nodes in /dev...\r\r\n         Starting Load/Save Random Seed...\r\r\n         Starting Ensure /etc/mtab is a symlink to /proc/mounts...\r\r\n[\u001b[32m  OK  \u001b[0m] Mounted FUSE Control File System.\r\r\n[\u001b[32m  OK  \u001b[0m] Started Apply Kernel Variables.\r\r\n[\u001b[32m  OK  \u001b[0m] Started Ensure /etc/mtab is a symlink to /proc/mounts.\r\r\nsys-fs-fuse-connections.mount\r\r\n[\u001b[32m  OK  \u001b[0m] Started Load/Save Random Seed.\r\r\nsystemd-sysctl.service\r\r\ndebian-fixup.service\r\r\nsystemd-random-seed.service\r\r\n[\u001b[32m  OK  \u001b[0m] Started Journal Service.\r\r\n         Starting Flush Journal to Persistent Storage...\r\r\nsystemd-journald.service\r\r\n[\u001b[32m  OK  \u001b[0m] Started Create Static Device Nodes in /dev.\r\r\n         Starting udev Kernel Device Manager...\r\r\nsystemd-tmpfiles-setup-dev.service\r\r\n[\u001b[32m  OK  \u001b[0m] Started Flush Journal to Persistent Storage.\r\r\nsystemd-journal-flush.service\r\r\n[\u001b[32m  OK  \u001b[0m] Started udev Kernel Device Manager.\r\r\n[\u001b[32m  OK  \u001b[0m] Reached target Local File Systems (Pre).\r\r\nsystemd-udevd.service\r\r\n         Mounting /etc/network/interfaces.dynamic.d...\r\r\n[\u001b[32m  OK  \u001b[0m] Mounted /etc/network/interfaces.dynamic.d.\r\r\n[\u001b[32m  OK  \u001b[0m] Reached target Local File Systems.\r\r\n         Starting Set console keymap...\r\r\n[\u001b[32m  OK  \u001b[0m] Reached target Remote File Systems.\r\r\n         Starting Create Volatile Files and Directories...\r\r\n         Starting Wait for all \"auto\" /etc/n... up for network-online.target...\r\r\n         Starting Tell Plymouth To Write Out Runtime Data...\r\r\n         Starting Clean up any mess left by 0dns-up...\r\r\n         Starting LSB: AppArmor initialization...\r\r\n         Starting Commit a transient machine-id on disk...\r\r\n[\u001b[32m  OK  \u001b[0m] Started Create Volatile Files and Directories.\r\r\netc-network-interfaces.dynamic.d.mount\r\r\n         Starting Network Time Synchronization...\r\r\n         Starting Update UTMP about System Boot/Shutdown...\r\r\n[\u001b[32m  OK  \u001b[0m] Started Commit a transient machine-id on disk.\r\r\n[\u001b[32m  OK  \u001b[0m] Started Update UTMP about System Boot/Shutdown.\r\r\n[\u001b[32m  OK  \u001b[0m] Started Clean up any mess left by 0dns-up.\r\r\n         Starting Nameserver information manager...\r\r\n[\u001b[32m  OK  \u001b[0m] Started Nameserver information manager.\r\r\n[\u001b[32m  OK  \u001b[0m] Started Tell Plymouth To Write Out Runtime Data.\r\r\n[\u001b[32m  OK  \u001b[0m] Started Network Time Synchronization.\r\r\n[\u001b[32m  OK  \u001b[0m] Reached target System Time Synchronized.\r\r\nsystemd-tmpfiles-setup.service\r\r\nsystemd-machine-id-commit.service\r\r\nsystemd-update-utmp.service\r\r\n[\u001b[32m  OK  \u001b[0m] Started Set console keymap.\r\r\nresolvconf.service\r\r\nsystemd-timesyncd.service\r\r\n[   12.133342] piix4_smbus 0000:00:07.3: SMBus base address uninitialized - upgrade BIOS or use force_addr=0xaddr\r\n[\u001b[32m  OK  \u001b[0m] Found device /dev/ttyS0.\r\r\n[   12.523902] intel_rapl: no valid rapl domains found in package 0\r\n[\u001b[32m  OK  \u001b[0m] Created slice system-ifup.slice.\r\r\n[\u001b[32m  OK  \u001b[0m] Found device /sys/subsystem/net/devices/eth0.\r\r\n[\u001b[32m  OK  \u001b[0m] Started LSB: AppArmor initialization.\r\r\n         Starting LSB: Raise network interfaces....\r\r\n[\u001b[32m  OK  \u001b[0m] Started ifup for eth0.\r\r\napparmor.service\r\r\nifup@eth0.service\r\r\n[\u001b[0m\u001b[31m*     \u001b[0m] (1 of 2) A start job is running for...work interfaces. (8s / no limit)\r\u001b[K[\u001b[1;31m*\u001b[0m\u001b[31m*    \u001b[0m] (1 of 2) A start job is running for...work interfaces. (9s / no limit)\r\u001b[K[\u001b[31m*\u001b[1;31m*\u001b[0m\u001b[31m*   \u001b[0m] (1 of 2) A start job is running for...work interfaces. (9s / no limit)\r\u001b[K[ \u001b[31m*\u001b[1;31m*\u001b[0m\u001b[31m*  \u001b[0m] (2 of 2) A start job is running for...rk-online.target (10s / 2min 1s)\r\u001b[K[  \u001b[31m*\u001b[1;31m*\u001b[0m\u001b[31m* \u001b[0m] (2 of 2) A start job is running for...rk-online.target (10s / 2min 1s)\r\u001b[K[   \u001b[31m*\u001b[1;31m*\u001b[0m\u001b[31m*\u001b[0m] (2 of 2) A start job is running for...rk-online.target (11s / 2min 1s)\r\u001b[K[    \u001b[31m*\u001b[1;31m*\u001b[0m] (1 of 2) A start job is running for...ork interfaces. (11s / no limit)\r\u001b[K[     \u001b[31m*\u001b[0m] (1 of 2) A start job is running for...ork interfaces. (12s / no limit)\r\u001b[K[    \u001b[31m*\u001b[1;31m*\u001b[0m] (1 of 2) A start job is running for...ork interfaces. (13s / no limit)\r\u001b[K[   \u001b[31m*\u001b[1;31m*\u001b[0m\u001b[31m*\u001b[0m] (2 of 2) A start job is running for...rk-online.target (13s / 2min 1s)\r\u001b[K[  \u001b[31m*\u001b[1;31m*\u001b[0m\u001b[31m* \u001b[0m] (2 of 2) A start job is running for...rk-online.target (14s / 2min 1s)\r\u001b[K[ \u001b[31m*\u001b[1;31m*\u001b[0m\u001b[31m*  \u001b[0m] (2 of 2) A start job is running for...rk-online.target (14s / 2min 1s)\r\u001b[K[\u001b[31m*\u001b[1;31m*\u001b[0m\u001b[31m*   \u001b[0m] (1 of 2) A start job is running for...ork interfaces. (15s / no limit)\r\u001b[K[\u001b[1;31m*\u001b[0m\u001b[31m*    \u001b[0m] (1 of 2) A start job is running for...ork interfaces. (15s / no limit)\r\u001b[K[\u001b[0m\u001b[31m*     \u001b[0m] (1 of 2) A start job is running for...ork interfaces. (16s / no limit)\r\u001b[K[\u001b[1;31m*\u001b[0m\u001b[31m*    \u001b[0m] (2 of 2) A start job is running for...rk-online.target (17s / 2min 1s)\r\u001b[K[\u001b[31m*\u001b[1;31m*\u001b[0m\u001b[31m*   \u001b[0m] (2 of 2) A start job is running for...rk-online.target (17s / 2min 1s)\r\u001b[K[ \u001b[31m*\u001b[1;31m*\u001b[0m\u001b[31m*  \u001b[0m] (2 of 2) A start job is running for...rk-online.target (18s / 2min 1s)\r\u001b[K[  \u001b[31m*\u001b[1;31m*\u001b[0m\u001b[31m* \u001b[0m] (1 of 2) A start job is running for...ork interfaces. (18s / no limit)\r\u001b[K[   \u001b[31m*\u001b[1;31m*\u001b[0m\u001b[31m*\u001b[0m] (1 of 2) A start job is running for...ork interfaces. (19s / no limit)\r\u001b[K[    \u001b[31m*\u001b[1;31m*\u001b[0m] (1 of 2) A start job is running for...ork interfaces. (20s / no limit)\r\u001b[K[     \u001b[31m*\u001b[0m] (2 of 2) A start job is running for...rk-online.target (20s / 2min 1s)\r\u001b[K[    \u001b[31m*\u001b[1;31m*\u001b[0m] (2 of 2) A start job is running for...rk-online.target (21s / 2min 1s)\r\u001b[K[   \u001b[31m*\u001b[1;31m*\u001b[0m\u001b[31m*\u001b[0m] (2 of 2) A start job is running for...rk-online.target (21s / 2min 1s)\r\u001b[K[  \u001b[31m*\u001b[1;31m*\u001b[0m\u001b[31m* \u001b[0m] (1 of 2) A start job is running for...ork interfaces. (22s / no limit)\r\u001b[K[ \u001b[31m*\u001b[1;31m*\u001b[0m\u001b[31m*  \u001b[0m] (1 of 2) A start job is running for...ork interfaces. (22s / no limit)\r\u001b[K[\u001b[31m*\u001b[1;31m*\u001b[0m\u001b[31m*   \u001b[0m] (1 of 2) A start job is running for...ork interfaces. (23s / no limit)\r\u001b[K[\u001b[32m  OK  \u001b[0m] Started LSB: Raise network interfaces..\r\r\n[\u001b[32m  OK  \u001b[0m] Reached target System Initialization.\r\r\n[\u001b[32m  OK  \u001b[0m] Listening on D-Bus System Message Bus Socket.\r\r\n[\u001b[32m  OK  \u001b[0m] Started Trigger resolvconf update for networkd DNS.\r\r\n[\u001b[32m  OK  \u001b[0m] Reached target Paths.\r\r\n         Starting Seed the pseudo random number generator on first boot...\r\r\n         Starting lxd-unix.socket.\r\r\n[\u001b[32m  OK  \u001b[0m] Listening on ACPID Listen Socket.\r\r\n[\u001b[32m  OK  \u001b[0m] Started Daily Cleanup of Temporary Directories.\r\r\n[\u001b[32m  OK  \u001b[0m] Reached target Timers.\r\r\n[\u001b[32m  OK  \u001b[0m] Listening on UUID daemon activation socket.\r\r\n[\u001b[32m  OK  \u001b[0m] Reached target Network.\r\r\n[\u001b[32m  OK  \u001b[0m] Listening on lxd-unix.socket.\r\r\n[\u001b[32m  OK  \u001b[0m] Reached target Sockets.\r\r\n[\u001b[32m  OK  \u001b[0m] Reached target Basic System.\r\r\n         Starting LSB: Record successful boot for GRUB...\r\r\n         Starting LSB: daemon to balance interrupts for SMP systems...\r\r\n         Starting System Logging Service...\r\r\n         Starting Restore /etc/resolv.conf i...e the ppp link was shut down....\r\r\n         Starting Initial cloud-init job (pre-networking)...\r\r\n[\u001b[32m  OK  \u001b[0m] Started Regular background program processing daemon.\r\r\n         Starting LSB: Starts the Micro Name Service Cache Daemon...\r\r\n[\u001b[32m  OK  \u001b[0m] Started Deferred execution scheduler.\r\r\n         Starting LSB: Set the CPU Frequency Scaling governor to \"ondemand\"...\r\r\n[\u001b[32m  OK  \u001b[0m] Started D-Bus System Message Bus.\r\r\nnetworking.service\r\r\ncron.service\r\r\natd.service\r\r\ndbus.service\r\r\ncgmanager.service\r\r\nhv-kvp-daemon.service\r\r\n         Starting Login Service...\r\r\n         Starting Thermal Daemon Service...\r\r\n[\u001b[32m  OK  \u001b[0m] Started Cgroup management daemon.\r\r\n         Starting Accounts Service...\r\r\n[\u001b[32m  OK  \u001b[0m] Started Hyper-V KVP Protocol Daemon.\r\r\n[\u001b[32m  OK  \u001b[0m] Started Hyper-V VSS Protocol Daemon.\r\r\n         Starting LSB: automatic crash report generation...\r\r\n[\u001b[32m  OK  \u001b[0m] Started FUSE filesystem for LXC.\r\r\n[\u001b[32m  OK  \u001b[0m] Started Hyper-V File Copy Protocol Daemon.\r\r\n[\u001b[32m  OK  \u001b[0m] Started Wait for all \"auto\" /etc/ne...be up for network-online.target.\r\r\n[\u001b[32m  OK  \u001b[0m] Started LSB: Record successful boot for GRUB.\r\r\n[\u001b[32m  OK  \u001b[0m] Started LSB: daemon to balance interrupts for SMP systems.\r\r\n[\u001b[32m  OK  \u001b[0m] Started Restore /etc/resolv.conf if...ore the ppp link was shut down..\r\r\n[\u001b[32m  OK  \u001b[0m] Started LSB: Starts the Micro Name Service Cache Daemon.\r\r\n[\u001b[32m  OK  \u001b[0m] Started LSB: Set the CPU Frequency Scaling governor to \"ondemand\".\r\r\n[\u001b[32m  OK  \u001b[0m] Started System Logging Service.\r\r\n[\u001b[32m  OK  \u001b[0m] Reached target Network is Online.\r\r\n         Starting /etc/rc.local Compatibility...\r\r\n         Starting LXC network bridge setup...\r\r\n[\u001b[32m  OK  \u001b[0m] Started /etc/rc.local Compatibility.\r\r\n[\u001b[32m  OK  \u001b[0m] Started LSB: automatic crash report generation.\r\r\nhv-vss-daemon.service\r\r\n[\u001b[32m  OK  \u001b[0m] Started Login Service.\r\r\nlxcfs.service\r\r\nhv-fcopy-daemon.service\r\r\nifup-wait-all-auto.service\r\r\ngrub-common.service\r\r\nirqbalance.service\r\r\nunscd.service\r\r\nondemand.service\r\r\nrsyslog.service\r\r\nrc-local.service\r\r\napport.service\r\r\nsystemd-logind.service\r\r\nrun-cgmanager-fs.mount\r\r\nvar-lib-lxcfs.mount\r\r\n         Starting Authenticate and Authorize Users to Run Privileged Tasks...\r\r\nthermald.service\r\r\n[\u001b[32m  OK  \u001b[0m] Started Thermal Daemon Service.\r\r\n[\u001b[32m  OK  \u001b[0m] Started Authenticate and Authorize Users to Run Privileged Tasks.\r\r\n[\u001b[32m  OK  \u001b[0m] Started Accounts Service.\r\r\npolkitd.service\r\r\naccounts-daemon.service\r\r\n[\u001b[32m  OK  \u001b[0m] Started LXC network bridge setup.\r\r\n         Starting LXC Container Initialization and Autoboot Code...\r\r\nlxc-net.service\r\r\n[\u001b[32m  OK  \u001b[0m] Started LXC Container Initialization and Autoboot Code.\r\r\n         Starting Container hypervisor based on LXC - boot time check...\r\r\nlxc.service\r\r\n[\u001b[32m  OK  \u001b[0m] Started Seed the pseudo random number generator on first boot.\r\r\n[   39.643695] cloud-init[759]: Cloud-init v. 0.7.7 running 'init-local' at Thu, 11 Aug 2016 18:47:01 +0000. Up 39.28 seconds.\r\r\n[\u001b[32m  OK  \u001b[0m] Started Initial cloud-init job (pre-networking).\r\r\n         Starting Initial cloud-init job (metadata service crawler)...\r\r\ncloud-init-local.service\r\r\n[   40.152149] blk_update_request: I/O error, dev fd0, sector 0\r\n[   40.192144] blk_update_request: I/O error, dev fd0, sector 0\r\ntmp-tmpue9mw2nz.mount\r\r\n[   40.416775] cloud-init[1039]: + i=eth0\r\r\n[   40.420832] cloud-init[1039]: + x=0\r\r\n[   40.421028] cloud-init[1039]: + ifdown eth0\r\r\n[   40.450602] cloud-init[1039]: Killed old client process\r\r\n[\u001b[32m  OK  \u001b[0m] Started Container hypervisor based on LXC - boot time check.\r\r\n[   41.452717] cloud-init[1039]: Internet Systems Consortium DHCP Client 4.3.1\r\r\n[   41.453096] cloud-init[1039]: Copyright 2004-2014 Internet Systems Consortium.\r\r\n[   41.462345] cloud-init[1039]: All rights reserved.\r\r\n[   41.462740] cloud-init[1039]: For info, please visit https://www.isc.org/software/dhcp/\r\r\n[   41.464931] cloud-init[1039]: Listening on LPF/eth0/00:0d:3a:14:bf:a1\r\r\n[   41.465344] cloud-init[1039]: Sending on   LPF/eth0/00:0d:3a:14:bf:a1\r\r\n[   41.465763] cloud-init[1039]: Sending on   Socket/fallback\r\r\n[   41.492338] cloud-init[1039]: DHCPRELEASE on eth0 to 168.63.129.16 port 67 (xid=0x70b77b74)\r\r\n[   41.542684] cloud-init[1039]: + ifup eth0\r\r\n[   41.555653] cloud-init[1039]: Internet Systems Consortium DHCP Client 4.3.1\r\r\n[   41.559639] cloud-init[1039]: Copyright 2004-2014 Internet Systems Consortium.\r\r\n[   41.559985] cloud-init[1039]: All rights reserved.\r\r\n[   41.560354] cloud-init[1039]: For info, please visit https://www.isc.org/software/dhcp/\r\r\n[   41.571434] cloud-init[1039]: Listening on LPF/eth0/00:0d:3a:14:bf:a1\r\r\n[   41.571819] cloud-init[1039]: Sending on   LPF/eth0/00:0d:3a:14:bf:a1\r\r\n[   41.572054] cloud-init[1039]: Sending on   Socket/fallback\r\r\n[   41.572367] cloud-init[1039]: DHCPDISCOVER on eth0 to 255.255.255.255 port 67 interval 3 (xid=0xf071c764)\r\r\n[   41.598582] cloud-init[1039]: DHCPREQUEST of 10.0.0.4 on eth0 to 255.255.255.255 port 67 (xid=0x64c771f0)\r\r\n[   41.598963] cloud-init[1039]: DHCPOFFER of 10.0.0.4 from 168.63.129.16\r\r\n[   41.616315] cloud-init[1039]: DHCPACK of 10.0.0.4 from 168.63.129.16\r\r\n[   41.774654] cloud-init[1039]: bound to 10.0.0.4 -- renewal in 4294967295 seconds.\r\r\n[   41.792056] cloud-init[1039]: + exit 0\r\r\n[\u001b[32m  OK  \u001b[0m] Started Azure Linux Agent.\r\r\nwalinuxagent.service\r\r\n2016/08/11 18:47:06.614452 INFO Azure Linux Agent Version:2.1.3\r\r\n2016/08/11 18:47:06.621753 INFO OS: ubuntu 15.10\r\r\n2016/08/11 18:47:06.621886 INFO Python: 3.4.3\r\r\n2016/08/11 18:47:06.622053 INFO Run daemon\r\r\n2016/08/11 18:47:06.622170 INFO run Ubuntu provision handler\r\r\n2016/08/11 18:47:06.622291 INFO Waiting cloud-init to copy ovf-env.xml.\r\r\n2016/08/11 18:47:06.624344 INFO Detect protocol endpoints\r\r\n2016/08/11 18:47:06.624530 INFO WireServer endpoint is not found. Rerun dhcp handler\r\r\n2016/08/11 18:47:06.624649 INFO Send dhcp request\r\r\n2016/08/11 18:47:06.690261 INFO Configure routes\r\r\n2016/08/11 18:47:06.690463 INFO Gateway:10.0.0.1\r\r\n2016/08/11 18:47:06.690577 INFO Routes:None\r\r\n2016/08/11 18:47:06.695222 INFO Wire server endpoint:168.63.129.16\r\r\n2016/08/11 18:47:06.698659 INFO Fabric preferred wire protocol version:2015-04-05\r\r\n2016/08/11 18:47:06.699150 INFO Wire protocol version:2012-11-30\r\r\n2016/08/11 18:47:06.699271 WARNING Server prefered version:2015-04-05\r\r\n[   47.620166] blk_update_request: I/O error, dev fd0, sector 0\r\n   47.664116] blk_update_request: I/O error, dev fd0, sector 0\r\ntmp-tmpwbt1lllk.mount\r\r\n   47.664116] blk_update_request: I/O error, dev fd0, sector 0\r\ntmp-tmpwbt1lllk.mount\r\r\n2016/08/11 18:47:11.192402 INFO Sleep 15 seconds to prevent throttling\r\r\n[   50.457081] cloud-init[1039]: Cloud-init v. 0.7.7 running 'init' at Thu, 11 Aug 2016 18:47:01 +0000. Up 39.91 seconds.\r\r\n[   50.461751] cloud-init[1039]: ci-info: ++++++++++++++++++++++++++++++++++++++Net device info++++++++++++++++++++++++++++++++++++++\r\r\n[   50.461904] cloud-init[1039]: ci-info: +--------+------+-----------------------------+---------------+-------+-------------------+\r\r\n[   50.462043] cloud-init[1039]: ci-info: | Device |  Up  |           Address           |      Mask     | Scope |     Hw-Address    |\r\r\n[   50.462179] cloud-init[1039]: ci-info: +--------+------+-----------------------------+---------------+-------+-------------------+\r\r\n[   50.462312] cloud-init[1039]: ci-info: |  eth0  | True |           10.0.0.4          | 255.255.255.0 |   .   | 00:0d:3a:14:bf:a1 |\r\r\n[   50.462446] cloud-init[1039]: ci-info: |  eth0  | True | fe80::20d:3aff:fe14:bfa1/64 |       .       |  link | 00:0d:3a:14:bf:a1 |\r\r\n[   50.462579] cloud-init[1039]: ci-info: | lxcbr0 | True |           10.0.1.1          | 255.255.255.0 |   .   | fa:85:0a:17:f6:29 |\r\r\n[   50.472503] cloud-init[1039]: ci-info: | lxcbr0 | True | fe80::f885:aff:fe17:f629/64 |       .       |  link | fa:85:0a:17:f6:29 |\r\r\n[   50.472641] cloud-init[1039]: ci-info: |   lo   | True |          127.0.0.1          |   255.0.0.0   |   .   |         .         |\r\r\n[   50.472843] cloud-init[1039]: ci-info: |   lo   | True |           ::1/128           |       .       |  host |         .         |\r\r\n[   50.472991] cloud-init[1039]: ci-info: +--------+------+-----------------------------+---------------+-------+-------------------+\r\r\n[   50.473164] cloud-init[1039]: ci-info: +++++++++++++++++++++++++++++Route IPv4 info++++++++++++++++++++++++++++++\r\r\n[   50.473294] cloud-init[1039]: ci-info: +-------+---------------+----------+-----------------+-----------+-------+\r\r\n[   50.473461] cloud-init[1039]: ci-info: | Route |  Destination  | Gateway  |     Genmask     | Interface | Flags |\r\r\n[   50.473602] cloud-init[1039]: ci-info: +-------+---------------+----------+-----------------+-----------+-------+\r\r\n[   50.473811] cloud-init[1039]: ci-info: |   0   |    0.0.0.0    | 10.0.0.1 |     0.0.0.0     |    eth0   |   UG  |\r\r\n[   50.473956] cloud-init[1039]: ci-info: |   1   |    10.0.0.0   | 0.0.0.0  |  255.255.255.0  |    eth0   |   U   |\r\r\n[   50.474101] cloud-init[1039]: ci-info: |   2   |    10.0.1.0   | 0.0.0.0  |  255.255.255.0  |   lxcbr0  |   U   |\r\r\n[   50.474253] cloud-init[1039]: ci-info: |   3   | 168.63.129.16 | 10.0.0.1 | 255.255.255.255 |    eth0   |  UGH  |\r\r\n[   50.474409] cloud-init[1039]: ci-info: +-------+---------------+----------+-----------------+-----------+-------+\r\r\n[   50.476066] cloud-init[1039]: Generating public/private rsa key pair.\r\r\n[   50.476215] cloud-init[1039]: Your identification has been saved in /etc/ssh/ssh_host_rsa_key.\r\r\n[   50.476354] cloud-init[1039]: Your public key has been saved in /etc/ssh/ssh_host_rsa_key.pub.\r\r\n[   50.476489] cloud-init[1039]: The key fingerprint is:\r\r\n[   50.476622] cloud-init[1039]: SHA256:zXxIPELZup87i70/Yyi7d5YUaPhLDn1emQbYXOc91dA root@xplatvm\r\r\n[   50.476751] cloud-init[1039]: The key's randomart image is:\r\r\n[   50.476879] cloud-init[1039]: +---[RSA 2048]----+\r\r\n[   50.477009] cloud-init[1039]: |        .o    .o.|\r\r\n[   50.477141] cloud-init[1039]: |       ....   . E|\r\r\n[   50.477269] cloud-init[1039]: |        .o+= . oo|\r\r\n[   50.477399] cloud-init[1039]: |        o*+o=  .o|\r\r\n[   50.477527] cloud-init[1039]: |        S== .o o.|\r\r\n[   50.477656] cloud-init[1039]: |        o +.o =  |\r\r\n[   50.477786] cloud-init[1039]: |         = B +   |\r\r\n[   50.477914] cloud-init[1039]: |        .oO O    |\r\r\n[   50.478043] cloud-init[1039]: |        +==X.o   |\r\r\n[   50.478172] cloud-init[1039]: +----[SHA256]-----+\r\r\n[   50.478304] cloud-init[1039]: Generating public/private dsa key pair.\r\r\n[   50.478435] cloud-init[1039]: Your identification has been saved in /etc/ssh/ssh_host_dsa_key.\r\r\n[   50.480179] cloud-init[1039]: Your public key has been saved in /etc/ssh/ssh_host_dsa_key.pub.\r\r\n[   50.480323] cloud-init[1039]: The key fingerprint is:\r\r\n[   50.480459] cloud-init[1039]: SHA256:X/8cPx4RMxuvK+9/H0JOO6dFxcfiHQPJavWnJE1ECS8 root@xplatvm\r\r\n[   50.480593] cloud-init[1039]: The key's randomart image is:\r\r\n[   50.480726] cloud-init[1039]: +---[DSA 1024]----+\r\r\n[   50.480857] cloud-init[1039]: |            o=+. |\r\r\n[   50.480987] cloud-init[1039]: |             =+o |\r\r\n[   50.481119] cloud-init[1039]: |            Eo+B=|\r\r\n[   50.481249] cloud-init[1039]: |           o.oo+&|\r\r\n[   50.481377] cloud-init[1039]: |        S . .=.=+|\r\r\n[   50.481505] cloud-init[1039]: |         . .+.+..|\r\r\n[   50.481633] cloud-init[1039]: |          .  =o* |\r\r\n[   50.481760] cloud-init[1039]: |            . *=*|\r\r\n[   50.481888] cloud-init[1039]: |             ==oX|\r\r\n[   50.482017] cloud-init[1039]: +----[SHA256]-----+\r\r\n[   50.498922] cloud-init[1039]: Generating public/private ecdsa key pair.\r\r\n[   50.499110] cloud-init[1039]: Your identification has been saved in /etc/ssh/ssh_host_ecdsa_key.\r\r\n[   50.499284] cloud-init[1039]: Your public key has been saved in /etc/ssh/ssh_host_ecdsa_key.pub.\r\r\n[   50.499425] cloud-init[1039]: The key fingerprint is:\r\r\n[   50.499558] cloud-init[1039]: SHA256:+jvDY1oiw3sKJBtn2XOoM5vj5NAsg0MNgKYfm6V7Nu4 root@xplatvm\r\r\n[   50.499691] cloud-init[1039]: The key's randomart image is:\r\r\n[   50.499821] cloud-init[1039]: +---[ECDSA 256]---+\r\r\n[   50.499951] cloud-init[1039]: |o                |\r\r\n[   50.500102] cloud-init[1039]: |o.               |\r\r\n[   50.500221] cloud-init[1039]: |o.               |\r\r\n[   50.500358] cloud-init[1039]: |. +o..           |\r\r\n[   50.500487] cloud-init[1039]: |oo=B+ . S        |\r\r\n[   50.500615] cloud-init[1039]: |oX=o o .         |\r\r\n[   50.500744] cloud-init[1039]: |B O.+ o..        |\r\r\n[   50.500872] cloud-init[1039]: | Bo*++.+*        |\r\r\n[   50.501000] cloud-init[1039]: | .=*E+.oo=       |\r\r\n[   50.501128] cloud-init[1039]: +----[SHA256]-----+\r\r\n[   50.504029] cloud-init[1039]: Generating public/private ed25519 key pair.\r\r\n[   50.504203] cloud-init[1039]: Your identification has been saved in /etc/ssh/ssh_host_ed25519_key.\r\r\n[   50.504357] cloud-init[1039]: Your public key has been saved in /etc/ssh/ssh_host_ed25519_key.pub.\r\r\n[   50.504504] cloud-init[1039]: The key fingerprint is:\r\r\n[   50.504638] cloud-init[1039]: SHA256:3WCJAIUu9ijbUkYzBzrV4Mkh3FCp94K1Plx7rBAsk4M root@xplatvm\r\r\n[   50.504773] cloud-init[1039]: The key's randomart image is:\r\r\n[   50.504904] cloud-init[1039]: +--[ED25519 256]--+\r\r\n[   50.505069] cloud-init[1039]: |o.*+o+o          |\r\r\n[   50.505214] cloud-init[1039]: | =o=o  . . .     |\r\r\n[   50.505362] cloud-init[1039]: | o=o    . +      |\r\r\n[   50.505491] cloud-init[1039]: |+.Ooo    o o     |\r\r\n[   50.505619] cloud-init[1039]: |EO+Xo   S . .    |\r\r\n[   50.505751] cloud-init[1039]: |..Booo           |\r\r\n[   50.505879] cloud-init[1039]: | *o.o o          |\r\r\n[   50.506007] cloud-init[1039]: |o .+.. o         |\r\r\n[   50.506135] cloud-init[1039]: | .  ..o          |\r\r\n[   50.506268] cloud-init[1039]: +----[SHA256]-----+\r\r\n[\u001b[32m  OK  \u001b[0m] Started Initial cloud-init job (metadata service crawler).\r\r\n         Starting Permit User Sessions...\r\r\n[\u001b[32m  OK  \u001b[0m] Reached target Cloud-config availability.\r\r\n         Starting Apply the settings specified in cloud-config...\r\r\n[\u001b[32m  OK  \u001b[0m] Started OpenBSD Secure Shell server.\r\r\n[\u001b[32m  OK  \u001b[0m] Started Permit User Sessions.\r\r\n         Starting Terminate Plymouth Boot Screen...\r\r\n         Starting Wait for Plymouth Boot Screen to Quit...\r\r\ncloud-init.service\r\r\nssh.service\r\r\nsystemd-user-sessions.service\r\r\n[   56.834547] cloud-init[1307]: Generating locales...\r\n[   56.922262] cloud-init[1307]: en_US.UTF-8... up-to-date\r\n[   56.937390] cloud-init[1307]: Generation complete.\r\n\r\r\nUbuntu 15.10 xplatvm ttyS0\r\n\r\nxplatvm login:
[   60.194911] cloud-init[1307]: Cloud-init v. 0.7.7 running 'modules:config' at Thu, 11 Aug 2016 18:47:13 +0000. Up 50.95 seconds.\r\nci-info: ++Authorized keys from /home/azureuser/.ssh/authorized_keys for user azureuser+++\r\nci-info: +---------+-------------------------------------------------+---------+---------+\r\nci-info: | Keytype |                Fingerprint (md5)                | Options | Comment |\r\nci-info: +---------+-------------------------------------------------+---------+---------+\r\nci-info: | ssh-rsa | 8f:df:8f:18:ba:cd:cc:63:7c:1f:ea:ae:ba:09:40:65 |    -    |    -    |\r\nci-info: +---------+-------------------------------------------------+---------+---------+\r\n<14>Aug 11 18:47:23 ec2: \r\n<14>Aug 11 18:47:23 ec2: #############################################################\r\n<14>Aug 11 18:47:23 ec2: -----BEGIN SSH HOST KEY FINGERPRINTS-----\r\n<14>Aug 11 18:47:23 ec2: 1024 SHA256:X/8cPx4RMxuvK+9/H0JOO6dFxcfiHQPJavWnJE1ECS8 root@xplatvm (DSA)\r\n<14>Aug 11 18:47:23 ec2: 256 SHA256:+jvDY1oiw3sKJBtn2XOoM5vj5NAsg0MNgKYfm6V7Nu4 root@xplatvm (ECDSA)\r\n<14>Aug 11 18:47:23 ec2: 256 SHA256:3WCJAIUu9ijbUkYzBzrV4Mkh3FCp94K1Plx7rBAsk4M root@xplatvm (ED25519)\r\n<14>Aug 11 18:47:23 ec2: 2048 SHA256:zXxIPELZup87i70/Yyi7d5YUaPhLDn1emQbYXOc91dA root@xplatvm (RSA)\r\n<14>Aug 11 18:47:23 ec2: -----END SSH HOST KEY FINGERPRINTS-----\r\n<14>Aug 11 18:47:23 ec2: #############################################################\r\n-----BEGIN SSH HOST KEY KEYS-----\r\necdsa-sha2-nistp256 AAAAE2VjZHNhLXNoYTItbmlzdHAyNTYAAAAIbmlzdHAyNTYAAABBBGr3fiV5bUIC/L0Y2n/j2BDWM7UNVnWKAt02lTEcIsR4vOAo+CL59sncqWM5ncShuzMcYvUkuAlGX4heH6syxH0= root@xplatvm\r\nssh-ed25519 AAAAC3NzaC1lZDI1NTE5AAAAIEnngUowwhk7BjG1Oon9nbeW5bnj8CZMYMRtc4uPBbbP root@xplatvm\r\nssh-rsa AAAAB3NzaC1yc2EAAAADAQABAAABAQCZIofo1vQNRtdCXJKVHphPSoWc76X8pbEFJEHlrr5trGGuHTAcqqs2XCWxzhnEcxbDBAYE4EN20xu8GsukhG1oXHmUN9/hPfl9bUYjB2rs1XmVdS1XDx3KTOZDCOooVY8GtIguKIUbXQtuDXNb19GZLh+QDKHs6q/Fb4uKpnwQsf71UX2+AjlWBVooqys5AnPPOnbHpnbSh1E7xQ2mftMSnEMxj0CILym/IewVHRkoTI8xdlezMGt6rPBZJ4Xj3F5we9cYRnXSx++8NKpg6itkgDbb2PbnDplSr1n7fSvB00iaAfGIY6U0VnpjGOoNOgNtnJrah0/gwziFHxfNVTSl root@xplatvm\r\n-----END SSH HOST KEY KEYS-----\r\n[   60.875380] cloud-init[1416]: Cloud-init v. 0.7.7 running 'modules:final' at Thu, 11 Aug 2016 18:47:23 +0000. Up 60.44 seconds.\r\n[   60.905533] cloud-init[1416]: Cloud-init v. 0.7.7 finished at Thu, 11 Aug 2016 18:47:23 +0000. Datasource DataSourceAzureNet [seed=/dev/sr0].  Up 60.86 seconds\r\n2016/08/11 18:47:26.215160 INFO Wait for ssh host key to be generated.\r\n2016/08/11 18:47:26.226907 INFO Finished provisioning\r\n2016/08/11 18:47:28.833508 INFO Event: name=WALA, op=Provision, message=Provision succeed\r\n2016/08/11 18:47:28.843803 INFO Detect protocol endpoints\r\n2016/08/11 18:47:28.851675 INFO Start env monitor service.\r\n2016/08/11 18:47:28.860138 INFO Configure routes\r\n2016/08/11 18:47:28.869533 INFO Event: name=WALA, op=HeartBeat, message=\r\n2016/08/11 18:47:28.868584 INFO Gateway:10.0.0.1\r\n2016/08/11 18:47:28.885446 INFO Routes:None\r\n2016/08/11 18:47:28.967637 INFO Set block dev timeout: sda with timeout: 300\r\n2016/08/11 18:47:28.976481 INFO Set block dev timeout: sdb with timeout: 300\r\n2016/08/11 18:47:29.971170 INFO Handle new ext handler config\r\n2016/08/11 18:47:29.978893 INFO No ext handler config found\r\n2016/08/11 18:47:30.662108 INFO Successfully reported vm agent status\r\n2016/08/11 18:49:41.101218 INFO Handle new ext handler cnnfig\r\n2016/08/11 18:49:41.109942 INFO No ext handler config found\r\n2016/08/11 18:49:41.162294 INFO Successfully reported vm agent status\r\n2016/08/11 19:58:25.882848 INFO Handle new ext handler config\r\n2016/08/11 19:58:25.891430 INFO No ext handler config found\r\n2016/08/11 19:58:25.942245 INFO Successfully reported vm agent status\r\n\u0000\u0000\u0000\u0000\u0000\u0000\u0000\u0000\u0000\u0000\u0000\u0000\u0000\u0000\u0000\u0000\u0000\u0000\u0000\u0000\u0000\u0000\u0000\u0000\u0000\u0000\u0000\u0000\u0000\u0000\u0000\u0000\u0000\u0000\u0000\u0000\u0000\u0000\u0000\u0000\u0000\u0000\u0000\u0000\u0000\u0000\u0000\u0000\u0000\u0000\u0000\u0000\u0000\u0000\u0000\u0000\u0000\u0000\u0000\u0000\u0000\u0000\u0000\u0000\u0000\u0000\u0000\u0000\u0000\u0000\u0000\u0000\u0000\u0000\u0000\u0000\u0000\u0000\u0000\u0000\u0000\u0000\u0000\u0000\u0000\u0000\u0000\u0000\u0000\u0000\u0000\u0000\u0000\u0000\u0000\u0000\u0000\u0000\u0000\u0000\u0000\u0000\u0000\u0000\u0000\u0000\u0000\u0000\u0000\u0000\u0000\u0000\u0000\u0000\u0000\u0000\u0000\u0000\u0000\u0000\u0000\u0000\u0000\u0000\u0000\u0000\u0000\u0000\u0000\u0000\u0000\u0000\u0000\u0000\u0000\u0000\u0000\u0000\u0000\u0000\u0000\u0000\u0000\u0000\u0000\u0000\u0000\u0000\u0000\u0000\u0000\u0000\u0000\u0000\u0000\u0000\u0000\u0000\u0000\u0000\u0000\u0000\u0000\u0000\u0000\u0000\u0000\u0000\u0000\u0000\u0000\u0000\u0000\u0000\u0000\u0000\u0000\u0000\u0000\u0000\u0000\u0000\u0000\u0000\u0000\u0000\u0000\u0000\u0000\u0000\u0000\u0000\u0000\u0000\u0000\u0000\u0000\u0000\u0000\u0000\u0000\u0000\u0000\u0000\u0000\u0000\u0000\u0000\u0000\u0000\u0000\u0000\u0000\u0000\u0000\u0000\u0000\u0000\u0000\u0000\u0000\u0000\u0000\u0000\u0000\u0000\u0000\u0000\u0000\u0000\u0000\u0000\u0000\u0000\u0000\u0000\u0000\u0000\u0000\u0000\u0000\u0000\u0000\u0000\u0000\u0000\u0000\u0000\u0000\u0000\u0000\u0000\u0000\u0000\u0000\u0000\u0000\u0000\u0000\u0000\u0000\u0000\u0000\u0000\u0000\u0000\u0000\u0000\u0000\u0000\u0000\u0000\u0000\u0000\u0000\u0000\u0000\u0000\u0000\u0000\u0000\u0000\u0000\u0000\u0000\u0000\u0000\u0000\u0000\u0000\u0000\u0000\u0000\u0000\u0000\u0000\u0000\u0000\u0000\u0000\u0000\u0000\u0000\u0000\u0000\u0000\u0000\u0000\u0000\u0000\u0000\u0000\u0000\u0000\u0000\u0000\u0000\u0000\u0000\u0000\u0000\u0000\u0000\u0000\u0000\u0000\u0000\u0000\u0000\u0000\u0000\u0000\u0000\u0000\u0000\u0000\u0000\u0000\u0000\u0000\u0000\u0000\u0000\u0000\u0000\u0000\u0000\u0000\u0000\u0000\u0000\u0000\u0000\u0000\u0000\u0000\u0000\u0000\u0000\u0000\u0000\u0000\u0000\u0000\u0000\u0000\u0000\u0000\u0000\u0000\u0000\u0000\u0000\u0000\u0000\u0000\u0000\u0000\u0000\u0000\u0000\u0000\u0000\u0000\u0000\u0000\u0000\u0000\u0000\u0000\u0000\u0000\u0000\u0000\u0000\u0000\u0000\u0000\u0000\u0000\u0000\u0000\u0000\u0000\u0000\u0000\u0000\u0000\u0000\u0000\u0000\u0000\u0000\u0000\u0000\u0000\u0000\u0000\u0000\u0000\u0000\u0000\u0000\u0000\u0000\u0000\u0000\u0000\u0000\u0000\u0000\u0000\u0000\u0000\u0000\u0000\u0000\u0000\u0000\u0000\u0000\u0000\u0000\u0000\u0000\u0000\u0000\u0000\u0000\u0000\u0000\u0000\u0000\u0000\u0000\u0000\u0000\u0000\u0000\u0000\u0000\u0000\u0000\u0000\u0000\u0000\u0000", { 'content-length': '64000',
  'content-type': 'text/plain',
  'last-modified': 'Thu, 11 Aug 2016 19:59:10 GMT',
  'accept-ranges': 'bytes',
  etag: '"0x8D3C221F5CD0A49"',
  server: 'Windows-Azure-Blob/1.0 Microsoft-HTTPAPI/2.0',
  'x-ms-request-id': '582cd917-0001-008d-5b0b-f48a6b000000',
  'x-ms-version': '2015-04-05',
  'x-ms-write-protection': 'false',
  'x-ms-lease-status': 'unlocked',
  'x-ms-lease-state': 'available',
  'x-ms-blob-type': 'PageBlob',
  'x-ms-blob-sequence-number': '0',
  date: 'Thu, 11 Aug 2016 20:00:41 GMT',
  connection: 'close' });
 return result; },
function (nock) { 
var result = 
nock('https://xplatteststorage11670.blob.core.windows.net:443')
  .get('/bootdiagnostics-xplatvm-13204df6-c66e-4598-aa70-c98f92bf8339/xplatvm.13204df6-c66e-4598-aa70-c98f92bf8339.serialconsole.log')
